[3.190s] Invoking command in '/home/robogames/Desktop/Dog/dingo_ws/src/dingo_input_interfacing': DEBUGINFOD_URLS=https://debuginfod.ubuntu.com PYTHONPATH=/home/robogames/Desktop/Dog/dingo_ws/build/dingo_input_interfacing/prefix_override:/usr/lib/python3/dist-packages/colcon_core/task/python/colcon_distutils_commands:/home/robogames/Desktop/Dog/dingo_ws/install/dingo_input_interfacing/lib/python3.12/site-packages:${PYTHONPATH} /usr/bin/python3 -W ignore:setup.py install is deprecated -W ignore:easy_install command is deprecated setup.py egg_info --egg-base ../../build/dingo_input_interfacing build --build-base /home/robogames/Desktop/Dog/dingo_ws/build/dingo_input_interfacing/build install --record /home/robogames/Desktop/Dog/dingo_ws/build/dingo_input_interfacing/install.log --single-version-externally-managed
[4.078s] running egg_info
[4.083s] creating ../../build/dingo_input_interfacing/dingo_input_interfacing.egg-info
[4.188s] writing ../../build/dingo_input_interfacing/dingo_input_interfacing.egg-info/PKG-INFO
[4.191s] writing dependency_links to ../../build/dingo_input_interfacing/dingo_input_interfacing.egg-info/dependency_links.txt
[4.191s] writing requirements to ../../build/dingo_input_interfacing/dingo_input_interfacing.egg-info/requires.txt
[4.192s] writing top-level names to ../../build/dingo_input_interfacing/dingo_input_interfacing.egg-info/top_level.txt
[4.192s] writing manifest file '../../build/dingo_input_interfacing/dingo_input_interfacing.egg-info/SOURCES.txt'
[4.310s] reading manifest file '../../build/dingo_input_interfacing/dingo_input_interfacing.egg-info/SOURCES.txt'
[4.311s] writing manifest file '../../build/dingo_input_interfacing/dingo_input_interfacing.egg-info/SOURCES.txt'
[4.318s] running build
[4.321s] running build_py
[4.321s] creating /home/robogames/Desktop/Dog/dingo_ws/build/dingo_input_interfacing/build
[4.321s] creating /home/robogames/Desktop/Dog/dingo_ws/build/dingo_input_interfacing/build/lib
[4.321s] creating /home/robogames/Desktop/Dog/dingo_ws/build/dingo_input_interfacing/build/lib/dingo_input_interfacing
[4.321s] copying src/dingo_input_interfacing/__init__.py -> /home/robogames/Desktop/Dog/dingo_ws/build/dingo_input_interfacing/build/lib/dingo_input_interfacing
[4.321s] copying src/dingo_input_interfacing/HardwareConfig.py -> /home/robogames/Desktop/Dog/dingo_ws/build/dingo_input_interfacing/build/lib/dingo_input_interfacing
[4.321s] copying src/dingo_input_interfacing/InputInterface.py -> /home/robogames/Desktop/Dog/dingo_ws/build/dingo_input_interfacing/build/lib/dingo_input_interfacing
[4.322s] copying src/dingo_input_interfacing/Keyboard.py -> /home/robogames/Desktop/Dog/dingo_ws/build/dingo_input_interfacing/build/lib/dingo_input_interfacing
[4.322s] running install
[4.341s] running install_lib
[4.475s] creating /home/robogames/Desktop/Dog/dingo_ws/install/dingo_input_interfacing/lib/python3.12/site-packages/dingo_input_interfacing
[4.475s] copying /home/robogames/Desktop/Dog/dingo_ws/build/dingo_input_interfacing/build/lib/dingo_input_interfacing/__init__.py -> /home/robogames/Desktop/Dog/dingo_ws/install/dingo_input_interfacing/lib/python3.12/site-packages/dingo_input_interfacing
[4.475s] copying /home/robogames/Desktop/Dog/dingo_ws/build/dingo_input_interfacing/build/lib/dingo_input_interfacing/HardwareConfig.py -> /home/robogames/Desktop/Dog/dingo_ws/install/dingo_input_interfacing/lib/python3.12/site-packages/dingo_input_interfacing
[4.475s] copying /home/robogames/Desktop/Dog/dingo_ws/build/dingo_input_interfacing/build/lib/dingo_input_interfacing/InputInterface.py -> /home/robogames/Desktop/Dog/dingo_ws/install/dingo_input_interfacing/lib/python3.12/site-packages/dingo_input_interfacing
[4.475s] copying /home/robogames/Desktop/Dog/dingo_ws/build/dingo_input_interfacing/build/lib/dingo_input_interfacing/Keyboard.py -> /home/robogames/Desktop/Dog/dingo_ws/install/dingo_input_interfacing/lib/python3.12/site-packages/dingo_input_interfacing
[4.477s] byte-compiling /home/robogames/Desktop/Dog/dingo_ws/install/dingo_input_interfacing/lib/python3.12/site-packages/dingo_input_interfacing/__init__.py to __init__.cpython-312.pyc
[4.483s] byte-compiling /home/robogames/Desktop/Dog/dingo_ws/install/dingo_input_interfacing/lib/python3.12/site-packages/dingo_input_interfacing/HardwareConfig.py to HardwareConfig.cpython-312.pyc
[4.484s] byte-compiling /home/robogames/Desktop/Dog/dingo_ws/install/dingo_input_interfacing/lib/python3.12/site-packages/dingo_input_interfacing/InputInterface.py to InputInterface.cpython-312.pyc
[4.485s] byte-compiling /home/robogames/Desktop/Dog/dingo_ws/install/dingo_input_interfacing/lib/python3.12/site-packages/dingo_input_interfacing/Keyboard.py to Keyboard.cpython-312.pyc
[4.493s] running install_egg_info
[4.665s] Copying ../../build/dingo_input_interfacing/dingo_input_interfacing.egg-info to /home/robogames/Desktop/Dog/dingo_ws/install/dingo_input_interfacing/lib/python3.12/site-packages/dingo_input_interfacing-0.0.0-py3.12.egg-info
[4.672s] running install_scripts
[5.479s] writing list of installed files to '/home/robogames/Desktop/Dog/dingo_ws/build/dingo_input_interfacing/install.log'
[5.692s] Invoked command in '/home/robogames/Desktop/Dog/dingo_ws/src/dingo_input_interfacing' returned '0': DEBUGINFOD_URLS=https://debuginfod.ubuntu.com PYTHONPATH=/home/robogames/Desktop/Dog/dingo_ws/build/dingo_input_interfacing/prefix_override:/usr/lib/python3/dist-packages/colcon_core/task/python/colcon_distutils_commands:/home/robogames/Desktop/Dog/dingo_ws/install/dingo_input_interfacing/lib/python3.12/site-packages:${PYTHONPATH} /usr/bin/python3 -W ignore:setup.py install is deprecated -W ignore:easy_install command is deprecated setup.py egg_info --egg-base ../../build/dingo_input_interfacing build --build-base /home/robogames/Desktop/Dog/dingo_ws/build/dingo_input_interfacing/build install --record /home/robogames/Desktop/Dog/dingo_ws/build/dingo_input_interfacing/install.log --single-version-externally-managed
