[0.082s] DEBUG:colcon:Command line arguments: ['/usr/bin/colcon', 'build', '--symlink-install']
[0.082s] DEBUG:colcon:Parsed command line arguments: Namespace(log_base=None, log_level=None, verb_name='build', build_base='build', install_base='install', merge_install=False, symlink_install=True, test_result_base=None, continue_on_error=False, executor='parallel', parallel_workers=12, event_handlers=None, ignore_user_meta=False, metas=['./colcon.meta'], base_paths=['.'], packages_ignore=None, packages_ignore_regex=None, paths=None, packages_up_to=None, packages_up_to_regex=None, packages_above=None, packages_above_and_dependencies=None, packages_above_depth=None, packages_select_by_dep=None, packages_skip_by_dep=None, packages_skip_up_to=None, packages_select_build_failed=False, packages_skip_build_finished=False, packages_select_test_failures=False, packages_skip_test_passed=False, packages_select=None, packages_skip=None, packages_select_regex=None, packages_skip_regex=None, packages_start=None, packages_end=None, cmake_args=None, cmake_target=None, cmake_target_skip_unavailable=False, cmake_clean_cache=False, cmake_clean_first=False, cmake_force_configure=False, ament_cmake_args=None, catkin_cmake_args=None, catkin_skip_building_tests=False, verb_parser=<colcon_defaults.argument_parser.defaults.DefaultArgumentsDecorator object at 0x79bce2266ab0>, verb_extension=<colcon_core.verb.build.BuildVerb object at 0x79bce237ecc0>, main=<bound method BuildVerb.main of <colcon_core.verb.build.BuildVerb object at 0x79bce237ecc0>>)
[0.111s] Level 1:colcon.colcon_core.package_discovery:discover_packages(colcon_meta) check parameters
[0.111s] Level 1:colcon.colcon_core.package_discovery:discover_packages(recursive) check parameters
[0.111s] Level 1:colcon.colcon_core.package_discovery:discover_packages(ignore) check parameters
[0.111s] Level 1:colcon.colcon_core.package_discovery:discover_packages(path) check parameters
[0.111s] Level 1:colcon.colcon_core.package_discovery:discover_packages(colcon_meta) discover
[0.111s] Level 1:colcon.colcon_core.package_discovery:discover_packages(recursive) discover
[0.111s] INFO:colcon.colcon_core.package_discovery:Crawling recursively for packages in '/home/vtcro/Desktop/Dog/dingo_ws'
[0.111s] Level 1:colcon.colcon_core.package_identification:_identify(.) by extensions ['ignore', 'ignore_ament_install']
[0.111s] Level 1:colcon.colcon_core.package_identification:_identify(.) by extension 'ignore'
[0.112s] Level 1:colcon.colcon_core.package_identification:_identify(.) by extension 'ignore_ament_install'
[0.112s] Level 1:colcon.colcon_core.package_identification:_identify(.) by extensions ['colcon_pkg']
[0.112s] Level 1:colcon.colcon_core.package_identification:_identify(.) by extension 'colcon_pkg'
[0.112s] Level 1:colcon.colcon_core.package_identification:_identify(.) by extensions ['colcon_meta']
[0.112s] Level 1:colcon.colcon_core.package_identification:_identify(.) by extension 'colcon_meta'
[0.112s] Level 1:colcon.colcon_core.package_identification:_identify(.) by extensions ['ros']
[0.112s] Level 1:colcon.colcon_core.package_identification:_identify(.) by extension 'ros'
[0.129s] Level 1:colcon.colcon_core.package_identification:_identify(.) by extensions ['cmake', 'python']
[0.130s] Level 1:colcon.colcon_core.package_identification:_identify(.) by extension 'cmake'
[0.130s] Level 1:colcon.colcon_core.package_identification:_identify(.) by extension 'python'
[0.130s] Level 1:colcon.colcon_core.package_identification:_identify(.) by extensions ['python_setup_py']
[0.130s] Level 1:colcon.colcon_core.package_identification:_identify(.) by extension 'python_setup_py'
[0.130s] Level 1:colcon.colcon_core.package_identification:_identify(build) by extensions ['ignore', 'ignore_ament_install']
[0.130s] Level 1:colcon.colcon_core.package_identification:_identify(build) by extension 'ignore'
[0.130s] Level 1:colcon.colcon_core.package_identification:_identify(build) ignored
[0.130s] Level 1:colcon.colcon_core.package_identification:_identify(install) by extensions ['ignore', 'ignore_ament_install']
[0.130s] Level 1:colcon.colcon_core.package_identification:_identify(install) by extension 'ignore'
[0.130s] Level 1:colcon.colcon_core.package_identification:_identify(install) ignored
[0.130s] Level 1:colcon.colcon_core.package_identification:_identify(log) by extensions ['ignore', 'ignore_ament_install']
[0.130s] Level 1:colcon.colcon_core.package_identification:_identify(log) by extension 'ignore'
[0.130s] Level 1:colcon.colcon_core.package_identification:_identify(log) ignored
[0.130s] Level 1:colcon.colcon_core.package_identification:_identify(src) by extensions ['ignore', 'ignore_ament_install']
[0.130s] Level 1:colcon.colcon_core.package_identification:_identify(src) by extension 'ignore'
[0.130s] Level 1:colcon.colcon_core.package_identification:_identify(src) by extension 'ignore_ament_install'
[0.130s] Level 1:colcon.colcon_core.package_identification:_identify(src) by extensions ['colcon_pkg']
[0.130s] Level 1:colcon.colcon_core.package_identification:_identify(src) by extension 'colcon_pkg'
[0.130s] Level 1:colcon.colcon_core.package_identification:_identify(src) by extensions ['colcon_meta']
[0.130s] Level 1:colcon.colcon_core.package_identification:_identify(src) by extension 'colcon_meta'
[0.130s] Level 1:colcon.colcon_core.package_identification:_identify(src) by extensions ['ros']
[0.130s] Level 1:colcon.colcon_core.package_identification:_identify(src) by extension 'ros'
[0.130s] Level 1:colcon.colcon_core.package_identification:_identify(src) by extensions ['cmake', 'python']
[0.130s] Level 1:colcon.colcon_core.package_identification:_identify(src) by extension 'cmake'
[0.131s] Level 1:colcon.colcon_core.package_identification:_identify(src) by extension 'python'
[0.131s] Level 1:colcon.colcon_core.package_identification:_identify(src) by extensions ['python_setup_py']
[0.131s] Level 1:colcon.colcon_core.package_identification:_identify(src) by extension 'python_setup_py'
[0.131s] Level 1:colcon.colcon_core.package_identification:_identify(src/dingo) by extensions ['ignore', 'ignore_ament_install']
[0.131s] Level 1:colcon.colcon_core.package_identification:_identify(src/dingo) by extension 'ignore'
[0.131s] Level 1:colcon.colcon_core.package_identification:_identify(src/dingo) by extension 'ignore_ament_install'
[0.131s] Level 1:colcon.colcon_core.package_identification:_identify(src/dingo) by extensions ['colcon_pkg']
[0.131s] Level 1:colcon.colcon_core.package_identification:_identify(src/dingo) by extension 'colcon_pkg'
[0.131s] Level 1:colcon.colcon_core.package_identification:_identify(src/dingo) by extensions ['colcon_meta']
[0.131s] Level 1:colcon.colcon_core.package_identification:_identify(src/dingo) by extension 'colcon_meta'
[0.131s] Level 1:colcon.colcon_core.package_identification:_identify(src/dingo) by extensions ['ros']
[0.131s] Level 1:colcon.colcon_core.package_identification:_identify(src/dingo) by extension 'ros'
[0.132s] DEBUG:colcon.colcon_core.package_identification:Package 'src/dingo' with type 'ros.ament_python' and name 'dingo'
[0.133s] Level 1:colcon.colcon_core.package_identification:_identify(src/dingo_control) by extensions ['ignore', 'ignore_ament_install']
[0.133s] Level 1:colcon.colcon_core.package_identification:_identify(src/dingo_control) by extension 'ignore'
[0.133s] Level 1:colcon.colcon_core.package_identification:_identify(src/dingo_control) by extension 'ignore_ament_install'
[0.133s] Level 1:colcon.colcon_core.package_identification:_identify(src/dingo_control) by extensions ['colcon_pkg']
[0.133s] Level 1:colcon.colcon_core.package_identification:_identify(src/dingo_control) by extension 'colcon_pkg'
[0.133s] Level 1:colcon.colcon_core.package_identification:_identify(src/dingo_control) by extensions ['colcon_meta']
[0.133s] Level 1:colcon.colcon_core.package_identification:_identify(src/dingo_control) by extension 'colcon_meta'
[0.133s] Level 1:colcon.colcon_core.package_identification:_identify(src/dingo_control) by extensions ['ros']
[0.133s] Level 1:colcon.colcon_core.package_identification:_identify(src/dingo_control) by extension 'ros'
[0.133s] DEBUG:colcon.colcon_core.package_identification:Package 'src/dingo_control' with type 'ros.ament_python' and name 'dingo_control'
[0.133s] Level 1:colcon.colcon_core.package_identification:_identify(src/dingo_description) by extensions ['ignore', 'ignore_ament_install']
[0.133s] Level 1:colcon.colcon_core.package_identification:_identify(src/dingo_description) by extension 'ignore'
[0.133s] Level 1:colcon.colcon_core.package_identification:_identify(src/dingo_description) by extension 'ignore_ament_install'
[0.133s] Level 1:colcon.colcon_core.package_identification:_identify(src/dingo_description) by extensions ['colcon_pkg']
[0.133s] Level 1:colcon.colcon_core.package_identification:_identify(src/dingo_description) by extension 'colcon_pkg'
[0.133s] Level 1:colcon.colcon_core.package_identification:_identify(src/dingo_description) by extensions ['colcon_meta']
[0.133s] Level 1:colcon.colcon_core.package_identification:_identify(src/dingo_description) by extension 'colcon_meta'
[0.133s] Level 1:colcon.colcon_core.package_identification:_identify(src/dingo_description) by extensions ['ros']
[0.133s] Level 1:colcon.colcon_core.package_identification:_identify(src/dingo_description) by extension 'ros'
[0.134s] DEBUG:colcon.colcon_core.package_identification:Package 'src/dingo_description' with type 'ros.ament_python' and name 'dingo_description'
[0.134s] Level 1:colcon.colcon_core.package_identification:_identify(src/dingo_gazebo) by extensions ['ignore', 'ignore_ament_install']
[0.134s] Level 1:colcon.colcon_core.package_identification:_identify(src/dingo_gazebo) by extension 'ignore'
[0.134s] Level 1:colcon.colcon_core.package_identification:_identify(src/dingo_gazebo) by extension 'ignore_ament_install'
[0.134s] Level 1:colcon.colcon_core.package_identification:_identify(src/dingo_gazebo) by extensions ['colcon_pkg']
[0.134s] Level 1:colcon.colcon_core.package_identification:_identify(src/dingo_gazebo) by extension 'colcon_pkg'
[0.134s] Level 1:colcon.colcon_core.package_identification:_identify(src/dingo_gazebo) by extensions ['colcon_meta']
[0.134s] Level 1:colcon.colcon_core.package_identification:_identify(src/dingo_gazebo) by extension 'colcon_meta'
[0.134s] Level 1:colcon.colcon_core.package_identification:_identify(src/dingo_gazebo) by extensions ['ros']
[0.134s] Level 1:colcon.colcon_core.package_identification:_identify(src/dingo_gazebo) by extension 'ros'
[0.135s] DEBUG:colcon.colcon_core.package_identification:Package 'src/dingo_gazebo' with type 'ros.ament_python' and name 'dingo_gazebo'
[0.135s] Level 1:colcon.colcon_core.package_identification:_identify(src/dingo_input_interfacing) by extensions ['ignore', 'ignore_ament_install']
[0.135s] Level 1:colcon.colcon_core.package_identification:_identify(src/dingo_input_interfacing) by extension 'ignore'
[0.135s] Level 1:colcon.colcon_core.package_identification:_identify(src/dingo_input_interfacing) by extension 'ignore_ament_install'
[0.135s] Level 1:colcon.colcon_core.package_identification:_identify(src/dingo_input_interfacing) by extensions ['colcon_pkg']
[0.135s] Level 1:colcon.colcon_core.package_identification:_identify(src/dingo_input_interfacing) by extension 'colcon_pkg'
[0.135s] Level 1:colcon.colcon_core.package_identification:_identify(src/dingo_input_interfacing) by extensions ['colcon_meta']
[0.135s] Level 1:colcon.colcon_core.package_identification:_identify(src/dingo_input_interfacing) by extension 'colcon_meta'
[0.135s] Level 1:colcon.colcon_core.package_identification:_identify(src/dingo_input_interfacing) by extensions ['ros']
[0.135s] Level 1:colcon.colcon_core.package_identification:_identify(src/dingo_input_interfacing) by extension 'ros'
[0.135s] DEBUG:colcon.colcon_core.package_identification:Package 'src/dingo_input_interfacing' with type 'ros.ament_python' and name 'dingo_input_interfacing'
[0.135s] Level 1:colcon.colcon_core.package_identification:_identify(src/dingo_msgs) by extensions ['ignore', 'ignore_ament_install']
[0.135s] Level 1:colcon.colcon_core.package_identification:_identify(src/dingo_msgs) by extension 'ignore'
[0.135s] Level 1:colcon.colcon_core.package_identification:_identify(src/dingo_msgs) by extension 'ignore_ament_install'
[0.135s] Level 1:colcon.colcon_core.package_identification:_identify(src/dingo_msgs) by extensions ['colcon_pkg']
[0.135s] Level 1:colcon.colcon_core.package_identification:_identify(src/dingo_msgs) by extension 'colcon_pkg'
[0.135s] Level 1:colcon.colcon_core.package_identification:_identify(src/dingo_msgs) by extensions ['colcon_meta']
[0.135s] Level 1:colcon.colcon_core.package_identification:_identify(src/dingo_msgs) by extension 'colcon_meta'
[0.135s] Level 1:colcon.colcon_core.package_identification:_identify(src/dingo_msgs) by extensions ['ros']
[0.136s] Level 1:colcon.colcon_core.package_identification:_identify(src/dingo_msgs) by extension 'ros'
[0.136s] DEBUG:colcon.colcon_core.package_identification:Package 'src/dingo_msgs' with type 'ros.ament_cmake' and name 'dingo_msgs'
[0.136s] Level 1:colcon.colcon_core.package_identification:_identify(src/dingo_peripheral_interfacing) by extensions ['ignore', 'ignore_ament_install']
[0.136s] Level 1:colcon.colcon_core.package_identification:_identify(src/dingo_peripheral_interfacing) by extension 'ignore'
[0.136s] Level 1:colcon.colcon_core.package_identification:_identify(src/dingo_peripheral_interfacing) by extension 'ignore_ament_install'
[0.136s] Level 1:colcon.colcon_core.package_identification:_identify(src/dingo_peripheral_interfacing) by extensions ['colcon_pkg']
[0.136s] Level 1:colcon.colcon_core.package_identification:_identify(src/dingo_peripheral_interfacing) by extension 'colcon_pkg'
[0.136s] Level 1:colcon.colcon_core.package_identification:_identify(src/dingo_peripheral_interfacing) by extensions ['colcon_meta']
[0.136s] Level 1:colcon.colcon_core.package_identification:_identify(src/dingo_peripheral_interfacing) by extension 'colcon_meta'
[0.136s] Level 1:colcon.colcon_core.package_identification:_identify(src/dingo_peripheral_interfacing) by extensions ['ros']
[0.136s] Level 1:colcon.colcon_core.package_identification:_identify(src/dingo_peripheral_interfacing) by extension 'ros'
[0.136s] DEBUG:colcon.colcon_core.package_identification:Package 'src/dingo_peripheral_interfacing' with type 'ros.ament_python' and name 'dingo_peripheral_interfacing'
[0.136s] Level 1:colcon.colcon_core.package_identification:_identify(src/dingo_servo_interfacing) by extensions ['ignore', 'ignore_ament_install']
[0.137s] Level 1:colcon.colcon_core.package_identification:_identify(src/dingo_servo_interfacing) by extension 'ignore'
[0.137s] Level 1:colcon.colcon_core.package_identification:_identify(src/dingo_servo_interfacing) by extension 'ignore_ament_install'
[0.137s] Level 1:colcon.colcon_core.package_identification:_identify(src/dingo_servo_interfacing) by extensions ['colcon_pkg']
[0.137s] Level 1:colcon.colcon_core.package_identification:_identify(src/dingo_servo_interfacing) by extension 'colcon_pkg'
[0.137s] Level 1:colcon.colcon_core.package_identification:_identify(src/dingo_servo_interfacing) by extensions ['colcon_meta']
[0.137s] Level 1:colcon.colcon_core.package_identification:_identify(src/dingo_servo_interfacing) by extension 'colcon_meta'
[0.137s] Level 1:colcon.colcon_core.package_identification:_identify(src/dingo_servo_interfacing) by extensions ['ros']
[0.137s] Level 1:colcon.colcon_core.package_identification:_identify(src/dingo_servo_interfacing) by extension 'ros'
[0.137s] DEBUG:colcon.colcon_core.package_identification:Package 'src/dingo_servo_interfacing' with type 'ros.ament_python' and name 'dingo_servo_interfacing'
[0.137s] Level 1:colcon.colcon_core.package_identification:_identify(src/dingo_utilities) by extensions ['ignore', 'ignore_ament_install']
[0.137s] Level 1:colcon.colcon_core.package_identification:_identify(src/dingo_utilities) by extension 'ignore'
[0.137s] Level 1:colcon.colcon_core.package_identification:_identify(src/dingo_utilities) by extension 'ignore_ament_install'
[0.137s] Level 1:colcon.colcon_core.package_identification:_identify(src/dingo_utilities) by extensions ['colcon_pkg']
[0.137s] Level 1:colcon.colcon_core.package_identification:_identify(src/dingo_utilities) by extension 'colcon_pkg'
[0.137s] Level 1:colcon.colcon_core.package_identification:_identify(src/dingo_utilities) by extensions ['colcon_meta']
[0.137s] Level 1:colcon.colcon_core.package_identification:_identify(src/dingo_utilities) by extension 'colcon_meta'
[0.137s] Level 1:colcon.colcon_core.package_identification:_identify(src/dingo_utilities) by extensions ['ros']
[0.137s] Level 1:colcon.colcon_core.package_identification:_identify(src/dingo_utilities) by extension 'ros'
[0.138s] DEBUG:colcon.colcon_core.package_identification:Package 'src/dingo_utilities' with type 'ros.ament_python' and name 'dingo_utilities'
[0.138s] Level 1:colcon.colcon_core.package_discovery:discover_packages(recursive) using defaults
[0.138s] Level 1:colcon.colcon_core.package_discovery:discover_packages(ignore) discover
[0.138s] Level 1:colcon.colcon_core.package_discovery:discover_packages(ignore) using defaults
[0.138s] Level 1:colcon.colcon_core.package_discovery:discover_packages(path) discover
[0.138s] Level 1:colcon.colcon_core.package_discovery:discover_packages(path) using defaults
[0.151s] Level 5:colcon.colcon_core.verb:set package 'dingo' build argument 'cmake_args' from command line to 'None'
[0.151s] Level 5:colcon.colcon_core.verb:set package 'dingo' build argument 'cmake_target' from command line to 'None'
[0.151s] Level 5:colcon.colcon_core.verb:set package 'dingo' build argument 'cmake_target_skip_unavailable' from command line to 'False'
[0.152s] Level 5:colcon.colcon_core.verb:set package 'dingo' build argument 'cmake_clean_cache' from command line to 'False'
[0.152s] Level 5:colcon.colcon_core.verb:set package 'dingo' build argument 'cmake_clean_first' from command line to 'False'
[0.152s] Level 5:colcon.colcon_core.verb:set package 'dingo' build argument 'cmake_force_configure' from command line to 'False'
[0.152s] Level 5:colcon.colcon_core.verb:set package 'dingo' build argument 'ament_cmake_args' from command line to 'None'
[0.152s] Level 5:colcon.colcon_core.verb:set package 'dingo' build argument 'catkin_cmake_args' from command line to 'None'
[0.152s] Level 5:colcon.colcon_core.verb:set package 'dingo' build argument 'catkin_skip_building_tests' from command line to 'False'
[0.152s] DEBUG:colcon.colcon_core.verb:Building package 'dingo' with the following arguments: {'ament_cmake_args': None, 'build_base': '/home/vtcro/Desktop/Dog/dingo_ws/build/dingo', 'catkin_cmake_args': None, 'catkin_skip_building_tests': False, 'cmake_args': None, 'cmake_clean_cache': False, 'cmake_clean_first': False, 'cmake_force_configure': False, 'cmake_target': None, 'cmake_target_skip_unavailable': False, 'install_base': '/home/vtcro/Desktop/Dog/dingo_ws/install/dingo', 'merge_install': False, 'path': '/home/vtcro/Desktop/Dog/dingo_ws/src/dingo', 'symlink_install': True, 'test_result_base': None}
[0.152s] Level 5:colcon.colcon_core.verb:set package 'dingo_control' build argument 'cmake_args' from command line to 'None'
[0.152s] Level 5:colcon.colcon_core.verb:set package 'dingo_control' build argument 'cmake_target' from command line to 'None'
[0.152s] Level 5:colcon.colcon_core.verb:set package 'dingo_control' build argument 'cmake_target_skip_unavailable' from command line to 'False'
[0.152s] Level 5:colcon.colcon_core.verb:set package 'dingo_control' build argument 'cmake_clean_cache' from command line to 'False'
[0.152s] Level 5:colcon.colcon_core.verb:set package 'dingo_control' build argument 'cmake_clean_first' from command line to 'False'
[0.152s] Level 5:colcon.colcon_core.verb:set package 'dingo_control' build argument 'cmake_force_configure' from command line to 'False'
[0.152s] Level 5:colcon.colcon_core.verb:set package 'dingo_control' build argument 'ament_cmake_args' from command line to 'None'
[0.152s] Level 5:colcon.colcon_core.verb:set package 'dingo_control' build argument 'catkin_cmake_args' from command line to 'None'
[0.152s] Level 5:colcon.colcon_core.verb:set package 'dingo_control' build argument 'catkin_skip_building_tests' from command line to 'False'
[0.152s] DEBUG:colcon.colcon_core.verb:Building package 'dingo_control' with the following arguments: {'ament_cmake_args': None, 'build_base': '/home/vtcro/Desktop/Dog/dingo_ws/build/dingo_control', 'catkin_cmake_args': None, 'catkin_skip_building_tests': False, 'cmake_args': None, 'cmake_clean_cache': False, 'cmake_clean_first': False, 'cmake_force_configure': False, 'cmake_target': None, 'cmake_target_skip_unavailable': False, 'install_base': '/home/vtcro/Desktop/Dog/dingo_ws/install/dingo_control', 'merge_install': False, 'path': '/home/vtcro/Desktop/Dog/dingo_ws/src/dingo_control', 'symlink_install': True, 'test_result_base': None}
[0.152s] Level 5:colcon.colcon_core.verb:set package 'dingo_description' build argument 'cmake_args' from command line to 'None'
[0.152s] Level 5:colcon.colcon_core.verb:set package 'dingo_description' build argument 'cmake_target' from command line to 'None'
[0.152s] Level 5:colcon.colcon_core.verb:set package 'dingo_description' build argument 'cmake_target_skip_unavailable' from command line to 'False'
[0.152s] Level 5:colcon.colcon_core.verb:set package 'dingo_description' build argument 'cmake_clean_cache' from command line to 'False'
[0.152s] Level 5:colcon.colcon_core.verb:set package 'dingo_description' build argument 'cmake_clean_first' from command line to 'False'
[0.152s] Level 5:colcon.colcon_core.verb:set package 'dingo_description' build argument 'cmake_force_configure' from command line to 'False'
[0.152s] Level 5:colcon.colcon_core.verb:set package 'dingo_description' build argument 'ament_cmake_args' from command line to 'None'
[0.152s] Level 5:colcon.colcon_core.verb:set package 'dingo_description' build argument 'catkin_cmake_args' from command line to 'None'
[0.152s] Level 5:colcon.colcon_core.verb:set package 'dingo_description' build argument 'catkin_skip_building_tests' from command line to 'False'
[0.152s] DEBUG:colcon.colcon_core.verb:Building package 'dingo_description' with the following arguments: {'ament_cmake_args': None, 'build_base': '/home/vtcro/Desktop/Dog/dingo_ws/build/dingo_description', 'catkin_cmake_args': None, 'catkin_skip_building_tests': False, 'cmake_args': None, 'cmake_clean_cache': False, 'cmake_clean_first': False, 'cmake_force_configure': False, 'cmake_target': None, 'cmake_target_skip_unavailable': False, 'install_base': '/home/vtcro/Desktop/Dog/dingo_ws/install/dingo_description', 'merge_install': False, 'path': '/home/vtcro/Desktop/Dog/dingo_ws/src/dingo_description', 'symlink_install': True, 'test_result_base': None}
[0.152s] Level 5:colcon.colcon_core.verb:set package 'dingo_gazebo' build argument 'cmake_args' from command line to 'None'
[0.152s] Level 5:colcon.colcon_core.verb:set package 'dingo_gazebo' build argument 'cmake_target' from command line to 'None'
[0.152s] Level 5:colcon.colcon_core.verb:set package 'dingo_gazebo' build argument 'cmake_target_skip_unavailable' from command line to 'False'
[0.152s] Level 5:colcon.colcon_core.verb:set package 'dingo_gazebo' build argument 'cmake_clean_cache' from command line to 'False'
[0.152s] Level 5:colcon.colcon_core.verb:set package 'dingo_gazebo' build argument 'cmake_clean_first' from command line to 'False'
[0.152s] Level 5:colcon.colcon_core.verb:set package 'dingo_gazebo' build argument 'cmake_force_configure' from command line to 'False'
[0.152s] Level 5:colcon.colcon_core.verb:set package 'dingo_gazebo' build argument 'ament_cmake_args' from command line to 'None'
[0.152s] Level 5:colcon.colcon_core.verb:set package 'dingo_gazebo' build argument 'catkin_cmake_args' from command line to 'None'
[0.152s] Level 5:colcon.colcon_core.verb:set package 'dingo_gazebo' build argument 'catkin_skip_building_tests' from command line to 'False'
[0.152s] DEBUG:colcon.colcon_core.verb:Building package 'dingo_gazebo' with the following arguments: {'ament_cmake_args': None, 'build_base': '/home/vtcro/Desktop/Dog/dingo_ws/build/dingo_gazebo', 'catkin_cmake_args': None, 'catkin_skip_building_tests': False, 'cmake_args': None, 'cmake_clean_cache': False, 'cmake_clean_first': False, 'cmake_force_configure': False, 'cmake_target': None, 'cmake_target_skip_unavailable': False, 'install_base': '/home/vtcro/Desktop/Dog/dingo_ws/install/dingo_gazebo', 'merge_install': False, 'path': '/home/vtcro/Desktop/Dog/dingo_ws/src/dingo_gazebo', 'symlink_install': True, 'test_result_base': None}
[0.153s] Level 5:colcon.colcon_core.verb:set package 'dingo_input_interfacing' build argument 'cmake_args' from command line to 'None'
[0.153s] Level 5:colcon.colcon_core.verb:set package 'dingo_input_interfacing' build argument 'cmake_target' from command line to 'None'
[0.153s] Level 5:colcon.colcon_core.verb:set package 'dingo_input_interfacing' build argument 'cmake_target_skip_unavailable' from command line to 'False'
[0.153s] Level 5:colcon.colcon_core.verb:set package 'dingo_input_interfacing' build argument 'cmake_clean_cache' from command line to 'False'
[0.153s] Level 5:colcon.colcon_core.verb:set package 'dingo_input_interfacing' build argument 'cmake_clean_first' from command line to 'False'
[0.153s] Level 5:colcon.colcon_core.verb:set package 'dingo_input_interfacing' build argument 'cmake_force_configure' from command line to 'False'
[0.153s] Level 5:colcon.colcon_core.verb:set package 'dingo_input_interfacing' build argument 'ament_cmake_args' from command line to 'None'
[0.153s] Level 5:colcon.colcon_core.verb:set package 'dingo_input_interfacing' build argument 'catkin_cmake_args' from command line to 'None'
[0.153s] Level 5:colcon.colcon_core.verb:set package 'dingo_input_interfacing' build argument 'catkin_skip_building_tests' from command line to 'False'
[0.153s] DEBUG:colcon.colcon_core.verb:Building package 'dingo_input_interfacing' with the following arguments: {'ament_cmake_args': None, 'build_base': '/home/vtcro/Desktop/Dog/dingo_ws/build/dingo_input_interfacing', 'catkin_cmake_args': None, 'catkin_skip_building_tests': False, 'cmake_args': None, 'cmake_clean_cache': False, 'cmake_clean_first': False, 'cmake_force_configure': False, 'cmake_target': None, 'cmake_target_skip_unavailable': False, 'install_base': '/home/vtcro/Desktop/Dog/dingo_ws/install/dingo_input_interfacing', 'merge_install': False, 'path': '/home/vtcro/Desktop/Dog/dingo_ws/src/dingo_input_interfacing', 'symlink_install': True, 'test_result_base': None}
[0.153s] Level 5:colcon.colcon_core.verb:set package 'dingo_msgs' build argument 'cmake_args' from command line to 'None'
[0.153s] Level 5:colcon.colcon_core.verb:set package 'dingo_msgs' build argument 'cmake_target' from command line to 'None'
[0.153s] Level 5:colcon.colcon_core.verb:set package 'dingo_msgs' build argument 'cmake_target_skip_unavailable' from command line to 'False'
[0.153s] Level 5:colcon.colcon_core.verb:set package 'dingo_msgs' build argument 'cmake_clean_cache' from command line to 'False'
[0.153s] Level 5:colcon.colcon_core.verb:set package 'dingo_msgs' build argument 'cmake_clean_first' from command line to 'False'
[0.153s] Level 5:colcon.colcon_core.verb:set package 'dingo_msgs' build argument 'cmake_force_configure' from command line to 'False'
[0.153s] Level 5:colcon.colcon_core.verb:set package 'dingo_msgs' build argument 'ament_cmake_args' from command line to 'None'
[0.153s] Level 5:colcon.colcon_core.verb:set package 'dingo_msgs' build argument 'catkin_cmake_args' from command line to 'None'
[0.153s] Level 5:colcon.colcon_core.verb:set package 'dingo_msgs' build argument 'catkin_skip_building_tests' from command line to 'False'
[0.153s] DEBUG:colcon.colcon_core.verb:Building package 'dingo_msgs' with the following arguments: {'ament_cmake_args': None, 'build_base': '/home/vtcro/Desktop/Dog/dingo_ws/build/dingo_msgs', 'catkin_cmake_args': None, 'catkin_skip_building_tests': False, 'cmake_args': None, 'cmake_clean_cache': False, 'cmake_clean_first': False, 'cmake_force_configure': False, 'cmake_target': None, 'cmake_target_skip_unavailable': False, 'install_base': '/home/vtcro/Desktop/Dog/dingo_ws/install/dingo_msgs', 'merge_install': False, 'path': '/home/vtcro/Desktop/Dog/dingo_ws/src/dingo_msgs', 'symlink_install': True, 'test_result_base': None}
[0.153s] Level 5:colcon.colcon_core.verb:set package 'dingo_peripheral_interfacing' build argument 'cmake_args' from command line to 'None'
[0.153s] Level 5:colcon.colcon_core.verb:set package 'dingo_peripheral_interfacing' build argument 'cmake_target' from command line to 'None'
[0.153s] Level 5:colcon.colcon_core.verb:set package 'dingo_peripheral_interfacing' build argument 'cmake_target_skip_unavailable' from command line to 'False'
[0.153s] Level 5:colcon.colcon_core.verb:set package 'dingo_peripheral_interfacing' build argument 'cmake_clean_cache' from command line to 'False'
[0.153s] Level 5:colcon.colcon_core.verb:set package 'dingo_peripheral_interfacing' build argument 'cmake_clean_first' from command line to 'False'
[0.153s] Level 5:colcon.colcon_core.verb:set package 'dingo_peripheral_interfacing' build argument 'cmake_force_configure' from command line to 'False'
[0.153s] Level 5:colcon.colcon_core.verb:set package 'dingo_peripheral_interfacing' build argument 'ament_cmake_args' from command line to 'None'
[0.153s] Level 5:colcon.colcon_core.verb:set package 'dingo_peripheral_interfacing' build argument 'catkin_cmake_args' from command line to 'None'
[0.153s] Level 5:colcon.colcon_core.verb:set package 'dingo_peripheral_interfacing' build argument 'catkin_skip_building_tests' from command line to 'False'
[0.153s] DEBUG:colcon.colcon_core.verb:Building package 'dingo_peripheral_interfacing' with the following arguments: {'ament_cmake_args': None, 'build_base': '/home/vtcro/Desktop/Dog/dingo_ws/build/dingo_peripheral_interfacing', 'catkin_cmake_args': None, 'catkin_skip_building_tests': False, 'cmake_args': None, 'cmake_clean_cache': False, 'cmake_clean_first': False, 'cmake_force_configure': False, 'cmake_target': None, 'cmake_target_skip_unavailable': False, 'install_base': '/home/vtcro/Desktop/Dog/dingo_ws/install/dingo_peripheral_interfacing', 'merge_install': False, 'path': '/home/vtcro/Desktop/Dog/dingo_ws/src/dingo_peripheral_interfacing', 'symlink_install': True, 'test_result_base': None}
[0.153s] Level 5:colcon.colcon_core.verb:set package 'dingo_servo_interfacing' build argument 'cmake_args' from command line to 'None'
[0.153s] Level 5:colcon.colcon_core.verb:set package 'dingo_servo_interfacing' build argument 'cmake_target' from command line to 'None'
[0.154s] Level 5:colcon.colcon_core.verb:set package 'dingo_servo_interfacing' build argument 'cmake_target_skip_unavailable' from command line to 'False'
[0.154s] Level 5:colcon.colcon_core.verb:set package 'dingo_servo_interfacing' build argument 'cmake_clean_cache' from command line to 'False'
[0.154s] Level 5:colcon.colcon_core.verb:set package 'dingo_servo_interfacing' build argument 'cmake_clean_first' from command line to 'False'
[0.154s] Level 5:colcon.colcon_core.verb:set package 'dingo_servo_interfacing' build argument 'cmake_force_configure' from command line to 'False'
[0.154s] Level 5:colcon.colcon_core.verb:set package 'dingo_servo_interfacing' build argument 'ament_cmake_args' from command line to 'None'
[0.154s] Level 5:colcon.colcon_core.verb:set package 'dingo_servo_interfacing' build argument 'catkin_cmake_args' from command line to 'None'
[0.154s] Level 5:colcon.colcon_core.verb:set package 'dingo_servo_interfacing' build argument 'catkin_skip_building_tests' from command line to 'False'
[0.154s] DEBUG:colcon.colcon_core.verb:Building package 'dingo_servo_interfacing' with the following arguments: {'ament_cmake_args': None, 'build_base': '/home/vtcro/Desktop/Dog/dingo_ws/build/dingo_servo_interfacing', 'catkin_cmake_args': None, 'catkin_skip_building_tests': False, 'cmake_args': None, 'cmake_clean_cache': False, 'cmake_clean_first': False, 'cmake_force_configure': False, 'cmake_target': None, 'cmake_target_skip_unavailable': False, 'install_base': '/home/vtcro/Desktop/Dog/dingo_ws/install/dingo_servo_interfacing', 'merge_install': False, 'path': '/home/vtcro/Desktop/Dog/dingo_ws/src/dingo_servo_interfacing', 'symlink_install': True, 'test_result_base': None}
[0.154s] Level 5:colcon.colcon_core.verb:set package 'dingo_utilities' build argument 'cmake_args' from command line to 'None'
[0.154s] Level 5:colcon.colcon_core.verb:set package 'dingo_utilities' build argument 'cmake_target' from command line to 'None'
[0.154s] Level 5:colcon.colcon_core.verb:set package 'dingo_utilities' build argument 'cmake_target_skip_unavailable' from command line to 'False'
[0.154s] Level 5:colcon.colcon_core.verb:set package 'dingo_utilities' build argument 'cmake_clean_cache' from command line to 'False'
[0.154s] Level 5:colcon.colcon_core.verb:set package 'dingo_utilities' build argument 'cmake_clean_first' from command line to 'False'
[0.154s] Level 5:colcon.colcon_core.verb:set package 'dingo_utilities' build argument 'cmake_force_configure' from command line to 'False'
[0.154s] Level 5:colcon.colcon_core.verb:set package 'dingo_utilities' build argument 'ament_cmake_args' from command line to 'None'
[0.154s] Level 5:colcon.colcon_core.verb:set package 'dingo_utilities' build argument 'catkin_cmake_args' from command line to 'None'
[0.154s] Level 5:colcon.colcon_core.verb:set package 'dingo_utilities' build argument 'catkin_skip_building_tests' from command line to 'False'
[0.154s] DEBUG:colcon.colcon_core.verb:Building package 'dingo_utilities' with the following arguments: {'ament_cmake_args': None, 'build_base': '/home/vtcro/Desktop/Dog/dingo_ws/build/dingo_utilities', 'catkin_cmake_args': None, 'catkin_skip_building_tests': False, 'cmake_args': None, 'cmake_clean_cache': False, 'cmake_clean_first': False, 'cmake_force_configure': False, 'cmake_target': None, 'cmake_target_skip_unavailable': False, 'install_base': '/home/vtcro/Desktop/Dog/dingo_ws/install/dingo_utilities', 'merge_install': False, 'path': '/home/vtcro/Desktop/Dog/dingo_ws/src/dingo_utilities', 'symlink_install': True, 'test_result_base': None}
[0.154s] INFO:colcon.colcon_core.executor:Executing jobs using 'parallel' executor
[0.154s] DEBUG:colcon.colcon_parallel_executor.executor.parallel:run_until_complete
[0.155s] INFO:colcon.colcon_ros.task.ament_python.build:Building ROS package in '/home/vtcro/Desktop/Dog/dingo_ws/src/dingo' with build type 'ament_python'
[0.155s] Level 1:colcon.colcon_core.shell:create_environment_hook('dingo', 'ament_prefix_path')
[0.156s] INFO:colcon.colcon_core.plugin_system:Skipping extension 'colcon_core.shell.bat': Not used on non-Windows systems
[0.157s] INFO:colcon.colcon_core.shell:Creating environment descriptor '/home/vtcro/Desktop/Dog/dingo_ws/install/dingo/share/dingo/hook/ament_prefix_path.dsv'
[0.157s] INFO:colcon.colcon_core.shell:Creating environment hook '/home/vtcro/Desktop/Dog/dingo_ws/install/dingo/share/dingo/hook/ament_prefix_path.sh'
[0.157s] DEBUG:colcon.colcon_core.shell:Skip shell extension 'dsv' for command environment
[0.168s] INFO:colcon.colcon_ros.task.ament_python.build:Building ROS package in '/home/vtcro/Desktop/Dog/dingo_ws/src/dingo_control' with build type 'ament_python'
[0.168s] Level 1:colcon.colcon_core.shell:create_environment_hook('dingo_control', 'ament_prefix_path')
[0.168s] INFO:colcon.colcon_core.shell:Creating environment descriptor '/home/vtcro/Desktop/Dog/dingo_ws/install/dingo_control/share/dingo_control/hook/ament_prefix_path.dsv'
[0.168s] INFO:colcon.colcon_core.shell:Creating environment hook '/home/vtcro/Desktop/Dog/dingo_ws/install/dingo_control/share/dingo_control/hook/ament_prefix_path.sh'
[0.168s] DEBUG:colcon.colcon_core.shell:Skip shell extension 'dsv' for command environment
[0.178s] INFO:colcon.colcon_ros.task.ament_python.build:Building ROS package in '/home/vtcro/Desktop/Dog/dingo_ws/src/dingo_description' with build type 'ament_python'
[0.178s] Level 1:colcon.colcon_core.shell:create_environment_hook('dingo_description', 'ament_prefix_path')
[0.178s] INFO:colcon.colcon_core.shell:Creating environment descriptor '/home/vtcro/Desktop/Dog/dingo_ws/install/dingo_description/share/dingo_description/hook/ament_prefix_path.dsv'
[0.178s] INFO:colcon.colcon_core.shell:Creating environment hook '/home/vtcro/Desktop/Dog/dingo_ws/install/dingo_description/share/dingo_description/hook/ament_prefix_path.sh'
[0.178s] DEBUG:colcon.colcon_core.shell:Skip shell extension 'dsv' for command environment
[0.187s] INFO:colcon.colcon_ros.task.ament_python.build:Building ROS package in '/home/vtcro/Desktop/Dog/dingo_ws/src/dingo_gazebo' with build type 'ament_python'
[0.187s] Level 1:colcon.colcon_core.shell:create_environment_hook('dingo_gazebo', 'ament_prefix_path')
[0.187s] INFO:colcon.colcon_core.shell:Creating environment descriptor '/home/vtcro/Desktop/Dog/dingo_ws/install/dingo_gazebo/share/dingo_gazebo/hook/ament_prefix_path.dsv'
[0.187s] INFO:colcon.colcon_core.shell:Creating environment hook '/home/vtcro/Desktop/Dog/dingo_ws/install/dingo_gazebo/share/dingo_gazebo/hook/ament_prefix_path.sh'
[0.188s] DEBUG:colcon.colcon_core.shell:Skip shell extension 'dsv' for command environment
[0.196s] INFO:colcon.colcon_ros.task.ament_python.build:Building ROS package in '/home/vtcro/Desktop/Dog/dingo_ws/src/dingo_input_interfacing' with build type 'ament_python'
[0.196s] Level 1:colcon.colcon_core.shell:create_environment_hook('dingo_input_interfacing', 'ament_prefix_path')
[0.197s] INFO:colcon.colcon_core.shell:Creating environment descriptor '/home/vtcro/Desktop/Dog/dingo_ws/install/dingo_input_interfacing/share/dingo_input_interfacing/hook/ament_prefix_path.dsv'
[0.197s] INFO:colcon.colcon_core.shell:Creating environment hook '/home/vtcro/Desktop/Dog/dingo_ws/install/dingo_input_interfacing/share/dingo_input_interfacing/hook/ament_prefix_path.sh'
[0.197s] DEBUG:colcon.colcon_core.shell:Skip shell extension 'dsv' for command environment
[0.206s] INFO:colcon.colcon_ros.task.ament_cmake.build:Building ROS package in '/home/vtcro/Desktop/Dog/dingo_ws/src/dingo_msgs' with build type 'ament_cmake'
[0.206s] INFO:colcon.colcon_cmake.task.cmake.build:Building CMake package in '/home/vtcro/Desktop/Dog/dingo_ws/src/dingo_msgs'
[0.206s] DEBUG:colcon.colcon_core.shell:Skip shell extension 'dsv' for command environment
[0.215s] INFO:colcon.colcon_ros.task.ament_python.build:Building ROS package in '/home/vtcro/Desktop/Dog/dingo_ws/src/dingo_peripheral_interfacing' with build type 'ament_python'
[0.215s] Level 1:colcon.colcon_core.shell:create_environment_hook('dingo_peripheral_interfacing', 'ament_prefix_path')
[0.215s] INFO:colcon.colcon_core.shell:Creating environment descriptor '/home/vtcro/Desktop/Dog/dingo_ws/install/dingo_peripheral_interfacing/share/dingo_peripheral_interfacing/hook/ament_prefix_path.dsv'
[0.215s] INFO:colcon.colcon_core.shell:Creating environment hook '/home/vtcro/Desktop/Dog/dingo_ws/install/dingo_peripheral_interfacing/share/dingo_peripheral_interfacing/hook/ament_prefix_path.sh'
[0.216s] DEBUG:colcon.colcon_core.shell:Skip shell extension 'dsv' for command environment
[0.224s] INFO:colcon.colcon_ros.task.ament_python.build:Building ROS package in '/home/vtcro/Desktop/Dog/dingo_ws/src/dingo_servo_interfacing' with build type 'ament_python'
[0.224s] Level 1:colcon.colcon_core.shell:create_environment_hook('dingo_servo_interfacing', 'ament_prefix_path')
[0.224s] INFO:colcon.colcon_core.shell:Creating environment descriptor '/home/vtcro/Desktop/Dog/dingo_ws/install/dingo_servo_interfacing/share/dingo_servo_interfacing/hook/ament_prefix_path.dsv'
[0.225s] INFO:colcon.colcon_core.shell:Creating environment hook '/home/vtcro/Desktop/Dog/dingo_ws/install/dingo_servo_interfacing/share/dingo_servo_interfacing/hook/ament_prefix_path.sh'
[0.225s] DEBUG:colcon.colcon_core.shell:Skip shell extension 'dsv' for command environment
[0.234s] INFO:colcon.colcon_ros.task.ament_python.build:Building ROS package in '/home/vtcro/Desktop/Dog/dingo_ws/src/dingo_utilities' with build type 'ament_python'
[0.234s] Level 1:colcon.colcon_core.shell:create_environment_hook('dingo_utilities', 'ament_prefix_path')
[0.234s] INFO:colcon.colcon_core.shell:Creating environment descriptor '/home/vtcro/Desktop/Dog/dingo_ws/install/dingo_utilities/share/dingo_utilities/hook/ament_prefix_path.dsv'
[0.234s] INFO:colcon.colcon_core.shell:Creating environment hook '/home/vtcro/Desktop/Dog/dingo_ws/install/dingo_utilities/share/dingo_utilities/hook/ament_prefix_path.sh'
[0.235s] DEBUG:colcon.colcon_core.shell:Skip shell extension 'dsv' for command environment
[0.426s] INFO:colcon.colcon_core.task.python.build:Building Python package in '/home/vtcro/Desktop/Dog/dingo_ws/src/dingo'
[0.427s] DEBUG:colcon.colcon_core.shell:Skip shell extension 'dsv' for command environment
[0.620s] INFO:colcon.colcon_core.task.python.build:Building Python package in '/home/vtcro/Desktop/Dog/dingo_ws/src/dingo_control'
[0.620s] DEBUG:colcon.colcon_core.shell:Skip shell extension 'dsv' for command environment
[0.812s] INFO:colcon.colcon_core.task.python.build:Building Python package in '/home/vtcro/Desktop/Dog/dingo_ws/src/dingo_description'
[0.812s] DEBUG:colcon.colcon_core.shell:Skip shell extension 'dsv' for command environment
[1.000s] INFO:colcon.colcon_core.task.python.build:Building Python package in '/home/vtcro/Desktop/Dog/dingo_ws/src/dingo_gazebo'
[1.000s] DEBUG:colcon.colcon_core.shell:Skip shell extension 'dsv' for command environment
[1.190s] WARNING:colcon.colcon_ros.task.ament_python.build:Package 'dingo_input_interfacing' doesn't explicitly install a marker in the package index (colcon-ros currently does it implicitly but that fallback will be removed in the future)
[1.190s] WARNING:colcon.colcon_ros.task.ament_python.build:Package 'dingo_input_interfacing' doesn't explicitly install the 'package.xml' file (colcon-ros currently does it implicitly but that fallback will be removed in the future)
[1.190s] INFO:colcon.colcon_core.task.python.build:Building Python package in '/home/vtcro/Desktop/Dog/dingo_ws/src/dingo_input_interfacing'
[1.190s] DEBUG:colcon.colcon_core.shell:Skip shell extension 'dsv' for command environment
[1.202s] DEBUG:colcon.colcon_core.event_handler.log_command:Invoking command in '/home/vtcro/Desktop/Dog/dingo_ws/build/dingo_msgs': CMAKE_PREFIX_PATH=${CMAKE_PREFIX_PATH}:/home/vtcro/Desktop/Dog/dingo_ws/install/dingo_utilities:/home/vtcro/Desktop/Dog/dingo_ws/install/dingo_servo_interfacing:/home/vtcro/Desktop/Dog/dingo_ws/install/dingo_peripheral_interfacing:/home/vtcro/Desktop/Dog/dingo_ws/install/dingo_input_interfacing:/home/vtcro/Desktop/Dog/dingo_ws/install/dingo_gazebo:/home/vtcro/Desktop/Dog/dingo_ws/install/dingo_description:/home/vtcro/Desktop/Dog/dingo_ws/install/dingo_control:/home/vtcro/Desktop/Dog/dingo_ws/install/dingo:/home/vtcro/car_robot_ws/install/my_robot_pkg:/home/vtcro/car_robot_ws/install/model_py:/opt/ros/jazzy DEBUGINFOD_URLS=https://debuginfod.ubuntu.com PS1=(ros2-venv) \[\e]0;\u@\h: \w\a\]${debian_chroot:+($debian_chroot)}\[\033[01;32m\]\u@\h\[\033[00m\]:\[\033[01;34m\]\w\[\033[00m\]\$ VIRTUAL_ENV_PROMPT=(ros2-venv) /usr/bin/cmake --build /home/vtcro/Desktop/Dog/dingo_ws/build/dingo_msgs -- -j12 -l12
[1.393s] INFO:colcon.colcon_core.task.python.build:Building Python package in '/home/vtcro/Desktop/Dog/dingo_ws/src/dingo_peripheral_interfacing'
[1.393s] DEBUG:colcon.colcon_core.shell:Skip shell extension 'dsv' for command environment
[1.587s] WARNING:colcon.colcon_ros.task.ament_python.build:Package 'dingo_servo_interfacing' doesn't explicitly install a marker in the package index (colcon-ros currently does it implicitly but that fallback will be removed in the future)
[1.587s] WARNING:colcon.colcon_ros.task.ament_python.build:Package 'dingo_servo_interfacing' doesn't explicitly install the 'package.xml' file (colcon-ros currently does it implicitly but that fallback will be removed in the future)
[1.587s] INFO:colcon.colcon_core.task.python.build:Building Python package in '/home/vtcro/Desktop/Dog/dingo_ws/src/dingo_servo_interfacing'
[1.587s] DEBUG:colcon.colcon_core.shell:Skip shell extension 'dsv' for command environment
[1.601s] DEBUG:colcon.colcon_core.event_handler.log_command:Invoked command in '/home/vtcro/Desktop/Dog/dingo_ws/build/dingo_msgs' returned '0': CMAKE_PREFIX_PATH=${CMAKE_PREFIX_PATH}:/home/vtcro/Desktop/Dog/dingo_ws/install/dingo_utilities:/home/vtcro/Desktop/Dog/dingo_ws/install/dingo_servo_interfacing:/home/vtcro/Desktop/Dog/dingo_ws/install/dingo_peripheral_interfacing:/home/vtcro/Desktop/Dog/dingo_ws/install/dingo_input_interfacing:/home/vtcro/Desktop/Dog/dingo_ws/install/dingo_gazebo:/home/vtcro/Desktop/Dog/dingo_ws/install/dingo_description:/home/vtcro/Desktop/Dog/dingo_ws/install/dingo_control:/home/vtcro/Desktop/Dog/dingo_ws/install/dingo:/home/vtcro/car_robot_ws/install/my_robot_pkg:/home/vtcro/car_robot_ws/install/model_py:/opt/ros/jazzy DEBUGINFOD_URLS=https://debuginfod.ubuntu.com PS1=(ros2-venv) \[\e]0;\u@\h: \w\a\]${debian_chroot:+($debian_chroot)}\[\033[01;32m\]\u@\h\[\033[00m\]:\[\033[01;34m\]\w\[\033[00m\]\$ VIRTUAL_ENV_PROMPT=(ros2-venv) /usr/bin/cmake --build /home/vtcro/Desktop/Dog/dingo_ws/build/dingo_msgs -- -j12 -l12
[1.612s] DEBUG:colcon.colcon_core.event_handler.log_command:Invoking command in '/home/vtcro/Desktop/Dog/dingo_ws/build/dingo_msgs': CMAKE_PREFIX_PATH=${CMAKE_PREFIX_PATH}:/home/vtcro/Desktop/Dog/dingo_ws/install/dingo_utilities:/home/vtcro/Desktop/Dog/dingo_ws/install/dingo_servo_interfacing:/home/vtcro/Desktop/Dog/dingo_ws/install/dingo_peripheral_interfacing:/home/vtcro/Desktop/Dog/dingo_ws/install/dingo_input_interfacing:/home/vtcro/Desktop/Dog/dingo_ws/install/dingo_gazebo:/home/vtcro/Desktop/Dog/dingo_ws/install/dingo_description:/home/vtcro/Desktop/Dog/dingo_ws/install/dingo_control:/home/vtcro/Desktop/Dog/dingo_ws/install/dingo:/home/vtcro/car_robot_ws/install/my_robot_pkg:/home/vtcro/car_robot_ws/install/model_py:/opt/ros/jazzy DEBUGINFOD_URLS=https://debuginfod.ubuntu.com PS1=(ros2-venv) \[\e]0;\u@\h: \w\a\]${debian_chroot:+($debian_chroot)}\[\033[01;32m\]\u@\h\[\033[00m\]:\[\033[01;34m\]\w\[\033[00m\]\$ VIRTUAL_ENV_PROMPT=(ros2-venv) /usr/bin/cmake --install /home/vtcro/Desktop/Dog/dingo_ws/build/dingo_msgs
[1.798s] WARNING:colcon.colcon_ros.task.ament_python.build:Package 'dingo_utilities' doesn't explicitly install a marker in the package index (colcon-ros currently does it implicitly but that fallback will be removed in the future)
[1.798s] WARNING:colcon.colcon_ros.task.ament_python.build:Package 'dingo_utilities' doesn't explicitly install the 'package.xml' file (colcon-ros currently does it implicitly but that fallback will be removed in the future)
[1.798s] INFO:colcon.colcon_core.task.python.build:Building Python package in '/home/vtcro/Desktop/Dog/dingo_ws/src/dingo_utilities'
[1.798s] DEBUG:colcon.colcon_core.shell:Skip shell extension 'dsv' for command environment
[1.827s] Level 1:colcon.colcon_core.environment:create_environment_scripts_only(dingo_msgs)
[1.827s] DEBUG:colcon.colcon_core.event_handler.log_command:Invoked command in '/home/vtcro/Desktop/Dog/dingo_ws/build/dingo_msgs' returned '0': CMAKE_PREFIX_PATH=${CMAKE_PREFIX_PATH}:/home/vtcro/Desktop/Dog/dingo_ws/install/dingo_utilities:/home/vtcro/Desktop/Dog/dingo_ws/install/dingo_servo_interfacing:/home/vtcro/Desktop/Dog/dingo_ws/install/dingo_peripheral_interfacing:/home/vtcro/Desktop/Dog/dingo_ws/install/dingo_input_interfacing:/home/vtcro/Desktop/Dog/dingo_ws/install/dingo_gazebo:/home/vtcro/Desktop/Dog/dingo_ws/install/dingo_description:/home/vtcro/Desktop/Dog/dingo_ws/install/dingo_control:/home/vtcro/Desktop/Dog/dingo_ws/install/dingo:/home/vtcro/car_robot_ws/install/my_robot_pkg:/home/vtcro/car_robot_ws/install/model_py:/opt/ros/jazzy DEBUGINFOD_URLS=https://debuginfod.ubuntu.com PS1=(ros2-venv) \[\e]0;\u@\h: \w\a\]${debian_chroot:+($debian_chroot)}\[\033[01;32m\]\u@\h\[\033[00m\]:\[\033[01;34m\]\w\[\033[00m\]\$ VIRTUAL_ENV_PROMPT=(ros2-venv) /usr/bin/cmake --install /home/vtcro/Desktop/Dog/dingo_ws/build/dingo_msgs
[1.830s] Level 1:colcon.colcon_core.environment:checking '/home/vtcro/Desktop/Dog/dingo_ws/install/dingo_msgs' for CMake module files
[1.831s] Level 1:colcon.colcon_core.environment:checking '/home/vtcro/Desktop/Dog/dingo_ws/install/dingo_msgs' for CMake config files
[1.832s] Level 1:colcon.colcon_core.shell:create_environment_hook('dingo_msgs', 'cmake_prefix_path')
[1.832s] INFO:colcon.colcon_core.shell:Creating environment descriptor '/home/vtcro/Desktop/Dog/dingo_ws/install/dingo_msgs/share/dingo_msgs/hook/cmake_prefix_path.dsv'
[1.833s] INFO:colcon.colcon_core.shell:Creating environment hook '/home/vtcro/Desktop/Dog/dingo_ws/install/dingo_msgs/share/dingo_msgs/hook/cmake_prefix_path.sh'
[1.833s] Level 1:colcon.colcon_core.environment:checking '/home/vtcro/Desktop/Dog/dingo_ws/install/dingo_msgs/lib'
[1.833s] Level 1:colcon.colcon_core.shell:create_environment_hook('dingo_msgs', 'ld_library_path_lib')
[1.833s] INFO:colcon.colcon_core.shell:Creating environment descriptor '/home/vtcro/Desktop/Dog/dingo_ws/install/dingo_msgs/share/dingo_msgs/hook/ld_library_path_lib.dsv'
[1.834s] INFO:colcon.colcon_core.shell:Creating environment hook '/home/vtcro/Desktop/Dog/dingo_ws/install/dingo_msgs/share/dingo_msgs/hook/ld_library_path_lib.sh'
[1.834s] Level 1:colcon.colcon_core.environment:checking '/home/vtcro/Desktop/Dog/dingo_ws/install/dingo_msgs/bin'
[1.834s] Level 1:colcon.colcon_core.environment:checking '/home/vtcro/Desktop/Dog/dingo_ws/install/dingo_msgs/lib/pkgconfig/dingo_msgs.pc'
[1.834s] Level 1:colcon.colcon_core.environment:checking '/home/vtcro/Desktop/Dog/dingo_ws/install/dingo_msgs/lib/python3.12/site-packages'
[1.835s] Level 1:colcon.colcon_core.shell:create_environment_hook('dingo_msgs', 'pythonpath')
[1.835s] INFO:colcon.colcon_core.shell:Creating environment descriptor '/home/vtcro/Desktop/Dog/dingo_ws/install/dingo_msgs/share/dingo_msgs/hook/pythonpath.dsv'
[1.835s] INFO:colcon.colcon_core.shell:Creating environment hook '/home/vtcro/Desktop/Dog/dingo_ws/install/dingo_msgs/share/dingo_msgs/hook/pythonpath.sh'
[1.835s] Level 1:colcon.colcon_core.environment:checking '/home/vtcro/Desktop/Dog/dingo_ws/install/dingo_msgs/bin'
[1.836s] INFO:colcon.colcon_core.shell:Creating package descriptor '/home/vtcro/Desktop/Dog/dingo_ws/install/dingo_msgs/share/dingo_msgs/package.dsv'
[1.836s] INFO:colcon.colcon_core.shell:Creating package script '/home/vtcro/Desktop/Dog/dingo_ws/install/dingo_msgs/share/dingo_msgs/package.sh'
[1.837s] INFO:colcon.colcon_core.shell:Creating package script '/home/vtcro/Desktop/Dog/dingo_ws/install/dingo_msgs/share/dingo_msgs/package.bash'
[1.838s] INFO:colcon.colcon_core.shell:Creating package script '/home/vtcro/Desktop/Dog/dingo_ws/install/dingo_msgs/share/dingo_msgs/package.zsh'
[1.838s] Level 1:colcon.colcon_core.environment:create_file_with_runtime_dependencies(/home/vtcro/Desktop/Dog/dingo_ws/install/dingo_msgs/share/colcon-core/packages/dingo_msgs)
[1.839s] Level 1:colcon.colcon_core.environment:create_environment_scripts_only(dingo_msgs)
[1.839s] Level 1:colcon.colcon_core.environment:checking '/home/vtcro/Desktop/Dog/dingo_ws/install/dingo_msgs' for CMake module files
[1.840s] Level 1:colcon.colcon_core.environment:checking '/home/vtcro/Desktop/Dog/dingo_ws/install/dingo_msgs' for CMake config files
[1.841s] Level 1:colcon.colcon_core.shell:create_environment_hook('dingo_msgs', 'cmake_prefix_path')
[1.841s] INFO:colcon.colcon_core.shell:Creating environment descriptor '/home/vtcro/Desktop/Dog/dingo_ws/install/dingo_msgs/share/dingo_msgs/hook/cmake_prefix_path.dsv'
[1.842s] INFO:colcon.colcon_core.shell:Creating environment hook '/home/vtcro/Desktop/Dog/dingo_ws/install/dingo_msgs/share/dingo_msgs/hook/cmake_prefix_path.sh'
[1.842s] Level 1:colcon.colcon_core.environment:checking '/home/vtcro/Desktop/Dog/dingo_ws/install/dingo_msgs/lib'
[1.842s] Level 1:colcon.colcon_core.shell:create_environment_hook('dingo_msgs', 'ld_library_path_lib')
[1.842s] INFO:colcon.colcon_core.shell:Creating environment descriptor '/home/vtcro/Desktop/Dog/dingo_ws/install/dingo_msgs/share/dingo_msgs/hook/ld_library_path_lib.dsv'
[1.843s] INFO:colcon.colcon_core.shell:Creating environment hook '/home/vtcro/Desktop/Dog/dingo_ws/install/dingo_msgs/share/dingo_msgs/hook/ld_library_path_lib.sh'
[1.843s] Level 1:colcon.colcon_core.environment:checking '/home/vtcro/Desktop/Dog/dingo_ws/install/dingo_msgs/bin'
[1.843s] Level 1:colcon.colcon_core.environment:checking '/home/vtcro/Desktop/Dog/dingo_ws/install/dingo_msgs/lib/pkgconfig/dingo_msgs.pc'
[1.843s] Level 1:colcon.colcon_core.environment:checking '/home/vtcro/Desktop/Dog/dingo_ws/install/dingo_msgs/lib/python3.12/site-packages'
[1.843s] Level 1:colcon.colcon_core.shell:create_environment_hook('dingo_msgs', 'pythonpath')
[1.844s] INFO:colcon.colcon_core.shell:Creating environment descriptor '/home/vtcro/Desktop/Dog/dingo_ws/install/dingo_msgs/share/dingo_msgs/hook/pythonpath.dsv'
[1.844s] INFO:colcon.colcon_core.shell:Creating environment hook '/home/vtcro/Desktop/Dog/dingo_ws/install/dingo_msgs/share/dingo_msgs/hook/pythonpath.sh'
[1.844s] Level 1:colcon.colcon_core.environment:checking '/home/vtcro/Desktop/Dog/dingo_ws/install/dingo_msgs/bin'
[1.845s] INFO:colcon.colcon_core.shell:Creating package descriptor '/home/vtcro/Desktop/Dog/dingo_ws/install/dingo_msgs/share/dingo_msgs/package.dsv'
[1.845s] INFO:colcon.colcon_core.shell:Creating package script '/home/vtcro/Desktop/Dog/dingo_ws/install/dingo_msgs/share/dingo_msgs/package.sh'
[1.845s] INFO:colcon.colcon_core.shell:Creating package script '/home/vtcro/Desktop/Dog/dingo_ws/install/dingo_msgs/share/dingo_msgs/package.bash'
[1.846s] INFO:colcon.colcon_core.shell:Creating package script '/home/vtcro/Desktop/Dog/dingo_ws/install/dingo_msgs/share/dingo_msgs/package.zsh'
[1.846s] Level 1:colcon.colcon_core.environment:create_file_with_runtime_dependencies(/home/vtcro/Desktop/Dog/dingo_ws/install/dingo_msgs/share/colcon-core/packages/dingo_msgs)
[2.394s] DEBUG:colcon.colcon_core.event_handler.log_command:Invoking command in '/home/vtcro/Desktop/Dog/dingo_ws/build/dingo': DEBUGINFOD_URLS=https://debuginfod.ubuntu.com PS1=(ros2-venv) \[\e]0;\u@\h: \w\a\]${debian_chroot:+($debian_chroot)}\[\033[01;32m\]\u@\h\[\033[00m\]:\[\033[01;34m\]\w\[\033[00m\]\$ PYTHONPATH=/home/vtcro/Desktop/Dog/dingo_ws/build/dingo/prefix_override:/usr/lib/python3/dist-packages/colcon_core/task/python/colcon_distutils_commands:/home/vtcro/Desktop/Dog/dingo_ws/install/dingo/lib/python3.12/site-packages:${PYTHONPATH} VIRTUAL_ENV_PROMPT=(ros2-venv) /usr/bin/python3 -W ignore:setup.py install is deprecated -W ignore:easy_install command is deprecated setup.py develop --editable --build-directory /home/vtcro/Desktop/Dog/dingo_ws/build/dingo/build --no-deps symlink_data
[2.399s] DEBUG:colcon.colcon_core.event_handler.log_command:Invoking command in '/home/vtcro/Desktop/Dog/dingo_ws/build/dingo_control': DEBUGINFOD_URLS=https://debuginfod.ubuntu.com PS1=(ros2-venv) \[\e]0;\u@\h: \w\a\]${debian_chroot:+($debian_chroot)}\[\033[01;32m\]\u@\h\[\033[00m\]:\[\033[01;34m\]\w\[\033[00m\]\$ PYTHONPATH=/home/vtcro/Desktop/Dog/dingo_ws/build/dingo_control/prefix_override:/usr/lib/python3/dist-packages/colcon_core/task/python/colcon_distutils_commands:/home/vtcro/Desktop/Dog/dingo_ws/install/dingo_control/lib/python3.12/site-packages:${PYTHONPATH} VIRTUAL_ENV_PROMPT=(ros2-venv) /usr/bin/python3 -W ignore:setup.py install is deprecated -W ignore:easy_install command is deprecated setup.py develop --editable --build-directory /home/vtcro/Desktop/Dog/dingo_ws/build/dingo_control/build --no-deps symlink_data
[2.401s] DEBUG:colcon.colcon_core.event_handler.log_command:Invoking command in '/home/vtcro/Desktop/Dog/dingo_ws/build/dingo_peripheral_interfacing': DEBUGINFOD_URLS=https://debuginfod.ubuntu.com PS1=(ros2-venv) \[\e]0;\u@\h: \w\a\]${debian_chroot:+($debian_chroot)}\[\033[01;32m\]\u@\h\[\033[00m\]:\[\033[01;34m\]\w\[\033[00m\]\$ PYTHONPATH=/home/vtcro/Desktop/Dog/dingo_ws/build/dingo_peripheral_interfacing/prefix_override:/usr/lib/python3/dist-packages/colcon_core/task/python/colcon_distutils_commands:/home/vtcro/Desktop/Dog/dingo_ws/install/dingo_peripheral_interfacing/lib/python3.12/site-packages:${PYTHONPATH} VIRTUAL_ENV_PROMPT=(ros2-venv) /usr/bin/python3 -W ignore:setup.py install is deprecated -W ignore:easy_install command is deprecated setup.py develop --editable --build-directory /home/vtcro/Desktop/Dog/dingo_ws/build/dingo_peripheral_interfacing/build --no-deps symlink_data
[2.404s] DEBUG:colcon.colcon_core.event_handler.log_command:Invoking command in '/home/vtcro/Desktop/Dog/dingo_ws/build/dingo_input_interfacing': DEBUGINFOD_URLS=https://debuginfod.ubuntu.com PS1=(ros2-venv) \[\e]0;\u@\h: \w\a\]${debian_chroot:+($debian_chroot)}\[\033[01;32m\]\u@\h\[\033[00m\]:\[\033[01;34m\]\w\[\033[00m\]\$ PYTHONPATH=/home/vtcro/Desktop/Dog/dingo_ws/build/dingo_input_interfacing/prefix_override:/usr/lib/python3/dist-packages/colcon_core/task/python/colcon_distutils_commands:/home/vtcro/Desktop/Dog/dingo_ws/install/dingo_input_interfacing/lib/python3.12/site-packages:${PYTHONPATH} VIRTUAL_ENV_PROMPT=(ros2-venv) /usr/bin/python3 -W ignore:setup.py install is deprecated -W ignore:easy_install command is deprecated setup.py develop --editable --build-directory /home/vtcro/Desktop/Dog/dingo_ws/build/dingo_input_interfacing/build --no-deps
[2.570s] DEBUG:colcon.colcon_core.event_handler.log_command:Invoking command in '/home/vtcro/Desktop/Dog/dingo_ws/build/dingo_servo_interfacing': DEBUGINFOD_URLS=https://debuginfod.ubuntu.com PS1=(ros2-venv) \[\e]0;\u@\h: \w\a\]${debian_chroot:+($debian_chroot)}\[\033[01;32m\]\u@\h\[\033[00m\]:\[\033[01;34m\]\w\[\033[00m\]\$ PYTHONPATH=/home/vtcro/Desktop/Dog/dingo_ws/build/dingo_servo_interfacing/prefix_override:/usr/lib/python3/dist-packages/colcon_core/task/python/colcon_distutils_commands:/home/vtcro/Desktop/Dog/dingo_ws/install/dingo_servo_interfacing/lib/python3.12/site-packages:${PYTHONPATH} VIRTUAL_ENV_PROMPT=(ros2-venv) /usr/bin/python3 -W ignore:setup.py install is deprecated -W ignore:easy_install command is deprecated setup.py develop --editable --build-directory /home/vtcro/Desktop/Dog/dingo_ws/build/dingo_servo_interfacing/build --no-deps
[2.667s] DEBUG:colcon.colcon_core.event_handler.log_command:Invoking command in '/home/vtcro/Desktop/Dog/dingo_ws/build/dingo_utilities': DEBUGINFOD_URLS=https://debuginfod.ubuntu.com PS1=(ros2-venv) \[\e]0;\u@\h: \w\a\]${debian_chroot:+($debian_chroot)}\[\033[01;32m\]\u@\h\[\033[00m\]:\[\033[01;34m\]\w\[\033[00m\]\$ PYTHONPATH=/home/vtcro/Desktop/Dog/dingo_ws/build/dingo_utilities/prefix_override:/usr/lib/python3/dist-packages/colcon_core/task/python/colcon_distutils_commands:/home/vtcro/Desktop/Dog/dingo_ws/install/dingo_utilities/lib/python3.12/site-packages:${PYTHONPATH} VIRTUAL_ENV_PROMPT=(ros2-venv) /usr/bin/python3 -W ignore:setup.py install is deprecated -W ignore:easy_install command is deprecated setup.py develop --editable --build-directory /home/vtcro/Desktop/Dog/dingo_ws/build/dingo_utilities/build --no-deps
[2.669s] DEBUG:colcon.colcon_core.event_handler.log_command:Invoking command in '/home/vtcro/Desktop/Dog/dingo_ws/build/dingo_gazebo': DEBUGINFOD_URLS=https://debuginfod.ubuntu.com PS1=(ros2-venv) \[\e]0;\u@\h: \w\a\]${debian_chroot:+($debian_chroot)}\[\033[01;32m\]\u@\h\[\033[00m\]:\[\033[01;34m\]\w\[\033[00m\]\$ PYTHONPATH=/home/vtcro/Desktop/Dog/dingo_ws/build/dingo_gazebo/prefix_override:/usr/lib/python3/dist-packages/colcon_core/task/python/colcon_distutils_commands:/home/vtcro/Desktop/Dog/dingo_ws/install/dingo_gazebo/lib/python3.12/site-packages:${PYTHONPATH} VIRTUAL_ENV_PROMPT=(ros2-venv) /usr/bin/python3 -W ignore:setup.py install is deprecated -W ignore:easy_install command is deprecated setup.py develop --editable --build-directory /home/vtcro/Desktop/Dog/dingo_ws/build/dingo_gazebo/build --no-deps symlink_data
[2.685s] DEBUG:colcon.colcon_core.event_handler.log_command:Invoking command in '/home/vtcro/Desktop/Dog/dingo_ws/build/dingo_description': DEBUGINFOD_URLS=https://debuginfod.ubuntu.com PS1=(ros2-venv) \[\e]0;\u@\h: \w\a\]${debian_chroot:+($debian_chroot)}\[\033[01;32m\]\u@\h\[\033[00m\]:\[\033[01;34m\]\w\[\033[00m\]\$ PYTHONPATH=/home/vtcro/Desktop/Dog/dingo_ws/build/dingo_description/prefix_override:/usr/lib/python3/dist-packages/colcon_core/task/python/colcon_distutils_commands:/home/vtcro/Desktop/Dog/dingo_ws/install/dingo_description/lib/python3.12/site-packages:${PYTHONPATH} VIRTUAL_ENV_PROMPT=(ros2-venv) /usr/bin/python3 -W ignore:setup.py install is deprecated -W ignore:easy_install command is deprecated setup.py develop --editable --build-directory /home/vtcro/Desktop/Dog/dingo_ws/build/dingo_description/build --no-deps symlink_data
[3.038s] Level 1:colcon.colcon_core.shell:create_environment_hook('dingo_input_interfacing', 'pythonpath_develop')
[3.038s] INFO:colcon.colcon_core.shell:Creating environment descriptor '/home/vtcro/Desktop/Dog/dingo_ws/build/dingo_input_interfacing/src/share/dingo_input_interfacing/hook/pythonpath_develop.dsv'
[3.038s] DEBUG:colcon.colcon_core.event_handler.log_command:Invoked command in '/home/vtcro/Desktop/Dog/dingo_ws/build/dingo_input_interfacing' returned '0': DEBUGINFOD_URLS=https://debuginfod.ubuntu.com PS1=(ros2-venv) \[\e]0;\u@\h: \w\a\]${debian_chroot:+($debian_chroot)}\[\033[01;32m\]\u@\h\[\033[00m\]:\[\033[01;34m\]\w\[\033[00m\]\$ PYTHONPATH=/home/vtcro/Desktop/Dog/dingo_ws/build/dingo_input_interfacing/prefix_override:/usr/lib/python3/dist-packages/colcon_core/task/python/colcon_distutils_commands:/home/vtcro/Desktop/Dog/dingo_ws/install/dingo_input_interfacing/lib/python3.12/site-packages:${PYTHONPATH} VIRTUAL_ENV_PROMPT=(ros2-venv) /usr/bin/python3 -W ignore:setup.py install is deprecated -W ignore:easy_install command is deprecated setup.py develop --editable --build-directory /home/vtcro/Desktop/Dog/dingo_ws/build/dingo_input_interfacing/build --no-deps
[3.039s] INFO:colcon.colcon_core.shell:Creating environment hook '/home/vtcro/Desktop/Dog/dingo_ws/build/dingo_input_interfacing/src/share/dingo_input_interfacing/hook/pythonpath_develop.sh'
[3.039s] Level 1:colcon.colcon_core.environment:checking '/home/vtcro/Desktop/Dog/dingo_ws/install/dingo_input_interfacing' for CMake module files
[3.040s] Level 1:colcon.colcon_core.environment:checking '/home/vtcro/Desktop/Dog/dingo_ws/install/dingo_input_interfacing' for CMake config files
[3.041s] Level 1:colcon.colcon_core.environment:checking '/home/vtcro/Desktop/Dog/dingo_ws/install/dingo_input_interfacing/lib'
[3.041s] Level 1:colcon.colcon_core.environment:checking '/home/vtcro/Desktop/Dog/dingo_ws/install/dingo_input_interfacing/bin'
[3.041s] Level 1:colcon.colcon_core.environment:checking '/home/vtcro/Desktop/Dog/dingo_ws/install/dingo_input_interfacing/lib/pkgconfig/dingo_input_interfacing.pc'
[3.042s] Level 1:colcon.colcon_core.environment:checking '/home/vtcro/Desktop/Dog/dingo_ws/install/dingo_input_interfacing/lib/python3.12/site-packages'
[3.042s] Level 1:colcon.colcon_core.shell:create_environment_hook('dingo_input_interfacing', 'pythonpath')
[3.042s] INFO:colcon.colcon_core.shell:Creating environment descriptor '/home/vtcro/Desktop/Dog/dingo_ws/install/dingo_input_interfacing/share/dingo_input_interfacing/hook/pythonpath.dsv'
[3.042s] INFO:colcon.colcon_core.shell:Creating environment hook '/home/vtcro/Desktop/Dog/dingo_ws/install/dingo_input_interfacing/share/dingo_input_interfacing/hook/pythonpath.sh'
[3.043s] Level 1:colcon.colcon_core.environment:checking '/home/vtcro/Desktop/Dog/dingo_ws/install/dingo_input_interfacing/bin'
[3.043s] Level 1:colcon.colcon_core.environment:create_environment_scripts_only(dingo_input_interfacing)
[3.043s] INFO:colcon.colcon_core.shell:Creating package descriptor '/home/vtcro/Desktop/Dog/dingo_ws/install/dingo_input_interfacing/share/dingo_input_interfacing/package.dsv'
[3.043s] INFO:colcon.colcon_core.shell:Creating package script '/home/vtcro/Desktop/Dog/dingo_ws/install/dingo_input_interfacing/share/dingo_input_interfacing/package.sh'
[3.044s] INFO:colcon.colcon_core.shell:Creating package script '/home/vtcro/Desktop/Dog/dingo_ws/install/dingo_input_interfacing/share/dingo_input_interfacing/package.bash'
[3.045s] INFO:colcon.colcon_core.shell:Creating package script '/home/vtcro/Desktop/Dog/dingo_ws/install/dingo_input_interfacing/share/dingo_input_interfacing/package.zsh'
[3.045s] Level 1:colcon.colcon_core.environment:create_file_with_runtime_dependencies(/home/vtcro/Desktop/Dog/dingo_ws/install/dingo_input_interfacing/share/colcon-core/packages/dingo_input_interfacing)
[3.067s] Level 1:colcon.colcon_core.shell:create_environment_hook('dingo_control', 'pythonpath_develop')
[3.067s] INFO:colcon.colcon_core.shell:Creating environment descriptor '/home/vtcro/Desktop/Dog/dingo_ws/build/dingo_control/src/share/dingo_control/hook/pythonpath_develop.dsv'
[3.068s] DEBUG:colcon.colcon_core.event_handler.log_command:Invoked command in '/home/vtcro/Desktop/Dog/dingo_ws/build/dingo_control' returned '0': DEBUGINFOD_URLS=https://debuginfod.ubuntu.com PS1=(ros2-venv) \[\e]0;\u@\h: \w\a\]${debian_chroot:+($debian_chroot)}\[\033[01;32m\]\u@\h\[\033[00m\]:\[\033[01;34m\]\w\[\033[00m\]\$ PYTHONPATH=/home/vtcro/Desktop/Dog/dingo_ws/build/dingo_control/prefix_override:/usr/lib/python3/dist-packages/colcon_core/task/python/colcon_distutils_commands:/home/vtcro/Desktop/Dog/dingo_ws/install/dingo_control/lib/python3.12/site-packages:${PYTHONPATH} VIRTUAL_ENV_PROMPT=(ros2-venv) /usr/bin/python3 -W ignore:setup.py install is deprecated -W ignore:easy_install command is deprecated setup.py develop --editable --build-directory /home/vtcro/Desktop/Dog/dingo_ws/build/dingo_control/build --no-deps symlink_data
[3.068s] INFO:colcon.colcon_core.shell:Creating environment hook '/home/vtcro/Desktop/Dog/dingo_ws/build/dingo_control/src/share/dingo_control/hook/pythonpath_develop.sh'
[3.068s] Level 1:colcon.colcon_core.environment:checking '/home/vtcro/Desktop/Dog/dingo_ws/install/dingo_control' for CMake module files
[3.069s] Level 1:colcon.colcon_core.environment:checking '/home/vtcro/Desktop/Dog/dingo_ws/install/dingo_control' for CMake config files
[3.069s] Level 1:colcon.colcon_core.environment:checking '/home/vtcro/Desktop/Dog/dingo_ws/install/dingo_control/lib'
[3.069s] Level 1:colcon.colcon_core.environment:checking '/home/vtcro/Desktop/Dog/dingo_ws/install/dingo_control/bin'
[3.069s] Level 1:colcon.colcon_core.environment:checking '/home/vtcro/Desktop/Dog/dingo_ws/install/dingo_control/lib/pkgconfig/dingo_control.pc'
[3.069s] Level 1:colcon.colcon_core.environment:checking '/home/vtcro/Desktop/Dog/dingo_ws/install/dingo_control/lib/python3.12/site-packages'
[3.069s] Level 1:colcon.colcon_core.shell:create_environment_hook('dingo_control', 'pythonpath')
[3.069s] INFO:colcon.colcon_core.shell:Creating environment descriptor '/home/vtcro/Desktop/Dog/dingo_ws/install/dingo_control/share/dingo_control/hook/pythonpath.dsv'
[3.070s] INFO:colcon.colcon_core.shell:Creating environment hook '/home/vtcro/Desktop/Dog/dingo_ws/install/dingo_control/share/dingo_control/hook/pythonpath.sh'
[3.070s] Level 1:colcon.colcon_core.environment:checking '/home/vtcro/Desktop/Dog/dingo_ws/install/dingo_control/bin'
[3.070s] Level 1:colcon.colcon_core.environment:create_environment_scripts_only(dingo_control)
[3.070s] INFO:colcon.colcon_core.shell:Creating package descriptor '/home/vtcro/Desktop/Dog/dingo_ws/install/dingo_control/share/dingo_control/package.dsv'
[3.071s] INFO:colcon.colcon_core.shell:Creating package script '/home/vtcro/Desktop/Dog/dingo_ws/install/dingo_control/share/dingo_control/package.sh'
[3.071s] INFO:colcon.colcon_core.shell:Creating package script '/home/vtcro/Desktop/Dog/dingo_ws/install/dingo_control/share/dingo_control/package.bash'
[3.071s] INFO:colcon.colcon_core.shell:Creating package script '/home/vtcro/Desktop/Dog/dingo_ws/install/dingo_control/share/dingo_control/package.zsh'
[3.071s] Level 1:colcon.colcon_core.environment:create_file_with_runtime_dependencies(/home/vtcro/Desktop/Dog/dingo_ws/install/dingo_control/share/colcon-core/packages/dingo_control)
[3.072s] Level 1:colcon.colcon_core.shell:create_environment_hook('dingo', 'pythonpath_develop')
[3.072s] INFO:colcon.colcon_core.shell:Creating environment descriptor '/home/vtcro/Desktop/Dog/dingo_ws/build/dingo/src/share/dingo/hook/pythonpath_develop.dsv'
[3.072s] DEBUG:colcon.colcon_core.event_handler.log_command:Invoked command in '/home/vtcro/Desktop/Dog/dingo_ws/build/dingo' returned '0': DEBUGINFOD_URLS=https://debuginfod.ubuntu.com PS1=(ros2-venv) \[\e]0;\u@\h: \w\a\]${debian_chroot:+($debian_chroot)}\[\033[01;32m\]\u@\h\[\033[00m\]:\[\033[01;34m\]\w\[\033[00m\]\$ PYTHONPATH=/home/vtcro/Desktop/Dog/dingo_ws/build/dingo/prefix_override:/usr/lib/python3/dist-packages/colcon_core/task/python/colcon_distutils_commands:/home/vtcro/Desktop/Dog/dingo_ws/install/dingo/lib/python3.12/site-packages:${PYTHONPATH} VIRTUAL_ENV_PROMPT=(ros2-venv) /usr/bin/python3 -W ignore:setup.py install is deprecated -W ignore:easy_install command is deprecated setup.py develop --editable --build-directory /home/vtcro/Desktop/Dog/dingo_ws/build/dingo/build --no-deps symlink_data
[3.073s] INFO:colcon.colcon_core.shell:Creating environment hook '/home/vtcro/Desktop/Dog/dingo_ws/build/dingo/src/share/dingo/hook/pythonpath_develop.sh'
[3.073s] Level 1:colcon.colcon_core.environment:checking '/home/vtcro/Desktop/Dog/dingo_ws/install/dingo' for CMake module files
[3.073s] Level 1:colcon.colcon_core.environment:checking '/home/vtcro/Desktop/Dog/dingo_ws/install/dingo' for CMake config files
[3.074s] Level 1:colcon.colcon_core.environment:checking '/home/vtcro/Desktop/Dog/dingo_ws/install/dingo/lib'
[3.074s] Level 1:colcon.colcon_core.environment:checking '/home/vtcro/Desktop/Dog/dingo_ws/install/dingo/bin'
[3.074s] Level 1:colcon.colcon_core.environment:checking '/home/vtcro/Desktop/Dog/dingo_ws/install/dingo/lib/pkgconfig/dingo.pc'
[3.074s] Level 1:colcon.colcon_core.environment:checking '/home/vtcro/Desktop/Dog/dingo_ws/install/dingo/lib/python3.12/site-packages'
[3.074s] Level 1:colcon.colcon_core.shell:create_environment_hook('dingo', 'pythonpath')
[3.074s] INFO:colcon.colcon_core.shell:Creating environment descriptor '/home/vtcro/Desktop/Dog/dingo_ws/install/dingo/share/dingo/hook/pythonpath.dsv'
[3.074s] INFO:colcon.colcon_core.shell:Creating environment hook '/home/vtcro/Desktop/Dog/dingo_ws/install/dingo/share/dingo/hook/pythonpath.sh'
[3.075s] Level 1:colcon.colcon_core.environment:checking '/home/vtcro/Desktop/Dog/dingo_ws/install/dingo/bin'
[3.075s] Level 1:colcon.colcon_core.environment:create_environment_scripts_only(dingo)
[3.075s] INFO:colcon.colcon_core.shell:Creating package descriptor '/home/vtcro/Desktop/Dog/dingo_ws/install/dingo/share/dingo/package.dsv'
[3.075s] INFO:colcon.colcon_core.shell:Creating package script '/home/vtcro/Desktop/Dog/dingo_ws/install/dingo/share/dingo/package.sh'
[3.075s] INFO:colcon.colcon_core.shell:Creating package script '/home/vtcro/Desktop/Dog/dingo_ws/install/dingo/share/dingo/package.bash'
[3.076s] INFO:colcon.colcon_core.shell:Creating package script '/home/vtcro/Desktop/Dog/dingo_ws/install/dingo/share/dingo/package.zsh'
[3.076s] Level 1:colcon.colcon_core.environment:create_file_with_runtime_dependencies(/home/vtcro/Desktop/Dog/dingo_ws/install/dingo/share/colcon-core/packages/dingo)
[3.212s] Level 1:colcon.colcon_core.shell:create_environment_hook('dingo_servo_interfacing', 'pythonpath_develop')
[3.212s] DEBUG:colcon.colcon_core.event_handler.log_command:Invoked command in '/home/vtcro/Desktop/Dog/dingo_ws/build/dingo_servo_interfacing' returned '0': DEBUGINFOD_URLS=https://debuginfod.ubuntu.com PS1=(ros2-venv) \[\e]0;\u@\h: \w\a\]${debian_chroot:+($debian_chroot)}\[\033[01;32m\]\u@\h\[\033[00m\]:\[\033[01;34m\]\w\[\033[00m\]\$ PYTHONPATH=/home/vtcro/Desktop/Dog/dingo_ws/build/dingo_servo_interfacing/prefix_override:/usr/lib/python3/dist-packages/colcon_core/task/python/colcon_distutils_commands:/home/vtcro/Desktop/Dog/dingo_ws/install/dingo_servo_interfacing/lib/python3.12/site-packages:${PYTHONPATH} VIRTUAL_ENV_PROMPT=(ros2-venv) /usr/bin/python3 -W ignore:setup.py install is deprecated -W ignore:easy_install command is deprecated setup.py develop --editable --build-directory /home/vtcro/Desktop/Dog/dingo_ws/build/dingo_servo_interfacing/build --no-deps
[3.213s] INFO:colcon.colcon_core.shell:Creating environment descriptor '/home/vtcro/Desktop/Dog/dingo_ws/build/dingo_servo_interfacing/src/share/dingo_servo_interfacing/hook/pythonpath_develop.dsv'
[3.213s] INFO:colcon.colcon_core.shell:Creating environment hook '/home/vtcro/Desktop/Dog/dingo_ws/build/dingo_servo_interfacing/src/share/dingo_servo_interfacing/hook/pythonpath_develop.sh'
[3.214s] Level 1:colcon.colcon_core.environment:checking '/home/vtcro/Desktop/Dog/dingo_ws/install/dingo_servo_interfacing' for CMake module files
[3.214s] Level 1:colcon.colcon_core.environment:checking '/home/vtcro/Desktop/Dog/dingo_ws/install/dingo_servo_interfacing' for CMake config files
[3.214s] Level 1:colcon.colcon_core.environment:checking '/home/vtcro/Desktop/Dog/dingo_ws/install/dingo_servo_interfacing/lib'
[3.215s] Level 1:colcon.colcon_core.environment:checking '/home/vtcro/Desktop/Dog/dingo_ws/install/dingo_servo_interfacing/bin'
[3.215s] Level 1:colcon.colcon_core.environment:checking '/home/vtcro/Desktop/Dog/dingo_ws/install/dingo_servo_interfacing/lib/pkgconfig/dingo_servo_interfacing.pc'
[3.215s] Level 1:colcon.colcon_core.environment:checking '/home/vtcro/Desktop/Dog/dingo_ws/install/dingo_servo_interfacing/lib/python3.12/site-packages'
[3.215s] Level 1:colcon.colcon_core.shell:create_environment_hook('dingo_servo_interfacing', 'pythonpath')
[3.215s] INFO:colcon.colcon_core.shell:Creating environment descriptor '/home/vtcro/Desktop/Dog/dingo_ws/install/dingo_servo_interfacing/share/dingo_servo_interfacing/hook/pythonpath.dsv'
[3.215s] INFO:colcon.colcon_core.shell:Creating environment hook '/home/vtcro/Desktop/Dog/dingo_ws/install/dingo_servo_interfacing/share/dingo_servo_interfacing/hook/pythonpath.sh'
[3.216s] Level 1:colcon.colcon_core.environment:checking '/home/vtcro/Desktop/Dog/dingo_ws/install/dingo_servo_interfacing/bin'
[3.216s] Level 1:colcon.colcon_core.environment:create_environment_scripts_only(dingo_servo_interfacing)
[3.216s] INFO:colcon.colcon_core.shell:Creating package descriptor '/home/vtcro/Desktop/Dog/dingo_ws/install/dingo_servo_interfacing/share/dingo_servo_interfacing/package.dsv'
[3.217s] INFO:colcon.colcon_core.shell:Creating package script '/home/vtcro/Desktop/Dog/dingo_ws/install/dingo_servo_interfacing/share/dingo_servo_interfacing/package.sh'
[3.217s] INFO:colcon.colcon_core.shell:Creating package script '/home/vtcro/Desktop/Dog/dingo_ws/install/dingo_servo_interfacing/share/dingo_servo_interfacing/package.bash'
[3.217s] INFO:colcon.colcon_core.shell:Creating package script '/home/vtcro/Desktop/Dog/dingo_ws/install/dingo_servo_interfacing/share/dingo_servo_interfacing/package.zsh'
[3.218s] Level 1:colcon.colcon_core.environment:create_file_with_runtime_dependencies(/home/vtcro/Desktop/Dog/dingo_ws/install/dingo_servo_interfacing/share/colcon-core/packages/dingo_servo_interfacing)
[3.297s] Level 1:colcon.colcon_core.shell:create_environment_hook('dingo_peripheral_interfacing', 'pythonpath_develop')
[3.297s] INFO:colcon.colcon_core.shell:Creating environment descriptor '/home/vtcro/Desktop/Dog/dingo_ws/build/dingo_peripheral_interfacing/src/share/dingo_peripheral_interfacing/hook/pythonpath_develop.dsv'
[3.297s] DEBUG:colcon.colcon_core.event_handler.log_command:Invoked command in '/home/vtcro/Desktop/Dog/dingo_ws/build/dingo_peripheral_interfacing' returned '0': DEBUGINFOD_URLS=https://debuginfod.ubuntu.com PS1=(ros2-venv) \[\e]0;\u@\h: \w\a\]${debian_chroot:+($debian_chroot)}\[\033[01;32m\]\u@\h\[\033[00m\]:\[\033[01;34m\]\w\[\033[00m\]\$ PYTHONPATH=/home/vtcro/Desktop/Dog/dingo_ws/build/dingo_peripheral_interfacing/prefix_override:/usr/lib/python3/dist-packages/colcon_core/task/python/colcon_distutils_commands:/home/vtcro/Desktop/Dog/dingo_ws/install/dingo_peripheral_interfacing/lib/python3.12/site-packages:${PYTHONPATH} VIRTUAL_ENV_PROMPT=(ros2-venv) /usr/bin/python3 -W ignore:setup.py install is deprecated -W ignore:easy_install command is deprecated setup.py develop --editable --build-directory /home/vtcro/Desktop/Dog/dingo_ws/build/dingo_peripheral_interfacing/build --no-deps symlink_data
[3.297s] INFO:colcon.colcon_core.shell:Creating environment hook '/home/vtcro/Desktop/Dog/dingo_ws/build/dingo_peripheral_interfacing/src/share/dingo_peripheral_interfacing/hook/pythonpath_develop.sh'
[3.298s] Level 1:colcon.colcon_core.environment:checking '/home/vtcro/Desktop/Dog/dingo_ws/install/dingo_peripheral_interfacing' for CMake module files
[3.298s] Level 1:colcon.colcon_core.environment:checking '/home/vtcro/Desktop/Dog/dingo_ws/install/dingo_peripheral_interfacing' for CMake config files
[3.299s] Level 1:colcon.colcon_core.environment:checking '/home/vtcro/Desktop/Dog/dingo_ws/install/dingo_peripheral_interfacing/lib'
[3.299s] Level 1:colcon.colcon_core.environment:checking '/home/vtcro/Desktop/Dog/dingo_ws/install/dingo_peripheral_interfacing/bin'
[3.299s] Level 1:colcon.colcon_core.environment:checking '/home/vtcro/Desktop/Dog/dingo_ws/install/dingo_peripheral_interfacing/lib/pkgconfig/dingo_peripheral_interfacing.pc'
[3.299s] Level 1:colcon.colcon_core.environment:checking '/home/vtcro/Desktop/Dog/dingo_ws/install/dingo_peripheral_interfacing/lib/python3.12/site-packages'
[3.299s] Level 1:colcon.colcon_core.shell:create_environment_hook('dingo_peripheral_interfacing', 'pythonpath')
[3.299s] INFO:colcon.colcon_core.shell:Creating environment descriptor '/home/vtcro/Desktop/Dog/dingo_ws/install/dingo_peripheral_interfacing/share/dingo_peripheral_interfacing/hook/pythonpath.dsv'
[3.300s] INFO:colcon.colcon_core.shell:Creating environment hook '/home/vtcro/Desktop/Dog/dingo_ws/install/dingo_peripheral_interfacing/share/dingo_peripheral_interfacing/hook/pythonpath.sh'
[3.300s] Level 1:colcon.colcon_core.environment:checking '/home/vtcro/Desktop/Dog/dingo_ws/install/dingo_peripheral_interfacing/bin'
[3.300s] Level 1:colcon.colcon_core.environment:create_environment_scripts_only(dingo_peripheral_interfacing)
[3.300s] INFO:colcon.colcon_core.shell:Creating package descriptor '/home/vtcro/Desktop/Dog/dingo_ws/install/dingo_peripheral_interfacing/share/dingo_peripheral_interfacing/package.dsv'
[3.301s] INFO:colcon.colcon_core.shell:Creating package script '/home/vtcro/Desktop/Dog/dingo_ws/install/dingo_peripheral_interfacing/share/dingo_peripheral_interfacing/package.sh'
[3.301s] INFO:colcon.colcon_core.shell:Creating package script '/home/vtcro/Desktop/Dog/dingo_ws/install/dingo_peripheral_interfacing/share/dingo_peripheral_interfacing/package.bash'
[3.301s] INFO:colcon.colcon_core.shell:Creating package script '/home/vtcro/Desktop/Dog/dingo_ws/install/dingo_peripheral_interfacing/share/dingo_peripheral_interfacing/package.zsh'
[3.302s] Level 1:colcon.colcon_core.environment:create_file_with_runtime_dependencies(/home/vtcro/Desktop/Dog/dingo_ws/install/dingo_peripheral_interfacing/share/colcon-core/packages/dingo_peripheral_interfacing)
[3.434s] Level 1:colcon.colcon_core.shell:create_environment_hook('dingo_utilities', 'pythonpath_develop')
[3.434s] INFO:colcon.colcon_core.shell:Creating environment descriptor '/home/vtcro/Desktop/Dog/dingo_ws/build/dingo_utilities/src/share/dingo_utilities/hook/pythonpath_develop.dsv'
[3.435s] DEBUG:colcon.colcon_core.event_handler.log_command:Invoked command in '/home/vtcro/Desktop/Dog/dingo_ws/build/dingo_utilities' returned '0': DEBUGINFOD_URLS=https://debuginfod.ubuntu.com PS1=(ros2-venv) \[\e]0;\u@\h: \w\a\]${debian_chroot:+($debian_chroot)}\[\033[01;32m\]\u@\h\[\033[00m\]:\[\033[01;34m\]\w\[\033[00m\]\$ PYTHONPATH=/home/vtcro/Desktop/Dog/dingo_ws/build/dingo_utilities/prefix_override:/usr/lib/python3/dist-packages/colcon_core/task/python/colcon_distutils_commands:/home/vtcro/Desktop/Dog/dingo_ws/install/dingo_utilities/lib/python3.12/site-packages:${PYTHONPATH} VIRTUAL_ENV_PROMPT=(ros2-venv) /usr/bin/python3 -W ignore:setup.py install is deprecated -W ignore:easy_install command is deprecated setup.py develop --editable --build-directory /home/vtcro/Desktop/Dog/dingo_ws/build/dingo_utilities/build --no-deps
[3.435s] INFO:colcon.colcon_core.shell:Creating environment hook '/home/vtcro/Desktop/Dog/dingo_ws/build/dingo_utilities/src/share/dingo_utilities/hook/pythonpath_develop.sh'
[3.435s] Level 1:colcon.colcon_core.environment:checking '/home/vtcro/Desktop/Dog/dingo_ws/install/dingo_utilities' for CMake module files
[3.436s] Level 1:colcon.colcon_core.environment:checking '/home/vtcro/Desktop/Dog/dingo_ws/install/dingo_utilities' for CMake config files
[3.436s] Level 1:colcon.colcon_core.environment:checking '/home/vtcro/Desktop/Dog/dingo_ws/install/dingo_utilities/lib'
[3.436s] Level 1:colcon.colcon_core.environment:checking '/home/vtcro/Desktop/Dog/dingo_ws/install/dingo_utilities/bin'
[3.436s] Level 1:colcon.colcon_core.environment:checking '/home/vtcro/Desktop/Dog/dingo_ws/install/dingo_utilities/lib/pkgconfig/dingo_utilities.pc'
[3.436s] Level 1:colcon.colcon_core.environment:checking '/home/vtcro/Desktop/Dog/dingo_ws/install/dingo_utilities/lib/python3.12/site-packages'
[3.437s] Level 1:colcon.colcon_core.shell:create_environment_hook('dingo_utilities', 'pythonpath')
[3.437s] INFO:colcon.colcon_core.shell:Creating environment descriptor '/home/vtcro/Desktop/Dog/dingo_ws/install/dingo_utilities/share/dingo_utilities/hook/pythonpath.dsv'
[3.437s] INFO:colcon.colcon_core.shell:Creating environment hook '/home/vtcro/Desktop/Dog/dingo_ws/install/dingo_utilities/share/dingo_utilities/hook/pythonpath.sh'
[3.437s] Level 1:colcon.colcon_core.environment:checking '/home/vtcro/Desktop/Dog/dingo_ws/install/dingo_utilities/bin'
[3.437s] Level 1:colcon.colcon_core.environment:create_environment_scripts_only(dingo_utilities)
[3.438s] INFO:colcon.colcon_core.shell:Creating package descriptor '/home/vtcro/Desktop/Dog/dingo_ws/install/dingo_utilities/share/dingo_utilities/package.dsv'
[3.438s] INFO:colcon.colcon_core.shell:Creating package script '/home/vtcro/Desktop/Dog/dingo_ws/install/dingo_utilities/share/dingo_utilities/package.sh'
[3.439s] INFO:colcon.colcon_core.shell:Creating package script '/home/vtcro/Desktop/Dog/dingo_ws/install/dingo_utilities/share/dingo_utilities/package.bash'
[3.439s] INFO:colcon.colcon_core.shell:Creating package script '/home/vtcro/Desktop/Dog/dingo_ws/install/dingo_utilities/share/dingo_utilities/package.zsh'
[3.439s] Level 1:colcon.colcon_core.environment:create_file_with_runtime_dependencies(/home/vtcro/Desktop/Dog/dingo_ws/install/dingo_utilities/share/colcon-core/packages/dingo_utilities)
[3.464s] Level 1:colcon.colcon_core.shell:create_environment_hook('dingo_gazebo', 'pythonpath_develop')
[3.465s] INFO:colcon.colcon_core.shell:Creating environment descriptor '/home/vtcro/Desktop/Dog/dingo_ws/build/dingo_gazebo/src/share/dingo_gazebo/hook/pythonpath_develop.dsv'
[3.465s] DEBUG:colcon.colcon_core.event_handler.log_command:Invoked command in '/home/vtcro/Desktop/Dog/dingo_ws/build/dingo_gazebo' returned '0': DEBUGINFOD_URLS=https://debuginfod.ubuntu.com PS1=(ros2-venv) \[\e]0;\u@\h: \w\a\]${debian_chroot:+($debian_chroot)}\[\033[01;32m\]\u@\h\[\033[00m\]:\[\033[01;34m\]\w\[\033[00m\]\$ PYTHONPATH=/home/vtcro/Desktop/Dog/dingo_ws/build/dingo_gazebo/prefix_override:/usr/lib/python3/dist-packages/colcon_core/task/python/colcon_distutils_commands:/home/vtcro/Desktop/Dog/dingo_ws/install/dingo_gazebo/lib/python3.12/site-packages:${PYTHONPATH} VIRTUAL_ENV_PROMPT=(ros2-venv) /usr/bin/python3 -W ignore:setup.py install is deprecated -W ignore:easy_install command is deprecated setup.py develop --editable --build-directory /home/vtcro/Desktop/Dog/dingo_ws/build/dingo_gazebo/build --no-deps symlink_data
[3.465s] INFO:colcon.colcon_core.shell:Creating environment hook '/home/vtcro/Desktop/Dog/dingo_ws/build/dingo_gazebo/src/share/dingo_gazebo/hook/pythonpath_develop.sh'
[3.466s] Level 1:colcon.colcon_core.environment:checking '/home/vtcro/Desktop/Dog/dingo_ws/install/dingo_gazebo' for CMake module files
[3.466s] Level 1:colcon.colcon_core.environment:checking '/home/vtcro/Desktop/Dog/dingo_ws/install/dingo_gazebo' for CMake config files
[3.466s] Level 1:colcon.colcon_core.environment:checking '/home/vtcro/Desktop/Dog/dingo_ws/install/dingo_gazebo/lib'
[3.466s] Level 1:colcon.colcon_core.environment:checking '/home/vtcro/Desktop/Dog/dingo_ws/install/dingo_gazebo/bin'
[3.466s] Level 1:colcon.colcon_core.environment:checking '/home/vtcro/Desktop/Dog/dingo_ws/install/dingo_gazebo/lib/pkgconfig/dingo_gazebo.pc'
[3.467s] Level 1:colcon.colcon_core.environment:checking '/home/vtcro/Desktop/Dog/dingo_ws/install/dingo_gazebo/lib/python3.12/site-packages'
[3.467s] Level 1:colcon.colcon_core.shell:create_environment_hook('dingo_gazebo', 'pythonpath')
[3.467s] INFO:colcon.colcon_core.shell:Creating environment descriptor '/home/vtcro/Desktop/Dog/dingo_ws/install/dingo_gazebo/share/dingo_gazebo/hook/pythonpath.dsv'
[3.467s] INFO:colcon.colcon_core.shell:Creating environment hook '/home/vtcro/Desktop/Dog/dingo_ws/install/dingo_gazebo/share/dingo_gazebo/hook/pythonpath.sh'
[3.467s] Level 1:colcon.colcon_core.environment:checking '/home/vtcro/Desktop/Dog/dingo_ws/install/dingo_gazebo/bin'
[3.467s] Level 1:colcon.colcon_core.environment:create_environment_scripts_only(dingo_gazebo)
[3.468s] INFO:colcon.colcon_core.shell:Creating package descriptor '/home/vtcro/Desktop/Dog/dingo_ws/install/dingo_gazebo/share/dingo_gazebo/package.dsv'
[3.468s] INFO:colcon.colcon_core.shell:Creating package script '/home/vtcro/Desktop/Dog/dingo_ws/install/dingo_gazebo/share/dingo_gazebo/package.sh'
[3.468s] INFO:colcon.colcon_core.shell:Creating package script '/home/vtcro/Desktop/Dog/dingo_ws/install/dingo_gazebo/share/dingo_gazebo/package.bash'
[3.468s] INFO:colcon.colcon_core.shell:Creating package script '/home/vtcro/Desktop/Dog/dingo_ws/install/dingo_gazebo/share/dingo_gazebo/package.zsh'
[3.469s] Level 1:colcon.colcon_core.environment:create_file_with_runtime_dependencies(/home/vtcro/Desktop/Dog/dingo_ws/install/dingo_gazebo/share/colcon-core/packages/dingo_gazebo)
[3.469s] Level 1:colcon.colcon_core.shell:create_environment_hook('dingo_description', 'pythonpath_develop')
[3.470s] INFO:colcon.colcon_core.shell:Creating environment descriptor '/home/vtcro/Desktop/Dog/dingo_ws/build/dingo_description/share/dingo_description/hook/pythonpath_develop.dsv'
[3.470s] DEBUG:colcon.colcon_core.event_handler.log_command:Invoked command in '/home/vtcro/Desktop/Dog/dingo_ws/build/dingo_description' returned '0': DEBUGINFOD_URLS=https://debuginfod.ubuntu.com PS1=(ros2-venv) \[\e]0;\u@\h: \w\a\]${debian_chroot:+($debian_chroot)}\[\033[01;32m\]\u@\h\[\033[00m\]:\[\033[01;34m\]\w\[\033[00m\]\$ PYTHONPATH=/home/vtcro/Desktop/Dog/dingo_ws/build/dingo_description/prefix_override:/usr/lib/python3/dist-packages/colcon_core/task/python/colcon_distutils_commands:/home/vtcro/Desktop/Dog/dingo_ws/install/dingo_description/lib/python3.12/site-packages:${PYTHONPATH} VIRTUAL_ENV_PROMPT=(ros2-venv) /usr/bin/python3 -W ignore:setup.py install is deprecated -W ignore:easy_install command is deprecated setup.py develop --editable --build-directory /home/vtcro/Desktop/Dog/dingo_ws/build/dingo_description/build --no-deps symlink_data
[3.470s] INFO:colcon.colcon_core.shell:Creating environment hook '/home/vtcro/Desktop/Dog/dingo_ws/build/dingo_description/share/dingo_description/hook/pythonpath_develop.sh'
[3.470s] Level 1:colcon.colcon_core.environment:checking '/home/vtcro/Desktop/Dog/dingo_ws/install/dingo_description' for CMake module files
[3.471s] Level 1:colcon.colcon_core.environment:checking '/home/vtcro/Desktop/Dog/dingo_ws/install/dingo_description' for CMake config files
[3.471s] Level 1:colcon.colcon_core.environment:checking '/home/vtcro/Desktop/Dog/dingo_ws/install/dingo_description/lib'
[3.472s] Level 1:colcon.colcon_core.environment:checking '/home/vtcro/Desktop/Dog/dingo_ws/install/dingo_description/bin'
[3.472s] Level 1:colcon.colcon_core.environment:checking '/home/vtcro/Desktop/Dog/dingo_ws/install/dingo_description/lib/pkgconfig/dingo_description.pc'
[3.472s] Level 1:colcon.colcon_core.environment:checking '/home/vtcro/Desktop/Dog/dingo_ws/install/dingo_description/lib/python3.12/site-packages'
[3.472s] Level 1:colcon.colcon_core.shell:create_environment_hook('dingo_description', 'pythonpath')
[3.472s] INFO:colcon.colcon_core.shell:Creating environment descriptor '/home/vtcro/Desktop/Dog/dingo_ws/install/dingo_description/share/dingo_description/hook/pythonpath.dsv'
[3.472s] INFO:colcon.colcon_core.shell:Creating environment hook '/home/vtcro/Desktop/Dog/dingo_ws/install/dingo_description/share/dingo_description/hook/pythonpath.sh'
[3.472s] Level 1:colcon.colcon_core.environment:checking '/home/vtcro/Desktop/Dog/dingo_ws/install/dingo_description/bin'
[3.472s] Level 1:colcon.colcon_core.environment:create_environment_scripts_only(dingo_description)
[3.473s] INFO:colcon.colcon_core.shell:Creating package descriptor '/home/vtcro/Desktop/Dog/dingo_ws/install/dingo_description/share/dingo_description/package.dsv'
[3.473s] INFO:colcon.colcon_core.shell:Creating package script '/home/vtcro/Desktop/Dog/dingo_ws/install/dingo_description/share/dingo_description/package.sh'
[3.473s] INFO:colcon.colcon_core.shell:Creating package script '/home/vtcro/Desktop/Dog/dingo_ws/install/dingo_description/share/dingo_description/package.bash'
[3.473s] INFO:colcon.colcon_core.shell:Creating package script '/home/vtcro/Desktop/Dog/dingo_ws/install/dingo_description/share/dingo_description/package.zsh'
[3.474s] Level 1:colcon.colcon_core.environment:create_file_with_runtime_dependencies(/home/vtcro/Desktop/Dog/dingo_ws/install/dingo_description/share/colcon-core/packages/dingo_description)
[3.474s] DEBUG:colcon.colcon_parallel_executor.executor.parallel:closing loop
[3.474s] DEBUG:colcon.colcon_parallel_executor.executor.parallel:loop closed
[3.474s] DEBUG:colcon.colcon_parallel_executor.executor.parallel:run_until_complete finished with '0'
[3.474s] DEBUG:colcon.colcon_core.event_reactor:joining thread
[3.479s] INFO:colcon.colcon_core.plugin_system:Skipping extension 'colcon_notification.desktop_notification.terminal_notifier': Not used on non-Darwin systems
[3.479s] INFO:colcon.colcon_core.plugin_system:Skipping extension 'colcon_notification.desktop_notification.win32': Not used on non-Windows systems
[3.479s] INFO:colcon.colcon_notification.desktop_notification:Sending desktop notification using 'notify2'
[3.501s] DEBUG:colcon.colcon_core.event_reactor:joined thread
[3.501s] INFO:colcon.colcon_core.shell:Creating prefix script '/home/vtcro/Desktop/Dog/dingo_ws/install/local_setup.sh'
[3.502s] INFO:colcon.colcon_core.shell:Creating prefix util module '/home/vtcro/Desktop/Dog/dingo_ws/install/_local_setup_util_sh.py'
[3.503s] INFO:colcon.colcon_core.shell:Creating prefix chain script '/home/vtcro/Desktop/Dog/dingo_ws/install/setup.sh'
[3.504s] INFO:colcon.colcon_core.shell:Creating prefix script '/home/vtcro/Desktop/Dog/dingo_ws/install/local_setup.bash'
[3.504s] INFO:colcon.colcon_core.shell:Creating prefix chain script '/home/vtcro/Desktop/Dog/dingo_ws/install/setup.bash'
[3.506s] INFO:colcon.colcon_core.shell:Creating prefix script '/home/vtcro/Desktop/Dog/dingo_ws/install/local_setup.zsh'
[3.506s] INFO:colcon.colcon_core.shell:Creating prefix chain script '/home/vtcro/Desktop/Dog/dingo_ws/install/setup.zsh'
