[2.241s] Invoking command in '/home/vtcro/Desktop/Dog/dingo_ws/build/dingo': DEBUGINFOD_URLS=https://debuginfod.ubuntu.com PS1=(ros2-venv) \[\e]0;\u@\h: \w\a\]${debian_chroot:+($debian_chroot)}\[\033[01;32m\]\u@\h\[\033[00m\]:\[\033[01;34m\]\w\[\033[00m\]\$ PYTHONPATH=/home/vtcro/Desktop/Dog/dingo_ws/build/dingo/prefix_override:/usr/lib/python3/dist-packages/colcon_core/task/python/colcon_distutils_commands:/home/vtcro/Desktop/Dog/dingo_ws/install/dingo/lib/python3.12/site-packages:${PYTHONPATH} VIRTUAL_ENV_PROMPT=(ros2-venv) /usr/bin/python3 -W ignore:setup.py install is deprecated -W ignore:easy_install command is deprecated setup.py develop --editable --build-directory /home/vtcro/Desktop/Dog/dingo_ws/build/dingo/build --no-deps symlink_data
[2.580s] running develop
[2.820s] running egg_info
[2.820s] creating src/dingo.egg-info
[2.842s] writing src/dingo.egg-info/PKG-INFO
[2.842s] writing dependency_links to src/dingo.egg-info/dependency_links.txt
[2.842s] writing entry points to src/dingo.egg-info/entry_points.txt
[2.842s] writing requirements to src/dingo.egg-info/requires.txt
[2.842s] writing top-level names to src/dingo.egg-info/top_level.txt
[2.843s] writing manifest file 'src/dingo.egg-info/SOURCES.txt'
[2.885s] reading manifest file 'src/dingo.egg-info/SOURCES.txt'
[2.885s] writing manifest file 'src/dingo.egg-info/SOURCES.txt'
[2.908s] running build_ext
[2.908s] Creating /home/vtcro/Desktop/Dog/dingo_ws/install/dingo/lib/python3.12/site-packages/dingo.egg-link (link to src)
[2.909s] Installing dingo_driver script to /home/vtcro/Desktop/Dog/dingo_ws/install/dingo/lib/dingo
[2.909s] 
[2.909s] Installed /home/vtcro/Desktop/Dog/dingo_ws/build/dingo/src
[2.910s] running symlink_data
[2.910s] symbolically linking /home/vtcro/Desktop/Dog/dingo_ws/build/dingo/package.xml -> /home/vtcro/Desktop/Dog/dingo_ws/install/dingo/share/dingo
[2.910s] creating /home/vtcro/Desktop/Dog/dingo_ws/install/dingo/share/dingo/launch
[2.911s] symbolically linking /home/vtcro/Desktop/Dog/dingo_ws/build/dingo/launch/dingo.launch.py -> /home/vtcro/Desktop/Dog/dingo_ws/install/dingo/share/dingo/launch
[2.911s] creating /home/vtcro/Desktop/Dog/dingo_ws/install/dingo/share/ament_index
[2.911s] creating /home/vtcro/Desktop/Dog/dingo_ws/install/dingo/share/ament_index/resource_index
[2.911s] creating /home/vtcro/Desktop/Dog/dingo_ws/install/dingo/share/ament_index/resource_index/packages
[2.911s] symbolically linking /home/vtcro/Desktop/Dog/dingo_ws/build/dingo/resource/dingo -> /home/vtcro/Desktop/Dog/dingo_ws/install/dingo/share/ament_index/resource_index/packages
[2.950s] Invoked command in '/home/vtcro/Desktop/Dog/dingo_ws/build/dingo' returned '0': DEBUGINFOD_URLS=https://debuginfod.ubuntu.com PS1=(ros2-venv) \[\e]0;\u@\h: \w\a\]${debian_chroot:+($debian_chroot)}\[\033[01;32m\]\u@\h\[\033[00m\]:\[\033[01;34m\]\w\[\033[00m\]\$ PYTHONPATH=/home/vtcro/Desktop/Dog/dingo_ws/build/dingo/prefix_override:/usr/lib/python3/dist-packages/colcon_core/task/python/colcon_distutils_commands:/home/vtcro/Desktop/Dog/dingo_ws/install/dingo/lib/python3.12/site-packages:${PYTHONPATH} VIRTUAL_ENV_PROMPT=(ros2-venv) /usr/bin/python3 -W ignore:setup.py install is deprecated -W ignore:easy_install command is deprecated setup.py develop --editable --build-directory /home/vtcro/Desktop/Dog/dingo_ws/build/dingo/build --no-deps symlink_data
