[6.255s] Invoking command in '/home/robogames/Desktop/Dog/dingo_ws/src/dingo': DEBUGINFOD_URLS=https://debuginfod.ubuntu.com PS1=(ros2_python_venv) \[\e]0;\u@\h: \w\a\]${debian_chroot:+($debian_chroot)}\[\033[01;32m\]\u@\h\[\033[00m\]:\[\033[01;34m\]\w\[\033[00m\]\$ PYTHONPATH=/home/robogames/Desktop/Dog/dingo_ws/build/dingo/prefix_override:/usr/lib/python3/dist-packages/colcon_core/task/python/colcon_distutils_commands:/home/robogames/Desktop/Dog/dingo_ws/install/dingo/lib/python3.12/site-packages:${PYTHONPATH} VIRTUAL_ENV_PROMPT=(ros2_python_venv) /usr/bin/python3 -W ignore:setup.py install is deprecated -W ignore:easy_install command is deprecated setup.py egg_info --egg-base ../../build/dingo build --build-base /home/robogames/Desktop/Dog/dingo_ws/build/dingo/build install --record /home/robogames/Desktop/Dog/dingo_ws/build/dingo/install.log --single-version-externally-managed install_data
[7.415s] running egg_info
[7.480s] writing ../../build/dingo/dingo.egg-info/PKG-INFO
[7.482s] writing dependency_links to ../../build/dingo/dingo.egg-info/dependency_links.txt
[7.487s] writing entry points to ../../build/dingo/dingo.egg-info/entry_points.txt
[7.487s] writing requirements to ../../build/dingo/dingo.egg-info/requires.txt
[7.487s] writing top-level names to ../../build/dingo/dingo.egg-info/top_level.txt
[7.644s] reading manifest file '../../build/dingo/dingo.egg-info/SOURCES.txt'
[7.673s] writing manifest file '../../build/dingo/dingo.egg-info/SOURCES.txt'
[7.674s] running build
[7.674s] running build_py
[7.674s] copying src/dingo/dingo_driver.py -> /home/robogames/Desktop/Dog/dingo_ws/build/dingo/build/lib/dingo
[7.675s] running install
[7.700s] running install_lib
[7.765s] copying /home/robogames/Desktop/Dog/dingo_ws/build/dingo/build/lib/dingo/dingo_driver.py -> /home/robogames/Desktop/Dog/dingo_ws/install/dingo/lib/python3.12/site-packages/dingo
[7.786s] byte-compiling /home/robogames/Desktop/Dog/dingo_ws/install/dingo/lib/python3.12/site-packages/dingo/dingo_driver.py to dingo_driver.cpython-312.pyc
[7.815s] running install_data
[7.816s] running install_egg_info
[7.938s] removing '/home/robogames/Desktop/Dog/dingo_ws/install/dingo/lib/python3.12/site-packages/dingo-0.0.0-py3.12.egg-info' (and everything under it)
[7.943s] Copying ../../build/dingo/dingo.egg-info to /home/robogames/Desktop/Dog/dingo_ws/install/dingo/lib/python3.12/site-packages/dingo-0.0.0-py3.12.egg-info
[7.943s] running install_scripts
[8.505s] Installing dingo_driver script to /home/robogames/Desktop/Dog/dingo_ws/install/dingo/lib/dingo
[8.508s] writing list of installed files to '/home/robogames/Desktop/Dog/dingo_ws/build/dingo/install.log'
[8.763s] Invoked command in '/home/robogames/Desktop/Dog/dingo_ws/src/dingo' returned '0': DEBUGINFOD_URLS=https://debuginfod.ubuntu.com PS1=(ros2_python_venv) \[\e]0;\u@\h: \w\a\]${debian_chroot:+($debian_chroot)}\[\033[01;32m\]\u@\h\[\033[00m\]:\[\033[01;34m\]\w\[\033[00m\]\$ PYTHONPATH=/home/robogames/Desktop/Dog/dingo_ws/build/dingo/prefix_override:/usr/lib/python3/dist-packages/colcon_core/task/python/colcon_distutils_commands:/home/robogames/Desktop/Dog/dingo_ws/install/dingo/lib/python3.12/site-packages:${PYTHONPATH} VIRTUAL_ENV_PROMPT=(ros2_python_venv) /usr/bin/python3 -W ignore:setup.py install is deprecated -W ignore:easy_install command is deprecated setup.py egg_info --egg-base ../../build/dingo build --build-base /home/robogames/Desktop/Dog/dingo_ws/build/dingo/build install --record /home/robogames/Desktop/Dog/dingo_ws/build/dingo/install.log --single-version-externally-managed install_data
