[2.435s] Invoking command in '/home/robogames/Desktop/Dog/dingo_ws/src/dingo_servo_interfacing': DEBUGINFOD_URLS=https://debuginfod.ubuntu.com PS1=(ros2_python_venv) \[\e]0;\u@\h: \w\a\]${debian_chroot:+($debian_chroot)}\[\033[01;32m\]\u@\h\[\033[00m\]:\[\033[01;34m\]\w\[\033[00m\]\$ PYTHONPATH=/home/robogames/Desktop/Dog/dingo_ws/build/dingo_servo_interfacing/prefix_override:/usr/lib/python3/dist-packages/colcon_core/task/python/colcon_distutils_commands:/home/robogames/Desktop/Dog/dingo_ws/install/dingo_servo_interfacing/lib/python3.12/site-packages:${PYTHONPATH} VIRTUAL_ENV_PROMPT=(ros2_python_venv) /usr/bin/python3 -W ignore:setup.py install is deprecated -W ignore:easy_install command is deprecated setup.py egg_info --egg-base ../../build/dingo_servo_interfacing build --build-base /home/robogames/Desktop/Dog/dingo_ws/build/dingo_servo_interfacing/build install --record /home/robogames/Desktop/Dog/dingo_ws/build/dingo_servo_interfacing/install.log --single-version-externally-managed
[2.942s] running egg_info
[2.983s] writing ../../build/dingo_servo_interfacing/dingo_servo_interfacing.egg-info/PKG-INFO
[2.984s] writing dependency_links to ../../build/dingo_servo_interfacing/dingo_servo_interfacing.egg-info/dependency_links.txt
[2.985s] writing requirements to ../../build/dingo_servo_interfacing/dingo_servo_interfacing.egg-info/requires.txt
[2.986s] writing top-level names to ../../build/dingo_servo_interfacing/dingo_servo_interfacing.egg-info/top_level.txt
[3.079s] reading manifest file '../../build/dingo_servo_interfacing/dingo_servo_interfacing.egg-info/SOURCES.txt'
[3.081s] writing manifest file '../../build/dingo_servo_interfacing/dingo_servo_interfacing.egg-info/SOURCES.txt'
[3.082s] running build
[3.082s] running build_py
[3.084s] copying src/dingo_servo_interfacing/HardwareInterfaceArduino.py -> /home/robogames/Desktop/Dog/dingo_ws/build/dingo_servo_interfacing/build/lib/dingo_servo_interfacing
[3.085s] running install
[3.099s] running install_lib
[3.168s] copying /home/robogames/Desktop/Dog/dingo_ws/build/dingo_servo_interfacing/build/lib/dingo_servo_interfacing/HardwareInterfaceArduino.py -> /home/robogames/Desktop/Dog/dingo_ws/install/dingo_servo_interfacing/lib/python3.12/site-packages/dingo_servo_interfacing
[3.170s] byte-compiling /home/robogames/Desktop/Dog/dingo_ws/install/dingo_servo_interfacing/lib/python3.12/site-packages/dingo_servo_interfacing/HardwareInterfaceArduino.py to HardwareInterfaceArduino.cpython-312.pyc
[3.179s] running install_egg_info
[3.240s] removing '/home/robogames/Desktop/Dog/dingo_ws/install/dingo_servo_interfacing/lib/python3.12/site-packages/dingo_servo_interfacing-0.0.0-py3.12.egg-info' (and everything under it)
[3.241s] Copying ../../build/dingo_servo_interfacing/dingo_servo_interfacing.egg-info to /home/robogames/Desktop/Dog/dingo_ws/install/dingo_servo_interfacing/lib/python3.12/site-packages/dingo_servo_interfacing-0.0.0-py3.12.egg-info
[3.244s] running install_scripts
[3.522s] writing list of installed files to '/home/robogames/Desktop/Dog/dingo_ws/build/dingo_servo_interfacing/install.log'
[3.616s] Invoked command in '/home/robogames/Desktop/Dog/dingo_ws/src/dingo_servo_interfacing' returned '0': DEBUGINFOD_URLS=https://debuginfod.ubuntu.com PS1=(ros2_python_venv) \[\e]0;\u@\h: \w\a\]${debian_chroot:+($debian_chroot)}\[\033[01;32m\]\u@\h\[\033[00m\]:\[\033[01;34m\]\w\[\033[00m\]\$ PYTHONPATH=/home/robogames/Desktop/Dog/dingo_ws/build/dingo_servo_interfacing/prefix_override:/usr/lib/python3/dist-packages/colcon_core/task/python/colcon_distutils_commands:/home/robogames/Desktop/Dog/dingo_ws/install/dingo_servo_interfacing/lib/python3.12/site-packages:${PYTHONPATH} VIRTUAL_ENV_PROMPT=(ros2_python_venv) /usr/bin/python3 -W ignore:setup.py install is deprecated -W ignore:easy_install command is deprecated setup.py egg_info --egg-base ../../build/dingo_servo_interfacing build --build-base /home/robogames/Desktop/Dog/dingo_ws/build/dingo_servo_interfacing/build install --record /home/robogames/Desktop/Dog/dingo_ws/build/dingo_servo_interfacing/install.log --single-version-externally-managed
