running egg_info
creating ../../build/dingo_description/dingo_description.egg-info
writing ../../build/dingo_description/dingo_description.egg-info/PKG-INFO
writing dependency_links to ../../build/dingo_description/dingo_description.egg-info/dependency_links.txt
writing requirements to ../../build/dingo_description/dingo_description.egg-info/requires.txt
writing top-level names to ../../build/dingo_description/dingo_description.egg-info/top_level.txt
writing manifest file '../../build/dingo_description/dingo_description.egg-info/SOURCES.txt'
reading manifest file '../../build/dingo_description/dingo_description.egg-info/SOURCES.txt'
writing manifest file '../../build/dingo_description/dingo_description.egg-info/SOURCES.txt'
running build
running build_py
creating /home/robogames/Desktop/Dog/dingo_ws/build/dingo_description/build
creating /home/robogames/Desktop/Dog/dingo_ws/build/dingo_description/build/lib
creating /home/robogames/Desktop/Dog/dingo_ws/build/dingo_description/build/lib/dingo_description
copying dingo_description/__init__.py -> /home/robogames/Desktop/Dog/dingo_ws/build/dingo_description/build/lib/dingo_description
running install
running install_lib
creating /home/robogames/Desktop/Dog/dingo_ws/install/dingo_description/lib/python3.12/site-packages/dingo_description
copying /home/robogames/Desktop/Dog/dingo_ws/build/dingo_description/build/lib/dingo_description/__init__.py -> /home/robogames/Desktop/Dog/dingo_ws/install/dingo_description/lib/python3.12/site-packages/dingo_description
byte-compiling /home/robogames/Desktop/Dog/dingo_ws/install/dingo_description/lib/python3.12/site-packages/dingo_description/__init__.py to __init__.cpython-312.pyc
running install_data
creating /home/robogames/Desktop/Dog/dingo_ws/install/dingo_description/share/ament_index
creating /home/robogames/Desktop/Dog/dingo_ws/install/dingo_description/share/ament_index/resource_index
creating /home/robogames/Desktop/Dog/dingo_ws/install/dingo_description/share/ament_index/resource_index/packages
copying resource/dingo_description -> /home/robogames/Desktop/Dog/dingo_ws/install/dingo_description/share/ament_index/resource_index/packages
copying package.xml -> /home/robogames/Desktop/Dog/dingo_ws/install/dingo_description/share/dingo_description
creating /home/robogames/Desktop/Dog/dingo_ws/install/dingo_description/share/dingo_description/launch
copying launch/gazebo.launch.py -> /home/robogames/Desktop/Dog/dingo_ws/install/dingo_description/share/dingo_description/launch
copying launch/display.launch.py -> /home/robogames/Desktop/Dog/dingo_ws/install/dingo_description/share/dingo_description/launch
creating /home/robogames/Desktop/Dog/dingo_ws/install/dingo_description/share/dingo_description/urdf
copying urdf/rear_left_rl_leg.xacro -> /home/robogames/Desktop/Dog/dingo_ws/install/dingo_description/share/dingo_description/urdf
copying urdf/dingo.urdf.xacro -> /home/robogames/Desktop/Dog/dingo_ws/install/dingo_description/share/dingo_description/urdf
copying urdf/materials.xacro -> /home/robogames/Desktop/Dog/dingo_ws/install/dingo_description/share/dingo_description/urdf
copying urdf/inertial_macros.xacro -> /home/robogames/Desktop/Dog/dingo_ws/install/dingo_description/share/dingo_description/urdf
copying urdf/tmp_dingo.core.xacro -> /home/robogames/Desktop/Dog/dingo_ws/install/dingo_description/share/dingo_description/urdf
copying urdf/ros2_control.xacro -> /home/robogames/Desktop/Dog/dingo_ws/install/dingo_description/share/dingo_description/urdf
copying urdf/gazebo_control.xacro -> /home/robogames/Desktop/Dog/dingo_ws/install/dingo_description/share/dingo_description/urdf
copying urdf/front_right_fr_leg.xacro -> /home/robogames/Desktop/Dog/dingo_ws/install/dingo_description/share/dingo_description/urdf
copying urdf/dingo.core.xacro -> /home/robogames/Desktop/Dog/dingo_ws/install/dingo_description/share/dingo_description/urdf
copying urdf/leg1.trans -> /home/robogames/Desktop/Dog/dingo_ws/install/dingo_description/share/dingo_description/urdf
copying urdf/front_left_fl_leg.xacro -> /home/robogames/Desktop/Dog/dingo_ws/install/dingo_description/share/dingo_description/urdf
copying urdf/leg1.gazebo -> /home/robogames/Desktop/Dog/dingo_ws/install/dingo_description/share/dingo_description/urdf
copying urdf/rear_right_rr_leg.xacro -> /home/robogames/Desktop/Dog/dingo_ws/install/dingo_description/share/dingo_description/urdf
copying urdf/imu.xacro -> /home/robogames/Desktop/Dog/dingo_ws/install/dingo_description/share/dingo_description/urdf
creating /home/robogames/Desktop/Dog/dingo_ws/install/dingo_description/share/dingo_description/meshes
copying meshes/R_link1_collision.STL -> /home/robogames/Desktop/Dog/dingo_ws/install/dingo_description/share/dingo_description/meshes
copying meshes/RL1_obj.mtl -> /home/robogames/Desktop/Dog/dingo_ws/install/dingo_description/share/dingo_description/meshes
copying meshes/FR_link2.STL -> /home/robogames/Desktop/Dog/dingo_ws/install/dingo_description/share/dingo_description/meshes
copying meshes/FL_link1.STL -> /home/robogames/Desktop/Dog/dingo_ws/install/dingo_description/share/dingo_description/meshes
copying meshes/FL_link1.dae -> /home/robogames/Desktop/Dog/dingo_ws/install/dingo_description/share/dingo_description/meshes
copying meshes/R3_obj.mtl -> /home/robogames/Desktop/Dog/dingo_ws/install/dingo_description/share/dingo_description/meshes
copying meshes/RR_link3.STL -> /home/robogames/Desktop/Dog/dingo_ws/install/dingo_description/share/dingo_description/meshes
copying meshes/body_obj.mtl -> /home/robogames/Desktop/Dog/dingo_ws/install/dingo_description/share/dingo_description/meshes
copying meshes/L3_obj.obj -> /home/robogames/Desktop/Dog/dingo_ws/install/dingo_description/share/dingo_description/meshes
copying meshes/R2_obj.obj -> /home/robogames/Desktop/Dog/dingo_ws/install/dingo_description/share/dingo_description/meshes
copying meshes/link4.dae -> /home/robogames/Desktop/Dog/dingo_ws/install/dingo_description/share/dingo_description/meshes
copying meshes/FL1_obj.mtl -> /home/robogames/Desktop/Dog/dingo_ws/install/dingo_description/share/dingo_description/meshes
copying meshes/RR1_obj.obj -> /home/robogames/Desktop/Dog/dingo_ws/install/dingo_description/share/dingo_description/meshes
copying meshes/FR_link3.STL -> /home/robogames/Desktop/Dog/dingo_ws/install/dingo_description/share/dingo_description/meshes
copying meshes/L3_obj.mtl -> /home/robogames/Desktop/Dog/dingo_ws/install/dingo_description/share/dingo_description/meshes
copying meshes/RR_link4.STL -> /home/robogames/Desktop/Dog/dingo_ws/install/dingo_description/share/dingo_description/meshes
copying meshes/RR_link2.STL -> /home/robogames/Desktop/Dog/dingo_ws/install/dingo_description/share/dingo_description/meshes
copying meshes/L_link3.dae -> /home/robogames/Desktop/Dog/dingo_ws/install/dingo_description/share/dingo_description/meshes
copying meshes/base_link.dae -> /home/robogames/Desktop/Dog/dingo_ws/install/dingo_description/share/dingo_description/meshes
copying meshes/RL_link1.dae -> /home/robogames/Desktop/Dog/dingo_ws/install/dingo_description/share/dingo_description/meshes
copying meshes/L2_obj.obj -> /home/robogames/Desktop/Dog/dingo_ws/install/dingo_description/share/dingo_description/meshes
copying meshes/L_link2.dae -> /home/robogames/Desktop/Dog/dingo_ws/install/dingo_description/share/dingo_description/meshes
copying meshes/FL_link3.STL -> /home/robogames/Desktop/Dog/dingo_ws/install/dingo_description/share/dingo_description/meshes
copying meshes/RL1_obj.obj -> /home/robogames/Desktop/Dog/dingo_ws/install/dingo_description/share/dingo_description/meshes
copying meshes/body_obj.obj -> /home/robogames/Desktop/Dog/dingo_ws/install/dingo_description/share/dingo_description/meshes
copying meshes/RR_link1.dae -> /home/robogames/Desktop/Dog/dingo_ws/install/dingo_description/share/dingo_description/meshes
copying meshes/main.py -> /home/robogames/Desktop/Dog/dingo_ws/install/dingo_description/share/dingo_description/meshes
copying meshes/base_link.STL -> /home/robogames/Desktop/Dog/dingo_ws/install/dingo_description/share/dingo_description/meshes
copying meshes/RL_link4.STL -> /home/robogames/Desktop/Dog/dingo_ws/install/dingo_description/share/dingo_description/meshes
copying meshes/FL1_obj.obj -> /home/robogames/Desktop/Dog/dingo_ws/install/dingo_description/share/dingo_description/meshes
copying meshes/L_link3_collision.STL -> /home/robogames/Desktop/Dog/dingo_ws/install/dingo_description/share/dingo_description/meshes
copying meshes/FR_link1.dae -> /home/robogames/Desktop/Dog/dingo_ws/install/dingo_description/share/dingo_description/meshes
copying meshes/R_link3.dae -> /home/robogames/Desktop/Dog/dingo_ws/install/dingo_description/share/dingo_description/meshes
copying meshes/L_link1_collision.STL -> /home/robogames/Desktop/Dog/dingo_ws/install/dingo_description/share/dingo_description/meshes
copying meshes/FL_link4.STL -> /home/robogames/Desktop/Dog/dingo_ws/install/dingo_description/share/dingo_description/meshes
copying meshes/base_collision.STL -> /home/robogames/Desktop/Dog/dingo_ws/install/dingo_description/share/dingo_description/meshes
copying meshes/thread.jpg -> /home/robogames/Desktop/Dog/dingo_ws/install/dingo_description/share/dingo_description/meshes
copying meshes/FL_link2.STL -> /home/robogames/Desktop/Dog/dingo_ws/install/dingo_description/share/dingo_description/meshes
copying meshes/L2_obj.mtl -> /home/robogames/Desktop/Dog/dingo_ws/install/dingo_description/share/dingo_description/meshes
copying meshes/FR_link4.STL -> /home/robogames/Desktop/Dog/dingo_ws/install/dingo_description/share/dingo_description/meshes
copying meshes/RL_link1.STL -> /home/robogames/Desktop/Dog/dingo_ws/install/dingo_description/share/dingo_description/meshes
copying meshes/RR_link1.STL -> /home/robogames/Desktop/Dog/dingo_ws/install/dingo_description/share/dingo_description/meshes
copying meshes/L_link2_collision.STL -> /home/robogames/Desktop/Dog/dingo_ws/install/dingo_description/share/dingo_description/meshes
copying meshes/FR_link1.STL -> /home/robogames/Desktop/Dog/dingo_ws/install/dingo_description/share/dingo_description/meshes
copying meshes/RR1_obj.mtl -> /home/robogames/Desktop/Dog/dingo_ws/install/dingo_description/share/dingo_description/meshes
copying meshes/R3_obj.obj -> /home/robogames/Desktop/Dog/dingo_ws/install/dingo_description/share/dingo_description/meshes
copying meshes/R2_obj.mtl -> /home/robogames/Desktop/Dog/dingo_ws/install/dingo_description/share/dingo_description/meshes
copying meshes/FR1_obj.obj -> /home/robogames/Desktop/Dog/dingo_ws/install/dingo_description/share/dingo_description/meshes
copying meshes/R_link2.dae -> /home/robogames/Desktop/Dog/dingo_ws/install/dingo_description/share/dingo_description/meshes
copying meshes/R_link2_collision.STL -> /home/robogames/Desktop/Dog/dingo_ws/install/dingo_description/share/dingo_description/meshes
copying meshes/link4_collision.STL -> /home/robogames/Desktop/Dog/dingo_ws/install/dingo_description/share/dingo_description/meshes
copying meshes/RL_link3.STL -> /home/robogames/Desktop/Dog/dingo_ws/install/dingo_description/share/dingo_description/meshes
copying meshes/RL_link2.STL -> /home/robogames/Desktop/Dog/dingo_ws/install/dingo_description/share/dingo_description/meshes
copying meshes/R_link3_collision.STL -> /home/robogames/Desktop/Dog/dingo_ws/install/dingo_description/share/dingo_description/meshes
copying meshes/FR1_obj.mtl -> /home/robogames/Desktop/Dog/dingo_ws/install/dingo_description/share/dingo_description/meshes
creating /home/robogames/Desktop/Dog/dingo_ws/install/dingo_description/share/dingo_description/config
copying config/initial_positions.yaml -> /home/robogames/Desktop/Dog/dingo_ws/install/dingo_description/share/dingo_description/config
copying config/display.rviz -> /home/robogames/Desktop/Dog/dingo_ws/install/dingo_description/share/dingo_description/config
running install_egg_info
Copying ../../build/dingo_description/dingo_description.egg-info to /home/robogames/Desktop/Dog/dingo_ws/install/dingo_description/lib/python3.12/site-packages/dingo_description-0.0.0-py3.12.egg-info
running install_scripts
writing list of installed files to '/home/robogames/Desktop/Dog/dingo_ws/build/dingo_description/install.log'
