[3.335s] Invoking command in '/home/robogames/Desktop/Dog/dingo_ws/src/dingo_peripheral_interfacing': DEBUGINFOD_URLS=https://debuginfod.ubuntu.com PYTHONPATH=/home/robogames/Desktop/Dog/dingo_ws/build/dingo_peripheral_interfacing/prefix_override:/usr/lib/python3/dist-packages/colcon_core/task/python/colcon_distutils_commands:/home/robogames/Desktop/Dog/dingo_ws/install/dingo_peripheral_interfacing/lib/python3.12/site-packages:${PYTHONPATH} /usr/bin/python3 -W ignore:setup.py install is deprecated -W ignore:easy_install command is deprecated setup.py egg_info --egg-base ../../build/dingo_peripheral_interfacing build --build-base /home/robogames/Desktop/Dog/dingo_ws/build/dingo_peripheral_interfacing/build install --record /home/robogames/Desktop/Dog/dingo_ws/build/dingo_peripheral_interfacing/install.log --single-version-externally-managed install_data
[4.783s] running egg_info
[4.783s] creating ../../build/dingo_peripheral_interfacing/dingo_peripheral_interfacing.egg-info
[4.864s] writing ../../build/dingo_peripheral_interfacing/dingo_peripheral_interfacing.egg-info/PKG-INFO
[4.864s] writing dependency_links to ../../build/dingo_peripheral_interfacing/dingo_peripheral_interfacing.egg-info/dependency_links.txt
[4.865s] writing entry points to ../../build/dingo_peripheral_interfacing/dingo_peripheral_interfacing.egg-info/entry_points.txt
[4.866s] writing requirements to ../../build/dingo_peripheral_interfacing/dingo_peripheral_interfacing.egg-info/requires.txt
[4.877s] writing top-level names to ../../build/dingo_peripheral_interfacing/dingo_peripheral_interfacing.egg-info/top_level.txt
[4.877s] writing manifest file '../../build/dingo_peripheral_interfacing/dingo_peripheral_interfacing.egg-info/SOURCES.txt'
[5.053s] reading manifest file '../../build/dingo_peripheral_interfacing/dingo_peripheral_interfacing.egg-info/SOURCES.txt'
[5.053s] writing manifest file '../../build/dingo_peripheral_interfacing/dingo_peripheral_interfacing.egg-info/SOURCES.txt'
[5.059s] running build
[5.060s] running build_py
[5.060s] creating /home/robogames/Desktop/Dog/dingo_ws/build/dingo_peripheral_interfacing/build
[5.060s] creating /home/robogames/Desktop/Dog/dingo_ws/build/dingo_peripheral_interfacing/build/lib
[5.061s] creating /home/robogames/Desktop/Dog/dingo_ws/build/dingo_peripheral_interfacing/build/lib/dingo_peripheral_interfacing
[5.061s] copying src/dingo_peripheral_interfacing/lcdconfig.py -> /home/robogames/Desktop/Dog/dingo_ws/build/dingo_peripheral_interfacing/build/lib/dingo_peripheral_interfacing
[5.063s] copying src/dingo_peripheral_interfacing/__init__.py -> /home/robogames/Desktop/Dog/dingo_ws/build/dingo_peripheral_interfacing/build/lib/dingo_peripheral_interfacing
[5.063s] copying src/dingo_peripheral_interfacing/LCD_1inch47.py -> /home/robogames/Desktop/Dog/dingo_ws/build/dingo_peripheral_interfacing/build/lib/dingo_peripheral_interfacing
[5.064s] copying src/dingo_peripheral_interfacing/IMU.py -> /home/robogames/Desktop/Dog/dingo_ws/build/dingo_peripheral_interfacing/build/lib/dingo_peripheral_interfacing
[5.064s] copying src/dingo_peripheral_interfacing/battery_voltage_checking.py -> /home/robogames/Desktop/Dog/dingo_ws/build/dingo_peripheral_interfacing/build/lib/dingo_peripheral_interfacing
[5.064s] copying src/dingo_peripheral_interfacing/imu_test.py -> /home/robogames/Desktop/Dog/dingo_ws/build/dingo_peripheral_interfacing/build/lib/dingo_peripheral_interfacing
[5.064s] copying src/dingo_peripheral_interfacing/dingo_lcd_interfacing.py -> /home/robogames/Desktop/Dog/dingo_ws/build/dingo_peripheral_interfacing/build/lib/dingo_peripheral_interfacing
[5.064s] running install
[5.078s] running install_lib
[5.153s] creating /home/robogames/Desktop/Dog/dingo_ws/install/dingo_peripheral_interfacing/lib/python3.12/site-packages/dingo_peripheral_interfacing
[5.154s] copying /home/robogames/Desktop/Dog/dingo_ws/build/dingo_peripheral_interfacing/build/lib/dingo_peripheral_interfacing/lcdconfig.py -> /home/robogames/Desktop/Dog/dingo_ws/install/dingo_peripheral_interfacing/lib/python3.12/site-packages/dingo_peripheral_interfacing
[5.154s] copying /home/robogames/Desktop/Dog/dingo_ws/build/dingo_peripheral_interfacing/build/lib/dingo_peripheral_interfacing/__init__.py -> /home/robogames/Desktop/Dog/dingo_ws/install/dingo_peripheral_interfacing/lib/python3.12/site-packages/dingo_peripheral_interfacing
[5.155s] copying /home/robogames/Desktop/Dog/dingo_ws/build/dingo_peripheral_interfacing/build/lib/dingo_peripheral_interfacing/LCD_1inch47.py -> /home/robogames/Desktop/Dog/dingo_ws/install/dingo_peripheral_interfacing/lib/python3.12/site-packages/dingo_peripheral_interfacing
[5.155s] copying /home/robogames/Desktop/Dog/dingo_ws/build/dingo_peripheral_interfacing/build/lib/dingo_peripheral_interfacing/IMU.py -> /home/robogames/Desktop/Dog/dingo_ws/install/dingo_peripheral_interfacing/lib/python3.12/site-packages/dingo_peripheral_interfacing
[5.159s] copying /home/robogames/Desktop/Dog/dingo_ws/build/dingo_peripheral_interfacing/build/lib/dingo_peripheral_interfacing/battery_voltage_checking.py -> /home/robogames/Desktop/Dog/dingo_ws/install/dingo_peripheral_interfacing/lib/python3.12/site-packages/dingo_peripheral_interfacing
[5.160s] copying /home/robogames/Desktop/Dog/dingo_ws/build/dingo_peripheral_interfacing/build/lib/dingo_peripheral_interfacing/imu_test.py -> /home/robogames/Desktop/Dog/dingo_ws/install/dingo_peripheral_interfacing/lib/python3.12/site-packages/dingo_peripheral_interfacing
[5.165s] copying /home/robogames/Desktop/Dog/dingo_ws/build/dingo_peripheral_interfacing/build/lib/dingo_peripheral_interfacing/dingo_lcd_interfacing.py -> /home/robogames/Desktop/Dog/dingo_ws/install/dingo_peripheral_interfacing/lib/python3.12/site-packages/dingo_peripheral_interfacing
[5.166s] byte-compiling /home/robogames/Desktop/Dog/dingo_ws/install/dingo_peripheral_interfacing/lib/python3.12/site-packages/dingo_peripheral_interfacing/lcdconfig.py to lcdconfig.cpython-312.pyc
[5.169s] byte-compiling /home/robogames/Desktop/Dog/dingo_ws/install/dingo_peripheral_interfacing/lib/python3.12/site-packages/dingo_peripheral_interfacing/__init__.py to __init__.cpython-312.pyc
[5.175s] byte-compiling /home/robogames/Desktop/Dog/dingo_ws/install/dingo_peripheral_interfacing/lib/python3.12/site-packages/dingo_peripheral_interfacing/LCD_1inch47.py to LCD_1inch47.cpython-312.pyc
[5.177s] byte-compiling /home/robogames/Desktop/Dog/dingo_ws/install/dingo_peripheral_interfacing/lib/python3.12/site-packages/dingo_peripheral_interfacing/IMU.py to IMU.cpython-312.pyc
[5.178s] byte-compiling /home/robogames/Desktop/Dog/dingo_ws/install/dingo_peripheral_interfacing/lib/python3.12/site-packages/dingo_peripheral_interfacing/battery_voltage_checking.py to battery_voltage_checking.cpython-312.pyc
[5.185s] byte-compiling /home/robogames/Desktop/Dog/dingo_ws/install/dingo_peripheral_interfacing/lib/python3.12/site-packages/dingo_peripheral_interfacing/imu_test.py to imu_test.cpython-312.pyc
[5.186s] byte-compiling /home/robogames/Desktop/Dog/dingo_ws/install/dingo_peripheral_interfacing/lib/python3.12/site-packages/dingo_peripheral_interfacing/dingo_lcd_interfacing.py to dingo_lcd_interfacing.cpython-312.pyc
[5.186s] running install_data
[5.186s] copying package.xml -> /home/robogames/Desktop/Dog/dingo_ws/install/dingo_peripheral_interfacing/share/dingo_peripheral_interfacing
[5.186s] creating /home/robogames/Desktop/Dog/dingo_ws/install/dingo_peripheral_interfacing/share/dingo_peripheral_interfacing/launch
[5.187s] creating /home/robogames/Desktop/Dog/dingo_ws/install/dingo_peripheral_interfacing/share/ament_index
[5.188s] creating /home/robogames/Desktop/Dog/dingo_ws/install/dingo_peripheral_interfacing/share/ament_index/resource_index
[5.189s] creating /home/robogames/Desktop/Dog/dingo_ws/install/dingo_peripheral_interfacing/share/ament_index/resource_index/packages
[5.190s] copying resource/dingo_peripheral_interfacing -> /home/robogames/Desktop/Dog/dingo_ws/install/dingo_peripheral_interfacing/share/ament_index/resource_index/packages
[5.191s] running install_egg_info
[5.333s] Copying ../../build/dingo_peripheral_interfacing/dingo_peripheral_interfacing.egg-info to /home/robogames/Desktop/Dog/dingo_ws/install/dingo_peripheral_interfacing/lib/python3.12/site-packages/dingo_peripheral_interfacing-0.0.0-py3.12.egg-info
[5.350s] running install_scripts
[5.980s] Installing dingo_lcd_interfacing script to /home/robogames/Desktop/Dog/dingo_ws/install/dingo_peripheral_interfacing/lib/dingo_peripheral_interfacing
[5.982s] writing list of installed files to '/home/robogames/Desktop/Dog/dingo_ws/build/dingo_peripheral_interfacing/install.log'
[6.184s] Invoked command in '/home/robogames/Desktop/Dog/dingo_ws/src/dingo_peripheral_interfacing' returned '0': DEBUGINFOD_URLS=https://debuginfod.ubuntu.com PYTHONPATH=/home/robogames/Desktop/Dog/dingo_ws/build/dingo_peripheral_interfacing/prefix_override:/usr/lib/python3/dist-packages/colcon_core/task/python/colcon_distutils_commands:/home/robogames/Desktop/Dog/dingo_ws/install/dingo_peripheral_interfacing/lib/python3.12/site-packages:${PYTHONPATH} /usr/bin/python3 -W ignore:setup.py install is deprecated -W ignore:easy_install command is deprecated setup.py egg_info --egg-base ../../build/dingo_peripheral_interfacing build --build-base /home/robogames/Desktop/Dog/dingo_ws/build/dingo_peripheral_interfacing/build install --record /home/robogames/Desktop/Dog/dingo_ws/build/dingo_peripheral_interfacing/install.log --single-version-externally-managed install_data
