[2.834s] Invoking command in '/home/robogames/Desktop/Dog/dingo_ws/src/dingo_peripheral_interfacing': DEBUGINFOD_URLS=https://debuginfod.ubuntu.com PS1=(ros2_python_venv) \[\e]0;\u@\h: \w\a\]${debian_chroot:+($debian_chroot)}\[\033[01;32m\]\u@\h\[\033[00m\]:\[\033[01;34m\]\w\[\033[00m\]\$ PYTHONPATH=/home/robogames/Desktop/Dog/dingo_ws/build/dingo_peripheral_interfacing/prefix_override:/usr/lib/python3/dist-packages/colcon_core/task/python/colcon_distutils_commands:/home/robogames/Desktop/Dog/dingo_ws/install/dingo_peripheral_interfacing/lib/python3.12/site-packages:${PYTHONPATH} VIRTUAL_ENV_PROMPT=(ros2_python_venv) /usr/bin/python3 -W ignore:setup.py install is deprecated -W ignore:easy_install command is deprecated setup.py egg_info --egg-base ../../build/dingo_peripheral_interfacing build --build-base /home/robogames/Desktop/Dog/dingo_ws/build/dingo_peripheral_interfacing/build install --record /home/robogames/Desktop/Dog/dingo_ws/build/dingo_peripheral_interfacing/install.log --single-version-externally-managed install_data
[3.380s] running egg_info
[3.423s] writing ../../build/dingo_peripheral_interfacing/dingo_peripheral_interfacing.egg-info/PKG-INFO
[3.424s] writing dependency_links to ../../build/dingo_peripheral_interfacing/dingo_peripheral_interfacing.egg-info/dependency_links.txt
[3.426s] writing entry points to ../../build/dingo_peripheral_interfacing/dingo_peripheral_interfacing.egg-info/entry_points.txt
[3.427s] writing requirements to ../../build/dingo_peripheral_interfacing/dingo_peripheral_interfacing.egg-info/requires.txt
[3.427s] writing top-level names to ../../build/dingo_peripheral_interfacing/dingo_peripheral_interfacing.egg-info/top_level.txt
[3.554s] reading manifest file '../../build/dingo_peripheral_interfacing/dingo_peripheral_interfacing.egg-info/SOURCES.txt'
[3.558s] writing manifest file '../../build/dingo_peripheral_interfacing/dingo_peripheral_interfacing.egg-info/SOURCES.txt'
[3.558s] running build
[3.558s] running build_py
[3.558s] running install
[3.571s] running install_lib
[3.622s] running install_data
[3.622s] running install_egg_info
[3.669s] removing '/home/robogames/Desktop/Dog/dingo_ws/install/dingo_peripheral_interfacing/lib/python3.12/site-packages/dingo_peripheral_interfacing-0.0.0-py3.12.egg-info' (and everything under it)
[3.669s] Copying ../../build/dingo_peripheral_interfacing/dingo_peripheral_interfacing.egg-info to /home/robogames/Desktop/Dog/dingo_ws/install/dingo_peripheral_interfacing/lib/python3.12/site-packages/dingo_peripheral_interfacing-0.0.0-py3.12.egg-info
[3.671s] running install_scripts
[3.949s] Installing dingo_lcd_interfacing script to /home/robogames/Desktop/Dog/dingo_ws/install/dingo_peripheral_interfacing/lib/dingo_peripheral_interfacing
[3.949s] writing list of installed files to '/home/robogames/Desktop/Dog/dingo_ws/build/dingo_peripheral_interfacing/install.log'
[4.068s] Invoked command in '/home/robogames/Desktop/Dog/dingo_ws/src/dingo_peripheral_interfacing' returned '0': DEBUGINFOD_URLS=https://debuginfod.ubuntu.com PS1=(ros2_python_venv) \[\e]0;\u@\h: \w\a\]${debian_chroot:+($debian_chroot)}\[\033[01;32m\]\u@\h\[\033[00m\]:\[\033[01;34m\]\w\[\033[00m\]\$ PYTHONPATH=/home/robogames/Desktop/Dog/dingo_ws/build/dingo_peripheral_interfacing/prefix_override:/usr/lib/python3/dist-packages/colcon_core/task/python/colcon_distutils_commands:/home/robogames/Desktop/Dog/dingo_ws/install/dingo_peripheral_interfacing/lib/python3.12/site-packages:${PYTHONPATH} VIRTUAL_ENV_PROMPT=(ros2_python_venv) /usr/bin/python3 -W ignore:setup.py install is deprecated -W ignore:easy_install command is deprecated setup.py egg_info --egg-base ../../build/dingo_peripheral_interfacing build --build-base /home/robogames/Desktop/Dog/dingo_ws/build/dingo_peripheral_interfacing/build install --record /home/robogames/Desktop/Dog/dingo_ws/build/dingo_peripheral_interfacing/install.log --single-version-externally-managed install_data
