running develop
running egg_info
creating src/dingo_control.egg-info
writing src/dingo_control.egg-info/PKG-INFO
writing dependency_links to src/dingo_control.egg-info/dependency_links.txt
writing requirements to src/dingo_control.egg-info/requires.txt
writing top-level names to src/dingo_control.egg-info/top_level.txt
writing manifest file 'src/dingo_control.egg-info/SOURCES.txt'
reading manifest file 'src/dingo_control.egg-info/SOURCES.txt'
writing manifest file 'src/dingo_control.egg-info/SOURCES.txt'
running build_ext
Creating /home/vtcro/Desktop/Dog/dingo_ws/install/dingo_control/lib/python3.12/site-packages/dingo-control.egg-link (link to src)

Installed /home/vtcro/Desktop/Dog/dingo_ws/build/dingo_control/src
running symlink_data
symbolically linking /home/vtcro/Desktop/Dog/dingo_ws/build/dingo_control/package.xml -> /home/vtcro/Desktop/Dog/dingo_ws/install/dingo_control/share/dingo_control
creating /home/vtcro/Desktop/Dog/dingo_ws/install/dingo_control/share/dingo_control/launch
creating /home/vtcro/Desktop/Dog/dingo_ws/install/dingo_control/share/ament_index
creating /home/vtcro/Desktop/Dog/dingo_ws/install/dingo_control/share/ament_index/resource_index
creating /home/vtcro/Desktop/Dog/dingo_ws/install/dingo_control/share/ament_index/resource_index/packages
symbolically linking /home/vtcro/Desktop/Dog/dingo_ws/build/dingo_control/resource/dingo_control -> /home/vtcro/Desktop/Dog/dingo_ws/install/dingo_control/share/ament_index/resource_index/packages
