[2.172s] Invoking command in '/home/vtcro/Desktop/Dog/dingo_ws/build/dingo_control': DEBUGINFOD_URLS=https://debuginfod.ubuntu.com PS1=(ros2-venv) \[\e]0;\u@\h: \w\a\]${debian_chroot:+($debian_chroot)}\[\033[01;32m\]\u@\h\[\033[00m\]:\[\033[01;34m\]\w\[\033[00m\]\$ PYTHONPATH=/home/vtcro/Desktop/Dog/dingo_ws/build/dingo_control/prefix_override:/usr/lib/python3/dist-packages/colcon_core/task/python/colcon_distutils_commands:/home/vtcro/Desktop/Dog/dingo_ws/install/dingo_control/lib/python3.12/site-packages:${PYTHONPATH} VIRTUAL_ENV_PROMPT=(ros2-venv) /usr/bin/python3 -W ignore:setup.py install is deprecated -W ignore:easy_install command is deprecated setup.py develop --editable --build-directory /home/vtcro/Desktop/Dog/dingo_ws/build/dingo_control/build --no-deps symlink_data
[2.525s] running develop
[2.808s] running egg_info
[2.809s] creating src/dingo_control.egg-info
[2.829s] writing src/dingo_control.egg-info/PKG-INFO
[2.829s] writing dependency_links to src/dingo_control.egg-info/dependency_links.txt
[2.829s] writing requirements to src/dingo_control.egg-info/requires.txt
[2.829s] writing top-level names to src/dingo_control.egg-info/top_level.txt
[2.829s] writing manifest file 'src/dingo_control.egg-info/SOURCES.txt'
[2.876s] reading manifest file 'src/dingo_control.egg-info/SOURCES.txt'
[2.877s] writing manifest file 'src/dingo_control.egg-info/SOURCES.txt'
[2.899s] running build_ext
[2.899s] Creating /home/vtcro/Desktop/Dog/dingo_ws/install/dingo_control/lib/python3.12/site-packages/dingo-control.egg-link (link to src)
[2.899s] 
[2.899s] Installed /home/vtcro/Desktop/Dog/dingo_ws/build/dingo_control/src
[2.899s] running symlink_data
[2.899s] symbolically linking /home/vtcro/Desktop/Dog/dingo_ws/build/dingo_control/package.xml -> /home/vtcro/Desktop/Dog/dingo_ws/install/dingo_control/share/dingo_control
[2.899s] creating /home/vtcro/Desktop/Dog/dingo_ws/install/dingo_control/share/dingo_control/launch
[2.899s] creating /home/vtcro/Desktop/Dog/dingo_ws/install/dingo_control/share/ament_index
[2.901s] creating /home/vtcro/Desktop/Dog/dingo_ws/install/dingo_control/share/ament_index/resource_index
[2.901s] creating /home/vtcro/Desktop/Dog/dingo_ws/install/dingo_control/share/ament_index/resource_index/packages
[2.901s] symbolically linking /home/vtcro/Desktop/Dog/dingo_ws/build/dingo_control/resource/dingo_control -> /home/vtcro/Desktop/Dog/dingo_ws/install/dingo_control/share/ament_index/resource_index/packages
[2.928s] Invoked command in '/home/vtcro/Desktop/Dog/dingo_ws/build/dingo_control' returned '0': DEBUGINFOD_URLS=https://debuginfod.ubuntu.com PS1=(ros2-venv) \[\e]0;\u@\h: \w\a\]${debian_chroot:+($debian_chroot)}\[\033[01;32m\]\u@\h\[\033[00m\]:\[\033[01;34m\]\w\[\033[00m\]\$ PYTHONPATH=/home/vtcro/Desktop/Dog/dingo_ws/build/dingo_control/prefix_override:/usr/lib/python3/dist-packages/colcon_core/task/python/colcon_distutils_commands:/home/vtcro/Desktop/Dog/dingo_ws/install/dingo_control/lib/python3.12/site-packages:${PYTHONPATH} VIRTUAL_ENV_PROMPT=(ros2-venv) /usr/bin/python3 -W ignore:setup.py install is deprecated -W ignore:easy_install command is deprecated setup.py develop --editable --build-directory /home/vtcro/Desktop/Dog/dingo_ws/build/dingo_control/build --no-deps symlink_data
