/home/robogames/Desktop/Dog/dingo_ws/install/dingo_description/lib/python3.12/site-packages/dingo_description/__init__.py
/home/robogames/Desktop/Dog/dingo_ws/install/dingo_description/lib/python3.12/site-packages/dingo_description/__pycache__/__init__.cpython-312.pyc
/home/robogames/Desktop/Dog/dingo_ws/install/dingo_description/share/ament_index/resource_index/packages/dingo_description
/home/robogames/Desktop/Dog/dingo_ws/install/dingo_description/share/dingo_description/package.xml
/home/robogames/Desktop/Dog/dingo_ws/install/dingo_description/share/dingo_description/launch/gazebo.launch.py
/home/robogames/Desktop/Dog/dingo_ws/install/dingo_description/share/dingo_description/launch/display.launch.py
/home/robogames/Desktop/Dog/dingo_ws/install/dingo_description/share/dingo_description/urdf/rear_left_rl_leg.xacro
/home/robogames/Desktop/Dog/dingo_ws/install/dingo_description/share/dingo_description/urdf/dingo.urdf.xacro
/home/robogames/Desktop/Dog/dingo_ws/install/dingo_description/share/dingo_description/urdf/materials.xacro
/home/robogames/Desktop/Dog/dingo_ws/install/dingo_description/share/dingo_description/urdf/inertial_macros.xacro
/home/robogames/Desktop/Dog/dingo_ws/install/dingo_description/share/dingo_description/urdf/tmp_dingo.core.xacro
/home/robogames/Desktop/Dog/dingo_ws/install/dingo_description/share/dingo_description/urdf/ros2_control.xacro
/home/robogames/Desktop/Dog/dingo_ws/install/dingo_description/share/dingo_description/urdf/gazebo_control.xacro
/home/robogames/Desktop/Dog/dingo_ws/install/dingo_description/share/dingo_description/urdf/front_right_fr_leg.xacro
/home/robogames/Desktop/Dog/dingo_ws/install/dingo_description/share/dingo_description/urdf/dingo.core.xacro
/home/robogames/Desktop/Dog/dingo_ws/install/dingo_description/share/dingo_description/urdf/leg1.trans
/home/robogames/Desktop/Dog/dingo_ws/install/dingo_description/share/dingo_description/urdf/front_left_fl_leg.xacro
/home/robogames/Desktop/Dog/dingo_ws/install/dingo_description/share/dingo_description/urdf/leg1.gazebo
/home/robogames/Desktop/Dog/dingo_ws/install/dingo_description/share/dingo_description/urdf/rear_right_rr_leg.xacro
/home/robogames/Desktop/Dog/dingo_ws/install/dingo_description/share/dingo_description/urdf/imu.xacro
/home/robogames/Desktop/Dog/dingo_ws/install/dingo_description/share/dingo_description/meshes/R_link1_collision.STL
/home/robogames/Desktop/Dog/dingo_ws/install/dingo_description/share/dingo_description/meshes/RL1_obj.mtl
/home/robogames/Desktop/Dog/dingo_ws/install/dingo_description/share/dingo_description/meshes/FR_link2.STL
/home/robogames/Desktop/Dog/dingo_ws/install/dingo_description/share/dingo_description/meshes/FL_link1.STL
/home/robogames/Desktop/Dog/dingo_ws/install/dingo_description/share/dingo_description/meshes/FL_link1.dae
/home/robogames/Desktop/Dog/dingo_ws/install/dingo_description/share/dingo_description/meshes/R3_obj.mtl
/home/robogames/Desktop/Dog/dingo_ws/install/dingo_description/share/dingo_description/meshes/RR_link3.STL
/home/robogames/Desktop/Dog/dingo_ws/install/dingo_description/share/dingo_description/meshes/body_obj.mtl
/home/robogames/Desktop/Dog/dingo_ws/install/dingo_description/share/dingo_description/meshes/L3_obj.obj
/home/robogames/Desktop/Dog/dingo_ws/install/dingo_description/share/dingo_description/meshes/R2_obj.obj
/home/robogames/Desktop/Dog/dingo_ws/install/dingo_description/share/dingo_description/meshes/link4.dae
/home/robogames/Desktop/Dog/dingo_ws/install/dingo_description/share/dingo_description/meshes/FL1_obj.mtl
/home/robogames/Desktop/Dog/dingo_ws/install/dingo_description/share/dingo_description/meshes/RR1_obj.obj
/home/robogames/Desktop/Dog/dingo_ws/install/dingo_description/share/dingo_description/meshes/FR_link3.STL
/home/robogames/Desktop/Dog/dingo_ws/install/dingo_description/share/dingo_description/meshes/L3_obj.mtl
/home/robogames/Desktop/Dog/dingo_ws/install/dingo_description/share/dingo_description/meshes/RR_link4.STL
/home/robogames/Desktop/Dog/dingo_ws/install/dingo_description/share/dingo_description/meshes/RR_link2.STL
/home/robogames/Desktop/Dog/dingo_ws/install/dingo_description/share/dingo_description/meshes/L_link3.dae
/home/robogames/Desktop/Dog/dingo_ws/install/dingo_description/share/dingo_description/meshes/base_link.dae
/home/robogames/Desktop/Dog/dingo_ws/install/dingo_description/share/dingo_description/meshes/RL_link1.dae
/home/robogames/Desktop/Dog/dingo_ws/install/dingo_description/share/dingo_description/meshes/L2_obj.obj
/home/robogames/Desktop/Dog/dingo_ws/install/dingo_description/share/dingo_description/meshes/L_link2.dae
/home/robogames/Desktop/Dog/dingo_ws/install/dingo_description/share/dingo_description/meshes/FL_link3.STL
/home/robogames/Desktop/Dog/dingo_ws/install/dingo_description/share/dingo_description/meshes/RL1_obj.obj
/home/robogames/Desktop/Dog/dingo_ws/install/dingo_description/share/dingo_description/meshes/body_obj.obj
/home/robogames/Desktop/Dog/dingo_ws/install/dingo_description/share/dingo_description/meshes/RR_link1.dae
/home/robogames/Desktop/Dog/dingo_ws/install/dingo_description/share/dingo_description/meshes/main.py
/home/robogames/Desktop/Dog/dingo_ws/install/dingo_description/share/dingo_description/meshes/base_link.STL
/home/robogames/Desktop/Dog/dingo_ws/install/dingo_description/share/dingo_description/meshes/RL_link4.STL
/home/robogames/Desktop/Dog/dingo_ws/install/dingo_description/share/dingo_description/meshes/FL1_obj.obj
/home/robogames/Desktop/Dog/dingo_ws/install/dingo_description/share/dingo_description/meshes/L_link3_collision.STL
/home/robogames/Desktop/Dog/dingo_ws/install/dingo_description/share/dingo_description/meshes/FR_link1.dae
/home/robogames/Desktop/Dog/dingo_ws/install/dingo_description/share/dingo_description/meshes/R_link3.dae
/home/robogames/Desktop/Dog/dingo_ws/install/dingo_description/share/dingo_description/meshes/L_link1_collision.STL
/home/robogames/Desktop/Dog/dingo_ws/install/dingo_description/share/dingo_description/meshes/FL_link4.STL
/home/robogames/Desktop/Dog/dingo_ws/install/dingo_description/share/dingo_description/meshes/base_collision.STL
/home/robogames/Desktop/Dog/dingo_ws/install/dingo_description/share/dingo_description/meshes/thread.jpg
/home/robogames/Desktop/Dog/dingo_ws/install/dingo_description/share/dingo_description/meshes/FL_link2.STL
/home/robogames/Desktop/Dog/dingo_ws/install/dingo_description/share/dingo_description/meshes/L2_obj.mtl
/home/robogames/Desktop/Dog/dingo_ws/install/dingo_description/share/dingo_description/meshes/FR_link4.STL
/home/robogames/Desktop/Dog/dingo_ws/install/dingo_description/share/dingo_description/meshes/RL_link1.STL
/home/robogames/Desktop/Dog/dingo_ws/install/dingo_description/share/dingo_description/meshes/RR_link1.STL
/home/robogames/Desktop/Dog/dingo_ws/install/dingo_description/share/dingo_description/meshes/L_link2_collision.STL
/home/robogames/Desktop/Dog/dingo_ws/install/dingo_description/share/dingo_description/meshes/FR_link1.STL
/home/robogames/Desktop/Dog/dingo_ws/install/dingo_description/share/dingo_description/meshes/RR1_obj.mtl
/home/robogames/Desktop/Dog/dingo_ws/install/dingo_description/share/dingo_description/meshes/R3_obj.obj
/home/robogames/Desktop/Dog/dingo_ws/install/dingo_description/share/dingo_description/meshes/R2_obj.mtl
/home/robogames/Desktop/Dog/dingo_ws/install/dingo_description/share/dingo_description/meshes/FR1_obj.obj
/home/robogames/Desktop/Dog/dingo_ws/install/dingo_description/share/dingo_description/meshes/R_link2.dae
/home/robogames/Desktop/Dog/dingo_ws/install/dingo_description/share/dingo_description/meshes/R_link2_collision.STL
/home/robogames/Desktop/Dog/dingo_ws/install/dingo_description/share/dingo_description/meshes/link4_collision.STL
/home/robogames/Desktop/Dog/dingo_ws/install/dingo_description/share/dingo_description/meshes/RL_link3.STL
/home/robogames/Desktop/Dog/dingo_ws/install/dingo_description/share/dingo_description/meshes/RL_link2.STL
/home/robogames/Desktop/Dog/dingo_ws/install/dingo_description/share/dingo_description/meshes/R_link3_collision.STL
/home/robogames/Desktop/Dog/dingo_ws/install/dingo_description/share/dingo_description/meshes/FR1_obj.mtl
/home/robogames/Desktop/Dog/dingo_ws/install/dingo_description/share/dingo_description/config/initial_positions.yaml
/home/robogames/Desktop/Dog/dingo_ws/install/dingo_description/share/dingo_description/config/display.rviz
/home/robogames/Desktop/Dog/dingo_ws/install/dingo_description/lib/python3.12/site-packages/dingo_description-0.0.0-py3.12.egg-info/SOURCES.txt
/home/robogames/Desktop/Dog/dingo_ws/install/dingo_description/lib/python3.12/site-packages/dingo_description-0.0.0-py3.12.egg-info/top_level.txt
/home/robogames/Desktop/Dog/dingo_ws/install/dingo_description/lib/python3.12/site-packages/dingo_description-0.0.0-py3.12.egg-info/PKG-INFO
/home/robogames/Desktop/Dog/dingo_ws/install/dingo_description/lib/python3.12/site-packages/dingo_description-0.0.0-py3.12.egg-info/zip-safe
/home/robogames/Desktop/Dog/dingo_ws/install/dingo_description/lib/python3.12/site-packages/dingo_description-0.0.0-py3.12.egg-info/requires.txt
/home/robogames/Desktop/Dog/dingo_ws/install/dingo_description/lib/python3.12/site-packages/dingo_description-0.0.0-py3.12.egg-info/dependency_links.txt
