[2.982s] Invoking command in '/home/robogames/Desktop/Dog/dingo_ws/src/dingo': DEBUGINFOD_URLS=https://debuginfod.ubuntu.com PS1=(ros2_python_venv) \[\e]0;\u@\h: \w\a\]${debian_chroot:+($debian_chroot)}\[\033[01;32m\]\u@\h\[\033[00m\]:\[\033[01;34m\]\w\[\033[00m\]\$ PYTHONPATH=/home/robogames/Desktop/Dog/dingo_ws/build/dingo/prefix_override:/usr/lib/python3/dist-packages/colcon_core/task/python/colcon_distutils_commands:/home/robogames/Desktop/Dog/dingo_ws/install/dingo/lib/python3.12/site-packages:${PYTHONPATH} VIRTUAL_ENV_PROMPT=(ros2_python_venv) /usr/bin/python3 -W ignore:setup.py install is deprecated -W ignore:easy_install command is deprecated setup.py egg_info --egg-base ../../build/dingo build --build-base /home/robogames/Desktop/Dog/dingo_ws/build/dingo/build install --record /home/robogames/Desktop/Dog/dingo_ws/build/dingo/install.log --single-version-externally-managed install_data
[3.597s] running egg_info
[3.639s] writing ../../build/dingo/dingo.egg-info/PKG-INFO
[3.639s] writing dependency_links to ../../build/dingo/dingo.egg-info/dependency_links.txt
[3.642s] writing entry points to ../../build/dingo/dingo.egg-info/entry_points.txt
[3.642s] writing requirements to ../../build/dingo/dingo.egg-info/requires.txt
[3.642s] writing top-level names to ../../build/dingo/dingo.egg-info/top_level.txt
[3.728s] reading manifest file '../../build/dingo/dingo.egg-info/SOURCES.txt'
[3.729s] writing manifest file '../../build/dingo/dingo.egg-info/SOURCES.txt'
[3.729s] running build
[3.729s] running build_py
[3.729s] running install
[3.740s] running install_lib
[3.783s] running install_data
[3.783s] copying launch/dingo.launch.py -> /home/robogames/Desktop/Dog/dingo_ws/install/dingo/share/dingo/launch
[3.785s] running install_egg_info
[3.830s] removing '/home/robogames/Desktop/Dog/dingo_ws/install/dingo/lib/python3.12/site-packages/dingo-0.0.0-py3.12.egg-info' (and everything under it)
[3.831s] Copying ../../build/dingo/dingo.egg-info to /home/robogames/Desktop/Dog/dingo_ws/install/dingo/lib/python3.12/site-packages/dingo-0.0.0-py3.12.egg-info
[3.832s] running install_scripts
[4.146s] Installing dingo_driver script to /home/robogames/Desktop/Dog/dingo_ws/install/dingo/lib/dingo
[4.148s] writing list of installed files to '/home/robogames/Desktop/Dog/dingo_ws/build/dingo/install.log'
[4.764s] Invoked command in '/home/robogames/Desktop/Dog/dingo_ws/src/dingo' returned '0': DEBUGINFOD_URLS=https://debuginfod.ubuntu.com PS1=(ros2_python_venv) \[\e]0;\u@\h: \w\a\]${debian_chroot:+($debian_chroot)}\[\033[01;32m\]\u@\h\[\033[00m\]:\[\033[01;34m\]\w\[\033[00m\]\$ PYTHONPATH=/home/robogames/Desktop/Dog/dingo_ws/build/dingo/prefix_override:/usr/lib/python3/dist-packages/colcon_core/task/python/colcon_distutils_commands:/home/robogames/Desktop/Dog/dingo_ws/install/dingo/lib/python3.12/site-packages:${PYTHONPATH} VIRTUAL_ENV_PROMPT=(ros2_python_venv) /usr/bin/python3 -W ignore:setup.py install is deprecated -W ignore:easy_install command is deprecated setup.py egg_info --egg-base ../../build/dingo build --build-base /home/robogames/Desktop/Dog/dingo_ws/build/dingo/build install --record /home/robogames/Desktop/Dog/dingo_ws/build/dingo/install.log --single-version-externally-managed install_data
