[7.093s] Invoking command in '/home/robogames/Desktop/Dog/dingo_ws/src/dingo_peripheral_interfacing': DEBUGINFOD_URLS=https://debuginfod.ubuntu.com PS1=(ros2_python_venv) \[\e]0;\u@\h: \w\a\]${debian_chroot:+($debian_chroot)}\[\033[01;32m\]\u@\h\[\033[00m\]:\[\033[01;34m\]\w\[\033[00m\]\$ PYTHONPATH=/home/robogames/Desktop/Dog/dingo_ws/build/dingo_peripheral_interfacing/prefix_override:/usr/lib/python3/dist-packages/colcon_core/task/python/colcon_distutils_commands:/home/robogames/Desktop/Dog/dingo_ws/install/dingo_peripheral_interfacing/lib/python3.12/site-packages:${PYTHONPATH} VIRTUAL_ENV_PROMPT=(ros2_python_venv) /usr/bin/python3 -W ignore:setup.py install is deprecated -W ignore:easy_install command is deprecated setup.py egg_info --egg-base ../../build/dingo_peripheral_interfacing build --build-base /home/robogames/Desktop/Dog/dingo_ws/build/dingo_peripheral_interfacing/build install --record /home/robogames/Desktop/Dog/dingo_ws/build/dingo_peripheral_interfacing/install.log --single-version-externally-managed install_data
[8.570s] running egg_info
[8.703s] writing ../../build/dingo_peripheral_interfacing/dingo_peripheral_interfacing.egg-info/PKG-INFO
[8.709s] writing dependency_links to ../../build/dingo_peripheral_interfacing/dingo_peripheral_interfacing.egg-info/dependency_links.txt
[8.715s] writing entry points to ../../build/dingo_peripheral_interfacing/dingo_peripheral_interfacing.egg-info/entry_points.txt
[8.717s] writing requirements to ../../build/dingo_peripheral_interfacing/dingo_peripheral_interfacing.egg-info/requires.txt
[8.721s] writing top-level names to ../../build/dingo_peripheral_interfacing/dingo_peripheral_interfacing.egg-info/top_level.txt
[8.931s] reading manifest file '../../build/dingo_peripheral_interfacing/dingo_peripheral_interfacing.egg-info/SOURCES.txt'
[8.935s] writing manifest file '../../build/dingo_peripheral_interfacing/dingo_peripheral_interfacing.egg-info/SOURCES.txt'
[8.944s] running build
[8.944s] running build_py
[8.947s] running install
[8.965s] running install_lib
[9.104s] running install_data
[9.104s] running install_egg_info
[9.236s] removing '/home/robogames/Desktop/Dog/dingo_ws/install/dingo_peripheral_interfacing/lib/python3.12/site-packages/dingo_peripheral_interfacing-0.0.0-py3.12.egg-info' (and everything under it)
[9.237s] Copying ../../build/dingo_peripheral_interfacing/dingo_peripheral_interfacing.egg-info to /home/robogames/Desktop/Dog/dingo_ws/install/dingo_peripheral_interfacing/lib/python3.12/site-packages/dingo_peripheral_interfacing-0.0.0-py3.12.egg-info
[9.305s] running install_scripts
[9.963s] Installing dingo_lcd_interfacing script to /home/robogames/Desktop/Dog/dingo_ws/install/dingo_peripheral_interfacing/lib/dingo_peripheral_interfacing
[9.967s] writing list of installed files to '/home/robogames/Desktop/Dog/dingo_ws/build/dingo_peripheral_interfacing/install.log'
[10.215s] Invoked command in '/home/robogames/Desktop/Dog/dingo_ws/src/dingo_peripheral_interfacing' returned '0': DEBUGINFOD_URLS=https://debuginfod.ubuntu.com PS1=(ros2_python_venv) \[\e]0;\u@\h: \w\a\]${debian_chroot:+($debian_chroot)}\[\033[01;32m\]\u@\h\[\033[00m\]:\[\033[01;34m\]\w\[\033[00m\]\$ PYTHONPATH=/home/robogames/Desktop/Dog/dingo_ws/build/dingo_peripheral_interfacing/prefix_override:/usr/lib/python3/dist-packages/colcon_core/task/python/colcon_distutils_commands:/home/robogames/Desktop/Dog/dingo_ws/install/dingo_peripheral_interfacing/lib/python3.12/site-packages:${PYTHONPATH} VIRTUAL_ENV_PROMPT=(ros2_python_venv) /usr/bin/python3 -W ignore:setup.py install is deprecated -W ignore:easy_install command is deprecated setup.py egg_info --egg-base ../../build/dingo_peripheral_interfacing build --build-base /home/robogames/Desktop/Dog/dingo_ws/build/dingo_peripheral_interfacing/build install --record /home/robogames/Desktop/Dog/dingo_ws/build/dingo_peripheral_interfacing/install.log --single-version-externally-managed install_data
