running egg_info
creating ../../build/dingo_utilities/dingo_utilities.egg-info
writing ../../build/dingo_utilities/dingo_utilities.egg-info/PKG-INFO
writing dependency_links to ../../build/dingo_utilities/dingo_utilities.egg-info/dependency_links.txt
writing requirements to ../../build/dingo_utilities/dingo_utilities.egg-info/requires.txt
writing top-level names to ../../build/dingo_utilities/dingo_utilities.egg-info/top_level.txt
writing manifest file '../../build/dingo_utilities/dingo_utilities.egg-info/SOURCES.txt'
reading manifest file '../../build/dingo_utilities/dingo_utilities.egg-info/SOURCES.txt'
writing manifest file '../../build/dingo_utilities/dingo_utilities.egg-info/SOURCES.txt'
running build
running build_py
creating /home/robogames/Desktop/Dog/dingo_ws/build/dingo_utilities/build
creating /home/robogames/Desktop/Dog/dingo_ws/build/dingo_utilities/build/lib
creating /home/robogames/Desktop/Dog/dingo_ws/build/dingo_utilities/build/lib/dingo_utilities
copying src/dingo_utilities/Tests.py -> /home/robogames/Desktop/Dog/dingo_ws/build/dingo_utilities/build/lib/dingo_utilities
copying src/dingo_utilities/__init__.py -> /home/robogames/Desktop/Dog/dingo_ws/build/dingo_utilities/build/lib/dingo_utilities
copying src/dingo_utilities/Utilities.py -> /home/robogames/Desktop/Dog/dingo_ws/build/dingo_utilities/build/lib/dingo_utilities
running install
running install_lib
creating /home/robogames/Desktop/Dog/dingo_ws/install/dingo_utilities/lib/python3.12/site-packages/dingo_utilities
copying /home/robogames/Desktop/Dog/dingo_ws/build/dingo_utilities/build/lib/dingo_utilities/Tests.py -> /home/robogames/Desktop/Dog/dingo_ws/install/dingo_utilities/lib/python3.12/site-packages/dingo_utilities
copying /home/robogames/Desktop/Dog/dingo_ws/build/dingo_utilities/build/lib/dingo_utilities/__init__.py -> /home/robogames/Desktop/Dog/dingo_ws/install/dingo_utilities/lib/python3.12/site-packages/dingo_utilities
copying /home/robogames/Desktop/Dog/dingo_ws/build/dingo_utilities/build/lib/dingo_utilities/Utilities.py -> /home/robogames/Desktop/Dog/dingo_ws/install/dingo_utilities/lib/python3.12/site-packages/dingo_utilities
byte-compiling /home/robogames/Desktop/Dog/dingo_ws/install/dingo_utilities/lib/python3.12/site-packages/dingo_utilities/Tests.py to Tests.cpython-312.pyc
byte-compiling /home/robogames/Desktop/Dog/dingo_ws/install/dingo_utilities/lib/python3.12/site-packages/dingo_utilities/__init__.py to __init__.cpython-312.pyc
byte-compiling /home/robogames/Desktop/Dog/dingo_ws/install/dingo_utilities/lib/python3.12/site-packages/dingo_utilities/Utilities.py to Utilities.cpython-312.pyc
running install_egg_info
Copying ../../build/dingo_utilities/dingo_utilities.egg-info to /home/robogames/Desktop/Dog/dingo_ws/install/dingo_utilities/lib/python3.12/site-packages/dingo_utilities-0.0.0-py3.12.egg-info
running install_scripts
writing list of installed files to '/home/robogames/Desktop/Dog/dingo_ws/build/dingo_utilities/install.log'
