[2.935s] Invoking command in '/home/robogames/Desktop/Dog/dingo_ws/src/dingo_utilities': DEBUGINFOD_URLS=https://debuginfod.ubuntu.com PYTHONPATH=/home/robogames/Desktop/Dog/dingo_ws/build/dingo_utilities/prefix_override:/usr/lib/python3/dist-packages/colcon_core/task/python/colcon_distutils_commands:/home/robogames/Desktop/Dog/dingo_ws/install/dingo_utilities/lib/python3.12/site-packages:${PYTHONPATH} /usr/bin/python3 -W ignore:setup.py install is deprecated -W ignore:easy_install command is deprecated setup.py egg_info --egg-base ../../build/dingo_utilities build --build-base /home/robogames/Desktop/Dog/dingo_ws/build/dingo_utilities/build install --record /home/robogames/Desktop/Dog/dingo_ws/build/dingo_utilities/install.log --single-version-externally-managed
[3.635s] running egg_info
[3.636s] creating ../../build/dingo_utilities/dingo_utilities.egg-info
[3.696s] writing ../../build/dingo_utilities/dingo_utilities.egg-info/PKG-INFO
[3.697s] writing dependency_links to ../../build/dingo_utilities/dingo_utilities.egg-info/dependency_links.txt
[3.697s] writing requirements to ../../build/dingo_utilities/dingo_utilities.egg-info/requires.txt
[3.700s] writing top-level names to ../../build/dingo_utilities/dingo_utilities.egg-info/top_level.txt
[3.700s] writing manifest file '../../build/dingo_utilities/dingo_utilities.egg-info/SOURCES.txt'
[3.808s] reading manifest file '../../build/dingo_utilities/dingo_utilities.egg-info/SOURCES.txt'
[3.809s] writing manifest file '../../build/dingo_utilities/dingo_utilities.egg-info/SOURCES.txt'
[3.882s] running build
[3.882s] running build_py
[3.883s] creating /home/robogames/Desktop/Dog/dingo_ws/build/dingo_utilities/build
[3.883s] creating /home/robogames/Desktop/Dog/dingo_ws/build/dingo_utilities/build/lib
[3.883s] creating /home/robogames/Desktop/Dog/dingo_ws/build/dingo_utilities/build/lib/dingo_utilities
[3.883s] copying src/dingo_utilities/Tests.py -> /home/robogames/Desktop/Dog/dingo_ws/build/dingo_utilities/build/lib/dingo_utilities
[3.883s] copying src/dingo_utilities/__init__.py -> /home/robogames/Desktop/Dog/dingo_ws/build/dingo_utilities/build/lib/dingo_utilities
[3.883s] copying src/dingo_utilities/Utilities.py -> /home/robogames/Desktop/Dog/dingo_ws/build/dingo_utilities/build/lib/dingo_utilities
[3.884s] running install
[3.896s] running install_lib
[3.960s] creating /home/robogames/Desktop/Dog/dingo_ws/install/dingo_utilities/lib/python3.12/site-packages/dingo_utilities
[3.960s] copying /home/robogames/Desktop/Dog/dingo_ws/build/dingo_utilities/build/lib/dingo_utilities/Tests.py -> /home/robogames/Desktop/Dog/dingo_ws/install/dingo_utilities/lib/python3.12/site-packages/dingo_utilities
[3.960s] copying /home/robogames/Desktop/Dog/dingo_ws/build/dingo_utilities/build/lib/dingo_utilities/__init__.py -> /home/robogames/Desktop/Dog/dingo_ws/install/dingo_utilities/lib/python3.12/site-packages/dingo_utilities
[3.961s] copying /home/robogames/Desktop/Dog/dingo_ws/build/dingo_utilities/build/lib/dingo_utilities/Utilities.py -> /home/robogames/Desktop/Dog/dingo_ws/install/dingo_utilities/lib/python3.12/site-packages/dingo_utilities
[3.962s] byte-compiling /home/robogames/Desktop/Dog/dingo_ws/install/dingo_utilities/lib/python3.12/site-packages/dingo_utilities/Tests.py to Tests.cpython-312.pyc
[3.964s] byte-compiling /home/robogames/Desktop/Dog/dingo_ws/install/dingo_utilities/lib/python3.12/site-packages/dingo_utilities/__init__.py to __init__.cpython-312.pyc
[3.964s] byte-compiling /home/robogames/Desktop/Dog/dingo_ws/install/dingo_utilities/lib/python3.12/site-packages/dingo_utilities/Utilities.py to Utilities.cpython-312.pyc
[3.965s] running install_egg_info
[4.021s] Copying ../../build/dingo_utilities/dingo_utilities.egg-info to /home/robogames/Desktop/Dog/dingo_ws/install/dingo_utilities/lib/python3.12/site-packages/dingo_utilities-0.0.0-py3.12.egg-info
[4.029s] running install_scripts
[4.407s] writing list of installed files to '/home/robogames/Desktop/Dog/dingo_ws/build/dingo_utilities/install.log'
[4.552s] Invoked command in '/home/robogames/Desktop/Dog/dingo_ws/src/dingo_utilities' returned '0': DEBUGINFOD_URLS=https://debuginfod.ubuntu.com PYTHONPATH=/home/robogames/Desktop/Dog/dingo_ws/build/dingo_utilities/prefix_override:/usr/lib/python3/dist-packages/colcon_core/task/python/colcon_distutils_commands:/home/robogames/Desktop/Dog/dingo_ws/install/dingo_utilities/lib/python3.12/site-packages:${PYTHONPATH} /usr/bin/python3 -W ignore:setup.py install is deprecated -W ignore:easy_install command is deprecated setup.py egg_info --egg-base ../../build/dingo_utilities build --build-base /home/robogames/Desktop/Dog/dingo_ws/build/dingo_utilities/build install --record /home/robogames/Desktop/Dog/dingo_ws/build/dingo_utilities/install.log --single-version-externally-managed
