running develop
running egg_info
creating src/dingo_peripheral_interfacing.egg-info
writing src/dingo_peripheral_interfacing.egg-info/PKG-INFO
writing dependency_links to src/dingo_peripheral_interfacing.egg-info/dependency_links.txt
writing entry points to src/dingo_peripheral_interfacing.egg-info/entry_points.txt
writing requirements to src/dingo_peripheral_interfacing.egg-info/requires.txt
writing top-level names to src/dingo_peripheral_interfacing.egg-info/top_level.txt
writing manifest file 'src/dingo_peripheral_interfacing.egg-info/SOURCES.txt'
reading manifest file 'src/dingo_peripheral_interfacing.egg-info/SOURCES.txt'
writing manifest file 'src/dingo_peripheral_interfacing.egg-info/SOURCES.txt'
running build_ext
Creating /home/vtcro/Desktop/Dog/dingo_ws/install/dingo_peripheral_interfacing/lib/python3.12/site-packages/dingo-peripheral-interfacing.egg-link (link to src)
Installing dingo_lcd_interfacing script to /home/vtcro/Desktop/Dog/dingo_ws/install/dingo_peripheral_interfacing/lib/dingo_peripheral_interfacing

Installed /home/vtcro/Desktop/Dog/dingo_ws/build/dingo_peripheral_interfacing/src
running symlink_data
symbolically linking /home/vtcro/Desktop/Dog/dingo_ws/build/dingo_peripheral_interfacing/package.xml -> /home/vtcro/Desktop/Dog/dingo_ws/install/dingo_peripheral_interfacing/share/dingo_peripheral_interfacing
creating /home/vtcro/Desktop/Dog/dingo_ws/install/dingo_peripheral_interfacing/share/dingo_peripheral_interfacing/launch
creating /home/vtcro/Desktop/Dog/dingo_ws/install/dingo_peripheral_interfacing/share/ament_index
creating /home/vtcro/Desktop/Dog/dingo_ws/install/dingo_peripheral_interfacing/share/ament_index/resource_index
creating /home/vtcro/Desktop/Dog/dingo_ws/install/dingo_peripheral_interfacing/share/ament_index/resource_index/packages
symbolically linking /home/vtcro/Desktop/Dog/dingo_ws/build/dingo_peripheral_interfacing/resource/dingo_peripheral_interfacing -> /home/vtcro/Desktop/Dog/dingo_ws/install/dingo_peripheral_interfacing/share/ament_index/resource_index/packages
