[2.382s] Invoking command in '/home/vtcro/Desktop/Dog/dingo_ws/build/dingo_peripheral_interfacing': DEBUGINFOD_URLS=https://debuginfod.ubuntu.com PS1=(ros2-venv) \[\e]0;\u@\h: \w\a\]${debian_chroot:+($debian_chroot)}\[\033[01;32m\]\u@\h\[\033[00m\]:\[\033[01;34m\]\w\[\033[00m\]\$ PYTHONPATH=/home/vtcro/Desktop/Dog/dingo_ws/build/dingo_peripheral_interfacing/prefix_override:/usr/lib/python3/dist-packages/colcon_core/task/python/colcon_distutils_commands:/home/vtcro/Desktop/Dog/dingo_ws/install/dingo_peripheral_interfacing/lib/python3.12/site-packages:${PYTHONPATH} VIRTUAL_ENV_PROMPT=(ros2-venv) /usr/bin/python3 -W ignore:setup.py install is deprecated -W ignore:easy_install command is deprecated setup.py develop --editable --build-directory /home/vtcro/Desktop/Dog/dingo_ws/build/dingo_peripheral_interfacing/build --no-deps symlink_data
[2.880s] running develop
[3.118s] running egg_info
[3.118s] creating src/dingo_peripheral_interfacing.egg-info
[3.139s] writing src/dingo_peripheral_interfacing.egg-info/PKG-INFO
[3.139s] writing dependency_links to src/dingo_peripheral_interfacing.egg-info/dependency_links.txt
[3.139s] writing entry points to src/dingo_peripheral_interfacing.egg-info/entry_points.txt
[3.139s] writing requirements to src/dingo_peripheral_interfacing.egg-info/requires.txt
[3.139s] writing top-level names to src/dingo_peripheral_interfacing.egg-info/top_level.txt
[3.139s] writing manifest file 'src/dingo_peripheral_interfacing.egg-info/SOURCES.txt'
[3.182s] reading manifest file 'src/dingo_peripheral_interfacing.egg-info/SOURCES.txt'
[3.183s] writing manifest file 'src/dingo_peripheral_interfacing.egg-info/SOURCES.txt'
[3.204s] running build_ext
[3.204s] Creating /home/vtcro/Desktop/Dog/dingo_ws/install/dingo_peripheral_interfacing/lib/python3.12/site-packages/dingo-peripheral-interfacing.egg-link (link to src)
[3.205s] Installing dingo_lcd_interfacing script to /home/vtcro/Desktop/Dog/dingo_ws/install/dingo_peripheral_interfacing/lib/dingo_peripheral_interfacing
[3.205s] 
[3.205s] Installed /home/vtcro/Desktop/Dog/dingo_ws/build/dingo_peripheral_interfacing/src
[3.205s] running symlink_data
[3.205s] symbolically linking /home/vtcro/Desktop/Dog/dingo_ws/build/dingo_peripheral_interfacing/package.xml -> /home/vtcro/Desktop/Dog/dingo_ws/install/dingo_peripheral_interfacing/share/dingo_peripheral_interfacing
[3.205s] creating /home/vtcro/Desktop/Dog/dingo_ws/install/dingo_peripheral_interfacing/share/dingo_peripheral_interfacing/launch
[3.205s] creating /home/vtcro/Desktop/Dog/dingo_ws/install/dingo_peripheral_interfacing/share/ament_index
[3.205s] creating /home/vtcro/Desktop/Dog/dingo_ws/install/dingo_peripheral_interfacing/share/ament_index/resource_index
[3.206s] creating /home/vtcro/Desktop/Dog/dingo_ws/install/dingo_peripheral_interfacing/share/ament_index/resource_index/packages
[3.206s] symbolically linking /home/vtcro/Desktop/Dog/dingo_ws/build/dingo_peripheral_interfacing/resource/dingo_peripheral_interfacing -> /home/vtcro/Desktop/Dog/dingo_ws/install/dingo_peripheral_interfacing/share/ament_index/resource_index/packages
[3.236s] Invoked command in '/home/vtcro/Desktop/Dog/dingo_ws/build/dingo_peripheral_interfacing' returned '0': DEBUGINFOD_URLS=https://debuginfod.ubuntu.com PS1=(ros2-venv) \[\e]0;\u@\h: \w\a\]${debian_chroot:+($debian_chroot)}\[\033[01;32m\]\u@\h\[\033[00m\]:\[\033[01;34m\]\w\[\033[00m\]\$ PYTHONPATH=/home/vtcro/Desktop/Dog/dingo_ws/build/dingo_peripheral_interfacing/prefix_override:/usr/lib/python3/dist-packages/colcon_core/task/python/colcon_distutils_commands:/home/vtcro/Desktop/Dog/dingo_ws/install/dingo_peripheral_interfacing/lib/python3.12/site-packages:${PYTHONPATH} VIRTUAL_ENV_PROMPT=(ros2-venv) /usr/bin/python3 -W ignore:setup.py install is deprecated -W ignore:easy_install command is deprecated setup.py develop --editable --build-directory /home/vtcro/Desktop/Dog/dingo_ws/build/dingo_peripheral_interfacing/build --no-deps symlink_data
