[2.407s] Invoking command in '/home/vtcro/Desktop/Dog/dingo_ws/build/dingo_gazebo': DEBUGINFOD_URLS=https://debuginfod.ubuntu.com PS1=(ros2-venv) \[\e]0;\u@\h: \w\a\]${debian_chroot:+($debian_chroot)}\[\033[01;32m\]\u@\h\[\033[00m\]:\[\033[01;34m\]\w\[\033[00m\]\$ PYTHONPATH=/home/vtcro/Desktop/Dog/dingo_ws/build/dingo_gazebo/prefix_override:/usr/lib/python3/dist-packages/colcon_core/task/python/colcon_distutils_commands:/home/vtcro/Desktop/Dog/dingo_ws/install/dingo_gazebo/lib/python3.12/site-packages:${PYTHONPATH} VIRTUAL_ENV_PROMPT=(ros2-venv) /usr/bin/python3 -W ignore:setup.py install is deprecated -W ignore:easy_install command is deprecated setup.py develop --editable --build-directory /home/vtcro/Desktop/Dog/dingo_ws/build/dingo_gazebo/build --no-deps symlink_data
[2.901s] running develop
[3.150s] running egg_info
[3.150s] creating src/dingo_gazebo.egg-info
[3.170s] writing src/dingo_gazebo.egg-info/PKG-INFO
[3.170s] writing dependency_links to src/dingo_gazebo.egg-info/dependency_links.txt
[3.170s] writing requirements to src/dingo_gazebo.egg-info/requires.txt
[3.170s] writing top-level names to src/dingo_gazebo.egg-info/top_level.txt
[3.171s] writing manifest file 'src/dingo_gazebo.egg-info/SOURCES.txt'
[3.214s] reading manifest file 'src/dingo_gazebo.egg-info/SOURCES.txt'
[3.214s] writing manifest file 'src/dingo_gazebo.egg-info/SOURCES.txt'
[3.235s] running build_ext
[3.235s] Creating /home/vtcro/Desktop/Dog/dingo_ws/install/dingo_gazebo/lib/python3.12/site-packages/dingo-gazebo.egg-link (link to src)
[3.236s] 
[3.236s] Installed /home/vtcro/Desktop/Dog/dingo_ws/build/dingo_gazebo/src
[3.236s] running symlink_data
[3.236s] symbolically linking /home/vtcro/Desktop/Dog/dingo_ws/build/dingo_gazebo/package.xml -> /home/vtcro/Desktop/Dog/dingo_ws/install/dingo_gazebo/share/dingo_gazebo
[3.236s] creating /home/vtcro/Desktop/Dog/dingo_ws/install/dingo_gazebo/share/dingo_gazebo/launch
[3.236s] symbolically linking /home/vtcro/Desktop/Dog/dingo_ws/build/dingo_gazebo/launch/simulation.launch.py -> /home/vtcro/Desktop/Dog/dingo_ws/install/dingo_gazebo/share/dingo_gazebo/launch
[3.236s] creating /home/vtcro/Desktop/Dog/dingo_ws/install/dingo_gazebo/share/dingo_gazebo/worlds
[3.236s] symbolically linking /home/vtcro/Desktop/Dog/dingo_ws/build/dingo_gazebo/worlds/normal.world -> /home/vtcro/Desktop/Dog/dingo_ws/install/dingo_gazebo/share/dingo_gazebo/worlds
[3.236s] symbolically linking /home/vtcro/Desktop/Dog/dingo_ws/build/dingo_gazebo/worlds/empty.world -> /home/vtcro/Desktop/Dog/dingo_ws/install/dingo_gazebo/share/dingo_gazebo/worlds
[3.237s] symbolically linking /home/vtcro/Desktop/Dog/dingo_ws/build/dingo_gazebo/worlds/office.world -> /home/vtcro/Desktop/Dog/dingo_ws/install/dingo_gazebo/share/dingo_gazebo/worlds
[3.237s] creating /home/vtcro/Desktop/Dog/dingo_ws/install/dingo_gazebo/share/dingo_gazebo/config
[3.237s] symbolically linking /home/vtcro/Desktop/Dog/dingo_ws/build/dingo_gazebo/config/controllers.yaml -> /home/vtcro/Desktop/Dog/dingo_ws/install/dingo_gazebo/share/dingo_gazebo/config
[3.237s] symbolically linking /home/vtcro/Desktop/Dog/dingo_ws/build/dingo_gazebo/config/gz_bridge.yaml -> /home/vtcro/Desktop/Dog/dingo_ws/install/dingo_gazebo/share/dingo_gazebo/config
[3.237s] creating /home/vtcro/Desktop/Dog/dingo_ws/install/dingo_gazebo/share/ament_index
[3.237s] creating /home/vtcro/Desktop/Dog/dingo_ws/install/dingo_gazebo/share/ament_index/resource_index
[3.237s] creating /home/vtcro/Desktop/Dog/dingo_ws/install/dingo_gazebo/share/ament_index/resource_index/packages
[3.237s] symbolically linking /home/vtcro/Desktop/Dog/dingo_ws/build/dingo_gazebo/resource/dingo_gazebo -> /home/vtcro/Desktop/Dog/dingo_ws/install/dingo_gazebo/share/ament_index/resource_index/packages
[3.269s] Invoked command in '/home/vtcro/Desktop/Dog/dingo_ws/build/dingo_gazebo' returned '0': DEBUGINFOD_URLS=https://debuginfod.ubuntu.com PS1=(ros2-venv) \[\e]0;\u@\h: \w\a\]${debian_chroot:+($debian_chroot)}\[\033[01;32m\]\u@\h\[\033[00m\]:\[\033[01;34m\]\w\[\033[00m\]\$ PYTHONPATH=/home/vtcro/Desktop/Dog/dingo_ws/build/dingo_gazebo/prefix_override:/usr/lib/python3/dist-packages/colcon_core/task/python/colcon_distutils_commands:/home/vtcro/Desktop/Dog/dingo_ws/install/dingo_gazebo/lib/python3.12/site-packages:${PYTHONPATH} VIRTUAL_ENV_PROMPT=(ros2-venv) /usr/bin/python3 -W ignore:setup.py install is deprecated -W ignore:easy_install command is deprecated setup.py develop --editable --build-directory /home/vtcro/Desktop/Dog/dingo_ws/build/dingo_gazebo/build --no-deps symlink_data
