running egg_info
writing ../../build/dingo_control/dingo_control.egg-info/PKG-INFO
writing dependency_links to ../../build/dingo_control/dingo_control.egg-info/dependency_links.txt
writing requirements to ../../build/dingo_control/dingo_control.egg-info/requires.txt
writing top-level names to ../../build/dingo_control/dingo_control.egg-info/top_level.txt
reading manifest file '../../build/dingo_control/dingo_control.egg-info/SOURCES.txt'
writing manifest file '../../build/dingo_control/dingo_control.egg-info/SOURCES.txt'
running build
running build_py
copying src/dingo_control/Config.py -> /home/robogames/Desktop/Dog/dingo_ws/build/dingo_control/build/lib/dingo_control
running install
running install_lib
copying /home/robogames/Desktop/Dog/dingo_ws/build/dingo_control/build/lib/dingo_control/Config.py -> /home/robogames/Desktop/Dog/dingo_ws/install/dingo_control/lib/python3.12/site-packages/dingo_control
byte-compiling /home/robogames/Desktop/Dog/dingo_ws/install/dingo_control/lib/python3.12/site-packages/dingo_control/Config.py to Config.cpython-312.pyc
running install_data
running install_egg_info
removing '/home/robogames/Desktop/Dog/dingo_ws/install/dingo_control/lib/python3.12/site-packages/dingo_control-0.0.0-py3.12.egg-info' (and everything under it)
Copying ../../build/dingo_control/dingo_control.egg-info to /home/robogames/Desktop/Dog/dingo_ws/install/dingo_control/lib/python3.12/site-packages/dingo_control-0.0.0-py3.12.egg-info
running install_scripts
writing list of installed files to '/home/robogames/Desktop/Dog/dingo_ws/build/dingo_control/install.log'
