-- The C compiler identification is GNU 13.3.0
-- The CXX compiler identification is GNU 13.3.0
-- Detecting C compiler ABI info
-- Detecting C compiler ABI info - done
-- Check for working C compiler: /usr/bin/cc - skipped
-- Detecting C compile features
-- Detecting C compile features - done
-- Detecting CXX compiler ABI info
-- Detecting CXX compiler ABI info - done
-- Check for working CXX compiler: /usr/bin/c++ - skipped
-- Detecting CXX compile features
-- Detecting CXX compile features - done
-- Found rosidl_default_generators: 1.6.0 (/opt/ros2_jazzy/ros2-linux/share/rosidl_default_generators/cmake)
-- Found Python3: /home/vtcro/ros2-venv/bin/python3 (found version "3.12.3") found components: Interpreter 
-- Override CMake install command with custom implementation using symlinks instead of copying resources
-- Using all available rosidl_typesupport_c: rosidl_typesupport_fastrtps_c;rosidl_typesupport_introspection_c
-- Using all available rosidl_typesupport_cpp: rosidl_typesupport_fastrtps_cpp;rosidl_typesupport_introspection_cpp
-- Found rosidl_adapter: 4.6.4 (/opt/ros2_jazzy/ros2-linux/share/rosidl_adapter/cmake)
-- Found rmw_cyclonedds_cpp: 2.2.2 (/opt/ros2_jazzy/ros2-linux/share/rmw_cyclonedds_cpp/cmake)
-- Found std_msgs: 5.3.5 (/opt/ros2_jazzy/ros2-linux/share/std_msgs/cmake)
-- Found geometry_msgs: 5.3.5 (/opt/ros2_jazzy/ros2-linux/share/geometry_msgs/cmake)
-- Found ament_cmake_ros: 0.12.0 (/opt/ros2_jazzy/ros2-linux/share/ament_cmake_ros/cmake)
-- Using all available rosidl_typesupport_c: rosidl_typesupport_fastrtps_c;rosidl_typesupport_introspection_c
-- Using all available rosidl_typesupport_cpp: rosidl_typesupport_fastrtps_cpp;rosidl_typesupport_introspection_cpp
-- Found python_cmake_module: 0.11.1 (/opt/ros2_jazzy/ros2-linux/share/python_cmake_module/cmake)
-- Found PythonExtra: /home/vtcro/ros2-venv/bin/python3  
-- Found Python3: /home/vtcro/ros2-venv/bin/python3 (found version "3.12.3") found components: Interpreter Development NumPy Development.Module Development.Embed 
-- Found ament_lint_auto: 0.17.1 (/opt/ros2_jazzy/ros2-linux/share/ament_lint_auto/cmake)
-- Added test 'lint_cmake' to check CMake code style
-- Added test 'xmllint' to check XML markup files
-- Configuring done (3.1s)
-- Generating done (0.0s)
-- Build files have been written to: /home/vtcro/Desktop/Dog/dingo_ws/build/dingo_msgs
[  1%] [34m[1mGenerating type hashes for ROS interfaces[0m
[  1%] Built target ament_cmake_python_symlink_dingo_msgs
[  1%] Built target dingo_msgs__rosidl_generator_type_description
running egg_info
[  3%] [34m[1mGenerating C code for ROS interfaces[0m
creating dingo_msgs.egg-info
writing dingo_msgs.egg-info/PKG-INFO
writing dependency_links to dingo_msgs.egg-info/dependency_links.txt
writing top-level names to dingo_msgs.egg-info/top_level.txt
writing manifest file 'dingo_msgs.egg-info/SOURCES.txt'
[  4%] [34m[1mGenerating C++ code for ROS interfaces[0m
reading manifest file 'dingo_msgs.egg-info/SOURCES.txt'
writing manifest file 'dingo_msgs.egg-info/SOURCES.txt'
[  4%] Built target ament_cmake_python_build_dingo_msgs_egg
[  4%] Built target dingo_msgs__cpp
[  6%] [32mBuilding C object CMakeFiles/dingo_msgs__rosidl_generator_c.dir/rosidl_generator_c/dingo_msgs/msg/detail/electrical_measurements__description.c.o[0m
[  7%] [32mBuilding C object CMakeFiles/dingo_msgs__rosidl_generator_c.dir/rosidl_generator_c/dingo_msgs/msg/detail/electrical_measurements__functions.c.o[0m
[  9%] [32mBuilding C object CMakeFiles/dingo_msgs__rosidl_generator_c.dir/rosidl_generator_c/dingo_msgs/msg/detail/electrical_measurements__type_support.c.o[0m
[ 10%] [32mBuilding C object CMakeFiles/dingo_msgs__rosidl_generator_c.dir/rosidl_generator_c/dingo_msgs/msg/detail/angle__functions.c.o[0m
[ 14%] [32mBuilding C object CMakeFiles/dingo_msgs__rosidl_generator_c.dir/rosidl_generator_c/dingo_msgs/msg/detail/joint_space__functions.c.o[0m
[ 14%] [32mBuilding C object CMakeFiles/dingo_msgs__rosidl_generator_c.dir/rosidl_generator_c/dingo_msgs/msg/detail/joint_space__description.c.o[0m
[ 15%] [32mBuilding C object CMakeFiles/dingo_msgs__rosidl_generator_c.dir/rosidl_generator_c/dingo_msgs/msg/detail/angle__type_support.c.o[0m
[ 17%] [32mBuilding C object CMakeFiles/dingo_msgs__rosidl_generator_c.dir/rosidl_generator_c/dingo_msgs/msg/detail/task_space__description.c.o[0m
[ 20%] [32mBuilding C object CMakeFiles/dingo_msgs__rosidl_generator_c.dir/rosidl_generator_c/dingo_msgs/msg/detail/joint_space__type_support.c.o[0m
[ 20%] [32mBuilding C object CMakeFiles/dingo_msgs__rosidl_generator_c.dir/rosidl_generator_c/dingo_msgs/msg/detail/task_space__functions.c.o[0m
[ 23%] [32mBuilding C object CMakeFiles/dingo_msgs__rosidl_generator_c.dir/rosidl_generator_c/dingo_msgs/msg/detail/angle__description.c.o[0m
[ 23%] [32mBuilding C object CMakeFiles/dingo_msgs__rosidl_generator_c.dir/rosidl_generator_c/dingo_msgs/msg/detail/task_space__type_support.c.o[0m
[ 25%] [32m[1mLinking C shared library libdingo_msgs__rosidl_generator_c.so[0m
[ 25%] Built target dingo_msgs__rosidl_generator_c
[ 26%] [34m[1mGenerating C type support for eProsima Fast-RTPS[0m
[ 28%] [34m[1mGenerating C++ type support dispatch for ROS interfaces[0m
[ 31%] [34m[1mGenerating C introspection for ROS interfaces[0m
[ 31%] [34m[1mGenerating C type support dispatch for ROS interfaces[0m
[ 32%] [34m[1mGenerating C++ type support for eProsima Fast-RTPS[0m
[ 34%] [34m[1mGenerating C++ introspection for ROS interfaces[0m
[ 39%] [32mBuilding CXX object CMakeFiles/dingo_msgs__rosidl_typesupport_cpp.dir/rosidl_typesupport_cpp/dingo_msgs/msg/electrical_measurements__type_support.cpp.o[0m
[ 39%] [32mBuilding CXX object CMakeFiles/dingo_msgs__rosidl_typesupport_c.dir/rosidl_typesupport_c/dingo_msgs/msg/electrical_measurements__type_support.cpp.o[0m
[ 40%] [32mBuilding CXX object CMakeFiles/dingo_msgs__rosidl_typesupport_cpp.dir/rosidl_typesupport_cpp/dingo_msgs/msg/task_space__type_support.cpp.o[0m
[ 42%] [32mBuilding CXX object CMakeFiles/dingo_msgs__rosidl_typesupport_c.dir/rosidl_typesupport_c/dingo_msgs/msg/joint_space__type_support.cpp.o[0m
[ 43%] [32mBuilding CXX object CMakeFiles/dingo_msgs__rosidl_typesupport_c.dir/rosidl_typesupport_c/dingo_msgs/msg/angle__type_support.cpp.o[0m
[ 45%] [32mBuilding CXX object CMakeFiles/dingo_msgs__rosidl_typesupport_cpp.dir/rosidl_typesupport_cpp/dingo_msgs/msg/angle__type_support.cpp.o[0m
[ 46%] [32mBuilding CXX object CMakeFiles/dingo_msgs__rosidl_typesupport_cpp.dir/rosidl_typesupport_cpp/dingo_msgs/msg/joint_space__type_support.cpp.o[0m
[ 39%] [32mBuilding CXX object CMakeFiles/dingo_msgs__rosidl_typesupport_c.dir/rosidl_typesupport_c/dingo_msgs/msg/task_space__type_support.cpp.o[0m
[ 48%] [32m[1mLinking CXX shared library libdingo_msgs__rosidl_typesupport_c.so[0m
[ 51%] [32mBuilding CXX object CMakeFiles/dingo_msgs__rosidl_typesupport_introspection_cpp.dir/rosidl_typesupport_introspection_cpp/dingo_msgs/msg/detail/joint_space__type_support.cpp.o[0m
[ 51%] [32mBuilding CXX object CMakeFiles/dingo_msgs__rosidl_typesupport_introspection_cpp.dir/rosidl_typesupport_introspection_cpp/dingo_msgs/msg/detail/angle__type_support.cpp.o[0m
[ 53%] [32mBuilding CXX object CMakeFiles/dingo_msgs__rosidl_typesupport_introspection_cpp.dir/rosidl_typesupport_introspection_cpp/dingo_msgs/msg/detail/task_space__type_support.cpp.o[0m
[ 54%] [32mBuilding C object CMakeFiles/dingo_msgs__rosidl_typesupport_introspection_c.dir/rosidl_typesupport_introspection_c/dingo_msgs/msg/detail/electrical_measurements__type_support.c.o[0m
[ 56%] [32mBuilding CXX object CMakeFiles/dingo_msgs__rosidl_typesupport_introspection_cpp.dir/rosidl_typesupport_introspection_cpp/dingo_msgs/msg/detail/electrical_measurements__type_support.cpp.o[0m
[ 56%] Built target dingo_msgs__rosidl_typesupport_c
[ 57%] [32mBuilding C object CMakeFiles/dingo_msgs__rosidl_typesupport_introspection_c.dir/rosidl_typesupport_introspection_c/dingo_msgs/msg/detail/angle__type_support.c.o[0m
[ 59%] [32mBuilding C object CMakeFiles/dingo_msgs__rosidl_typesupport_introspection_c.dir/rosidl_typesupport_introspection_c/dingo_msgs/msg/detail/joint_space__type_support.c.o[0m
[ 60%] [32mBuilding C object CMakeFiles/dingo_msgs__rosidl_typesupport_introspection_c.dir/rosidl_typesupport_introspection_c/dingo_msgs/msg/detail/task_space__type_support.c.o[0m
[ 62%] [32mBuilding CXX object CMakeFiles/dingo_msgs__rosidl_typesupport_fastrtps_cpp.dir/rosidl_typesupport_fastrtps_cpp/dingo_msgs/msg/detail/dds_fastrtps/electrical_measurements__type_support.cpp.o[0m
[ 64%] [32mBuilding CXX object CMakeFiles/dingo_msgs__rosidl_typesupport_fastrtps_cpp.dir/rosidl_typesupport_fastrtps_cpp/dingo_msgs/msg/detail/dds_fastrtps/angle__type_support.cpp.o[0m
[ 65%] [32mBuilding CXX object CMakeFiles/dingo_msgs__rosidl_typesupport_fastrtps_c.dir/rosidl_typesupport_fastrtps_c/dingo_msgs/msg/detail/electrical_measurements__type_support_c.cpp.o[0m
[ 67%] [32m[1mLinking C shared library libdingo_msgs__rosidl_typesupport_introspection_c.so[0m
[ 67%] Built target dingo_msgs__rosidl_typesupport_introspection_c
[ 68%] [32mBuilding CXX object CMakeFiles/dingo_msgs__rosidl_typesupport_fastrtps_cpp.dir/rosidl_typesupport_fastrtps_cpp/dingo_msgs/msg/detail/dds_fastrtps/joint_space__type_support.cpp.o[0m
[ 70%] [32mBuilding CXX object CMakeFiles/dingo_msgs__rosidl_typesupport_fastrtps_c.dir/rosidl_typesupport_fastrtps_c/dingo_msgs/msg/detail/angle__type_support_c.cpp.o[0m
[ 71%] [32mBuilding CXX object CMakeFiles/dingo_msgs__rosidl_typesupport_fastrtps_c.dir/rosidl_typesupport_fastrtps_c/dingo_msgs/msg/detail/joint_space__type_support_c.cpp.o[0m
[ 73%] [32mBuilding CXX object CMakeFiles/dingo_msgs__rosidl_typesupport_fastrtps_c.dir/rosidl_typesupport_fastrtps_c/dingo_msgs/msg/detail/task_space__type_support_c.cpp.o[0m
[ 75%] [32m[1mLinking CXX shared library libdingo_msgs__rosidl_typesupport_cpp.so[0m
[ 75%] Built target dingo_msgs__rosidl_typesupport_cpp
[ 76%] [32mBuilding CXX object CMakeFiles/dingo_msgs__rosidl_typesupport_fastrtps_cpp.dir/rosidl_typesupport_fastrtps_cpp/dingo_msgs/msg/detail/dds_fastrtps/task_space__type_support.cpp.o[0m
[ 78%] [32m[1mLinking CXX shared library libdingo_msgs__rosidl_typesupport_introspection_cpp.so[0m
[ 78%] Built target dingo_msgs__rosidl_typesupport_introspection_cpp
[ 79%] [32m[1mLinking CXX shared library libdingo_msgs__rosidl_typesupport_fastrtps_cpp.so[0m
[ 81%] [32m[1mLinking CXX shared library libdingo_msgs__rosidl_typesupport_fastrtps_c.so[0m
[ 81%] Built target dingo_msgs__rosidl_typesupport_fastrtps_cpp
[ 81%] Built target dingo_msgs__rosidl_typesupport_fastrtps_c
[ 81%] Built target dingo_msgs
[ 82%] [34m[1mGenerating Python code for ROS interfaces[0m
[ 82%] Built target dingo_msgs__py
[ 84%] [32mBuilding C object CMakeFiles/dingo_msgs__rosidl_generator_py.dir/rosidl_generator_py/dingo_msgs/msg/_angle_s.c.o[0m
[ 85%] [32mBuilding C object CMakeFiles/dingo_msgs__rosidl_generator_py.dir/rosidl_generator_py/dingo_msgs/msg/_electrical_measurements_s.c.o[0m
[ 87%] [32mBuilding C object CMakeFiles/dingo_msgs__rosidl_generator_py.dir/rosidl_generator_py/dingo_msgs/msg/_joint_space_s.c.o[0m
[ 89%] [32mBuilding C object CMakeFiles/dingo_msgs__rosidl_generator_py.dir/rosidl_generator_py/dingo_msgs/msg/_task_space_s.c.o[0m
[ 90%] [32m[1mLinking C shared library libdingo_msgs__rosidl_generator_py.so[0m
[ 90%] Built target dingo_msgs__rosidl_generator_py
[ 92%] [32mBuilding C object CMakeFiles/dingo_msgs_s__rosidl_typesupport_introspection_c.dir/rosidl_generator_py/dingo_msgs/_dingo_msgs_s.ep.rosidl_typesupport_introspection_c.c.o[0m
[ 93%] [32mBuilding C object CMakeFiles/dingo_msgs_s__rosidl_typesupport_fastrtps_c.dir/rosidl_generator_py/dingo_msgs/_dingo_msgs_s.ep.rosidl_typesupport_fastrtps_c.c.o[0m
[ 95%] [32mBuilding C object CMakeFiles/dingo_msgs_s__rosidl_typesupport_c.dir/rosidl_generator_py/dingo_msgs/_dingo_msgs_s.ep.rosidl_typesupport_c.c.o[0m
[ 96%] [32m[1mLinking C shared module rosidl_generator_py/dingo_msgs/dingo_msgs_s__rosidl_typesupport_introspection_c.so[0m
[ 98%] [32m[1mLinking C shared module rosidl_generator_py/dingo_msgs/dingo_msgs_s__rosidl_typesupport_c.so[0m
[100%] [32m[1mLinking C shared module rosidl_generator_py/dingo_msgs/dingo_msgs_s__rosidl_typesupport_fastrtps_c.so[0m
[100%] Built target dingo_msgs_s__rosidl_typesupport_c
[100%] Built target dingo_msgs_s__rosidl_typesupport_introspection_c
[100%] Built target dingo_msgs_s__rosidl_typesupport_fastrtps_c
-- Install configuration: ""
-- Execute custom install script
-- Symlinking: /home/vtcro/Desktop/Dog/dingo_ws/install/dingo_msgs/share/ament_index/resource_index/rosidl_interfaces/dingo_msgs
-- Symlinking: /home/vtcro/Desktop/Dog/dingo_ws/install/dingo_msgs/share/dingo_msgs/msg/ElectricalMeasurements.json
-- Symlinking: /home/vtcro/Desktop/Dog/dingo_ws/install/dingo_msgs/share/dingo_msgs/msg/Angle.json
-- Symlinking: /home/vtcro/Desktop/Dog/dingo_ws/install/dingo_msgs/share/dingo_msgs/msg/JointSpace.json
-- Symlinking: /home/vtcro/Desktop/Dog/dingo_ws/install/dingo_msgs/share/dingo_msgs/msg/TaskSpace.json
-- Symlinking: /home/vtcro/Desktop/Dog/dingo_ws/install/dingo_msgs/include/dingo_msgs/dingo_msgs/msg/angle.h
-- Symlinking: /home/vtcro/Desktop/Dog/dingo_ws/install/dingo_msgs/include/dingo_msgs/dingo_msgs/msg/detail/angle__functions.h
-- Symlinking: /home/vtcro/Desktop/Dog/dingo_ws/install/dingo_msgs/include/dingo_msgs/dingo_msgs/msg/detail/angle__struct.h
-- Symlinking: /home/vtcro/Desktop/Dog/dingo_ws/install/dingo_msgs/include/dingo_msgs/dingo_msgs/msg/detail/angle__type_support.h
-- Symlinking: /home/vtcro/Desktop/Dog/dingo_ws/install/dingo_msgs/include/dingo_msgs/dingo_msgs/msg/detail/electrical_measurements__functions.h
-- Symlinking: /home/vtcro/Desktop/Dog/dingo_ws/install/dingo_msgs/include/dingo_msgs/dingo_msgs/msg/detail/electrical_measurements__struct.h
-- Symlinking: /home/vtcro/Desktop/Dog/dingo_ws/install/dingo_msgs/include/dingo_msgs/dingo_msgs/msg/detail/electrical_measurements__type_support.h
-- Symlinking: /home/vtcro/Desktop/Dog/dingo_ws/install/dingo_msgs/include/dingo_msgs/dingo_msgs/msg/detail/joint_space__functions.h
-- Symlinking: /home/vtcro/Desktop/Dog/dingo_ws/install/dingo_msgs/include/dingo_msgs/dingo_msgs/msg/detail/joint_space__struct.h
-- Symlinking: /home/vtcro/Desktop/Dog/dingo_ws/install/dingo_msgs/include/dingo_msgs/dingo_msgs/msg/detail/joint_space__type_support.h
-- Symlinking: /home/vtcro/Desktop/Dog/dingo_ws/install/dingo_msgs/include/dingo_msgs/dingo_msgs/msg/detail/task_space__functions.h
-- Symlinking: /home/vtcro/Desktop/Dog/dingo_ws/install/dingo_msgs/include/dingo_msgs/dingo_msgs/msg/detail/task_space__struct.h
-- Symlinking: /home/vtcro/Desktop/Dog/dingo_ws/install/dingo_msgs/include/dingo_msgs/dingo_msgs/msg/detail/task_space__type_support.h
-- Symlinking: /home/vtcro/Desktop/Dog/dingo_ws/install/dingo_msgs/include/dingo_msgs/dingo_msgs/msg/electrical_measurements.h
-- Symlinking: /home/vtcro/Desktop/Dog/dingo_ws/install/dingo_msgs/include/dingo_msgs/dingo_msgs/msg/joint_space.h
-- Symlinking: /home/vtcro/Desktop/Dog/dingo_ws/install/dingo_msgs/include/dingo_msgs/dingo_msgs/msg/rosidl_generator_c__visibility_control.h
-- Symlinking: /home/vtcro/Desktop/Dog/dingo_ws/install/dingo_msgs/include/dingo_msgs/dingo_msgs/msg/task_space.h
-- Symlinking: /home/vtcro/Desktop/Dog/dingo_ws/install/dingo_msgs/share/dingo_msgs/environment/library_path.sh
-- Symlinking: /home/vtcro/Desktop/Dog/dingo_ws/install/dingo_msgs/share/dingo_msgs/environment/library_path.dsv
-- Symlinking: /home/vtcro/Desktop/Dog/dingo_ws/install/dingo_msgs/include/dingo_msgs/dingo_msgs/msg/detail/angle__rosidl_typesupport_fastrtps_c.h
-- Symlinking: /home/vtcro/Desktop/Dog/dingo_ws/install/dingo_msgs/include/dingo_msgs/dingo_msgs/msg/detail/electrical_measurements__rosidl_typesupport_fastrtps_c.h
-- Symlinking: /home/vtcro/Desktop/Dog/dingo_ws/install/dingo_msgs/include/dingo_msgs/dingo_msgs/msg/detail/joint_space__rosidl_typesupport_fastrtps_c.h
-- Symlinking: /home/vtcro/Desktop/Dog/dingo_ws/install/dingo_msgs/include/dingo_msgs/dingo_msgs/msg/detail/task_space__rosidl_typesupport_fastrtps_c.h
-- Symlinking: /home/vtcro/Desktop/Dog/dingo_ws/install/dingo_msgs/include/dingo_msgs/dingo_msgs/msg/rosidl_typesupport_fastrtps_c__visibility_control.h
-- Symlinking: /home/vtcro/Desktop/Dog/dingo_ws/install/dingo_msgs/include/dingo_msgs/dingo_msgs/msg/detail/angle__rosidl_typesupport_introspection_c.h
-- Symlinking: /home/vtcro/Desktop/Dog/dingo_ws/install/dingo_msgs/include/dingo_msgs/dingo_msgs/msg/detail/electrical_measurements__rosidl_typesupport_introspection_c.h
-- Symlinking: /home/vtcro/Desktop/Dog/dingo_ws/install/dingo_msgs/include/dingo_msgs/dingo_msgs/msg/detail/joint_space__rosidl_typesupport_introspection_c.h
-- Symlinking: /home/vtcro/Desktop/Dog/dingo_ws/install/dingo_msgs/include/dingo_msgs/dingo_msgs/msg/detail/task_space__rosidl_typesupport_introspection_c.h
-- Symlinking: /home/vtcro/Desktop/Dog/dingo_ws/install/dingo_msgs/include/dingo_msgs/dingo_msgs/msg/rosidl_typesupport_introspection_c__visibility_control.h
-- Symlinking: /home/vtcro/Desktop/Dog/dingo_ws/install/dingo_msgs/include/dingo_msgs/dingo_msgs/msg/angle.hpp
-- Symlinking: /home/vtcro/Desktop/Dog/dingo_ws/install/dingo_msgs/include/dingo_msgs/dingo_msgs/msg/detail/angle__builder.hpp
-- Symlinking: /home/vtcro/Desktop/Dog/dingo_ws/install/dingo_msgs/include/dingo_msgs/dingo_msgs/msg/detail/angle__struct.hpp
-- Symlinking: /home/vtcro/Desktop/Dog/dingo_ws/install/dingo_msgs/include/dingo_msgs/dingo_msgs/msg/detail/angle__traits.hpp
-- Symlinking: /home/vtcro/Desktop/Dog/dingo_ws/install/dingo_msgs/include/dingo_msgs/dingo_msgs/msg/detail/angle__type_support.hpp
-- Symlinking: /home/vtcro/Desktop/Dog/dingo_ws/install/dingo_msgs/include/dingo_msgs/dingo_msgs/msg/detail/electrical_measurements__builder.hpp
-- Symlinking: /home/vtcro/Desktop/Dog/dingo_ws/install/dingo_msgs/include/dingo_msgs/dingo_msgs/msg/detail/electrical_measurements__struct.hpp
-- Symlinking: /home/vtcro/Desktop/Dog/dingo_ws/install/dingo_msgs/include/dingo_msgs/dingo_msgs/msg/detail/electrical_measurements__traits.hpp
-- Symlinking: /home/vtcro/Desktop/Dog/dingo_ws/install/dingo_msgs/include/dingo_msgs/dingo_msgs/msg/detail/electrical_measurements__type_support.hpp
-- Symlinking: /home/vtcro/Desktop/Dog/dingo_ws/install/dingo_msgs/include/dingo_msgs/dingo_msgs/msg/detail/joint_space__builder.hpp
-- Symlinking: /home/vtcro/Desktop/Dog/dingo_ws/install/dingo_msgs/include/dingo_msgs/dingo_msgs/msg/detail/joint_space__struct.hpp
-- Symlinking: /home/vtcro/Desktop/Dog/dingo_ws/install/dingo_msgs/include/dingo_msgs/dingo_msgs/msg/detail/joint_space__traits.hpp
-- Symlinking: /home/vtcro/Desktop/Dog/dingo_ws/install/dingo_msgs/include/dingo_msgs/dingo_msgs/msg/detail/joint_space__type_support.hpp
-- Symlinking: /home/vtcro/Desktop/Dog/dingo_ws/install/dingo_msgs/include/dingo_msgs/dingo_msgs/msg/detail/task_space__builder.hpp
-- Symlinking: /home/vtcro/Desktop/Dog/dingo_ws/install/dingo_msgs/include/dingo_msgs/dingo_msgs/msg/detail/task_space__struct.hpp
-- Symlinking: /home/vtcro/Desktop/Dog/dingo_ws/install/dingo_msgs/include/dingo_msgs/dingo_msgs/msg/detail/task_space__traits.hpp
-- Symlinking: /home/vtcro/Desktop/Dog/dingo_ws/install/dingo_msgs/include/dingo_msgs/dingo_msgs/msg/detail/task_space__type_support.hpp
-- Symlinking: /home/vtcro/Desktop/Dog/dingo_ws/install/dingo_msgs/include/dingo_msgs/dingo_msgs/msg/electrical_measurements.hpp
-- Symlinking: /home/vtcro/Desktop/Dog/dingo_ws/install/dingo_msgs/include/dingo_msgs/dingo_msgs/msg/joint_space.hpp
-- Symlinking: /home/vtcro/Desktop/Dog/dingo_ws/install/dingo_msgs/include/dingo_msgs/dingo_msgs/msg/rosidl_generator_cpp__visibility_control.hpp
-- Symlinking: /home/vtcro/Desktop/Dog/dingo_ws/install/dingo_msgs/include/dingo_msgs/dingo_msgs/msg/task_space.hpp
-- Symlinking: /home/vtcro/Desktop/Dog/dingo_ws/install/dingo_msgs/include/dingo_msgs/dingo_msgs/msg/detail/angle__rosidl_typesupport_fastrtps_cpp.hpp
-- Symlinking: /home/vtcro/Desktop/Dog/dingo_ws/install/dingo_msgs/include/dingo_msgs/dingo_msgs/msg/detail/electrical_measurements__rosidl_typesupport_fastrtps_cpp.hpp
-- Symlinking: /home/vtcro/Desktop/Dog/dingo_ws/install/dingo_msgs/include/dingo_msgs/dingo_msgs/msg/detail/joint_space__rosidl_typesupport_fastrtps_cpp.hpp
-- Symlinking: /home/vtcro/Desktop/Dog/dingo_ws/install/dingo_msgs/include/dingo_msgs/dingo_msgs/msg/detail/task_space__rosidl_typesupport_fastrtps_cpp.hpp
-- Symlinking: /home/vtcro/Desktop/Dog/dingo_ws/install/dingo_msgs/include/dingo_msgs/dingo_msgs/msg/rosidl_typesupport_fastrtps_cpp__visibility_control.h
-- Symlinking: /home/vtcro/Desktop/Dog/dingo_ws/install/dingo_msgs/include/dingo_msgs/dingo_msgs/msg/detail/angle__rosidl_typesupport_introspection_cpp.hpp
-- Symlinking: /home/vtcro/Desktop/Dog/dingo_ws/install/dingo_msgs/include/dingo_msgs/dingo_msgs/msg/detail/electrical_measurements__rosidl_typesupport_introspection_cpp.hpp
-- Symlinking: /home/vtcro/Desktop/Dog/dingo_ws/install/dingo_msgs/include/dingo_msgs/dingo_msgs/msg/detail/joint_space__rosidl_typesupport_introspection_cpp.hpp
-- Symlinking: /home/vtcro/Desktop/Dog/dingo_ws/install/dingo_msgs/include/dingo_msgs/dingo_msgs/msg/detail/task_space__rosidl_typesupport_introspection_cpp.hpp
-- Symlinking: /home/vtcro/Desktop/Dog/dingo_ws/install/dingo_msgs/share/dingo_msgs/environment/pythonpath.sh
-- Symlinking: /home/vtcro/Desktop/Dog/dingo_ws/install/dingo_msgs/share/dingo_msgs/environment/pythonpath.dsv
-- Symlinking: /home/vtcro/Desktop/Dog/dingo_ws/install/dingo_msgs/lib/python3.12/site-packages/dingo_msgs-0.0.0-py3.12.egg-info/PKG-INFO
-- Symlinking: /home/vtcro/Desktop/Dog/dingo_ws/install/dingo_msgs/lib/python3.12/site-packages/dingo_msgs-0.0.0-py3.12.egg-info/SOURCES.txt
-- Symlinking: /home/vtcro/Desktop/Dog/dingo_ws/install/dingo_msgs/lib/python3.12/site-packages/dingo_msgs-0.0.0-py3.12.egg-info/dependency_links.txt
-- Symlinking: /home/vtcro/Desktop/Dog/dingo_ws/install/dingo_msgs/lib/python3.12/site-packages/dingo_msgs-0.0.0-py3.12.egg-info/top_level.txt
-- Symlinking: /home/vtcro/Desktop/Dog/dingo_ws/install/dingo_msgs/lib/python3.12/site-packages/dingo_msgs/__init__.py
-- Symlinking: /home/vtcro/Desktop/Dog/dingo_ws/install/dingo_msgs/lib/python3.12/site-packages/dingo_msgs/_dingo_msgs_s.ep.rosidl_typesupport_c.c
-- Symlinking: /home/vtcro/Desktop/Dog/dingo_ws/install/dingo_msgs/lib/python3.12/site-packages/dingo_msgs/_dingo_msgs_s.ep.rosidl_typesupport_fastrtps_c.c
-- Symlinking: /home/vtcro/Desktop/Dog/dingo_ws/install/dingo_msgs/lib/python3.12/site-packages/dingo_msgs/_dingo_msgs_s.ep.rosidl_typesupport_introspection_c.c
-- Symlinking: /home/vtcro/Desktop/Dog/dingo_ws/install/dingo_msgs/lib/python3.12/site-packages/dingo_msgs/dingo_msgs_s__rosidl_typesupport_c.so
-- Symlinking: /home/vtcro/Desktop/Dog/dingo_ws/install/dingo_msgs/lib/python3.12/site-packages/dingo_msgs/dingo_msgs_s__rosidl_typesupport_fastrtps_c.so
-- Symlinking: /home/vtcro/Desktop/Dog/dingo_ws/install/dingo_msgs/lib/python3.12/site-packages/dingo_msgs/dingo_msgs_s__rosidl_typesupport_introspection_c.so
-- Symlinking: /home/vtcro/Desktop/Dog/dingo_ws/install/dingo_msgs/lib/python3.12/site-packages/dingo_msgs/msg/__init__.py
-- Symlinking: /home/vtcro/Desktop/Dog/dingo_ws/install/dingo_msgs/lib/python3.12/site-packages/dingo_msgs/msg/_angle.py
-- Symlinking: /home/vtcro/Desktop/Dog/dingo_ws/install/dingo_msgs/lib/python3.12/site-packages/dingo_msgs/msg/_angle_s.c
-- Symlinking: /home/vtcro/Desktop/Dog/dingo_ws/install/dingo_msgs/lib/python3.12/site-packages/dingo_msgs/msg/_electrical_measurements.py
-- Symlinking: /home/vtcro/Desktop/Dog/dingo_ws/install/dingo_msgs/lib/python3.12/site-packages/dingo_msgs/msg/_electrical_measurements_s.c
-- Symlinking: /home/vtcro/Desktop/Dog/dingo_ws/install/dingo_msgs/lib/python3.12/site-packages/dingo_msgs/msg/_joint_space.py
-- Symlinking: /home/vtcro/Desktop/Dog/dingo_ws/install/dingo_msgs/lib/python3.12/site-packages/dingo_msgs/msg/_joint_space_s.c
-- Symlinking: /home/vtcro/Desktop/Dog/dingo_ws/install/dingo_msgs/lib/python3.12/site-packages/dingo_msgs/msg/_task_space.py
-- Symlinking: /home/vtcro/Desktop/Dog/dingo_ws/install/dingo_msgs/lib/python3.12/site-packages/dingo_msgs/msg/_task_space_s.c
-- Up-to-date symlink: /home/vtcro/Desktop/Dog/dingo_ws/install/dingo_msgs/lib/python3.12/site-packages/dingo_msgs/dingo_msgs_s__rosidl_typesupport_fastrtps_c.so
-- Up-to-date symlink: /home/vtcro/Desktop/Dog/dingo_ws/install/dingo_msgs/lib/python3.12/site-packages/dingo_msgs/dingo_msgs_s__rosidl_typesupport_introspection_c.so
-- Up-to-date symlink: /home/vtcro/Desktop/Dog/dingo_ws/install/dingo_msgs/lib/python3.12/site-packages/dingo_msgs/dingo_msgs_s__rosidl_typesupport_c.so
-- Symlinking: /home/vtcro/Desktop/Dog/dingo_ws/install/dingo_msgs/share/dingo_msgs/msg/ElectricalMeasurements.idl
-- Symlinking: /home/vtcro/Desktop/Dog/dingo_ws/install/dingo_msgs/share/dingo_msgs/msg/Angle.idl
-- Symlinking: /home/vtcro/Desktop/Dog/dingo_ws/install/dingo_msgs/share/dingo_msgs/msg/JointSpace.idl
-- Symlinking: /home/vtcro/Desktop/Dog/dingo_ws/install/dingo_msgs/share/dingo_msgs/msg/TaskSpace.idl
-- Symlinking: /home/vtcro/Desktop/Dog/dingo_ws/install/dingo_msgs/share/dingo_msgs/msg/ElectricalMeasurements.msg
-- Symlinking: /home/vtcro/Desktop/Dog/dingo_ws/install/dingo_msgs/share/dingo_msgs/msg/Angle.msg
-- Symlinking: /home/vtcro/Desktop/Dog/dingo_ws/install/dingo_msgs/share/dingo_msgs/msg/JointSpace.msg
-- Symlinking: /home/vtcro/Desktop/Dog/dingo_ws/install/dingo_msgs/share/dingo_msgs/msg/TaskSpace.msg
-- Symlinking: /home/vtcro/Desktop/Dog/dingo_ws/install/dingo_msgs/share/ament_index/resource_index/package_run_dependencies/dingo_msgs
-- Symlinking: /home/vtcro/Desktop/Dog/dingo_ws/install/dingo_msgs/share/ament_index/resource_index/parent_prefix_path/dingo_msgs
-- Symlinking: /home/vtcro/Desktop/Dog/dingo_ws/install/dingo_msgs/share/dingo_msgs/environment/ament_prefix_path.sh
-- Symlinking: /home/vtcro/Desktop/Dog/dingo_ws/install/dingo_msgs/share/dingo_msgs/environment/ament_prefix_path.dsv
-- Symlinking: /home/vtcro/Desktop/Dog/dingo_ws/install/dingo_msgs/share/dingo_msgs/environment/path.sh
-- Symlinking: /home/vtcro/Desktop/Dog/dingo_ws/install/dingo_msgs/share/dingo_msgs/environment/path.dsv
-- Symlinking: /home/vtcro/Desktop/Dog/dingo_ws/install/dingo_msgs/share/dingo_msgs/local_setup.bash
-- Symlinking: /home/vtcro/Desktop/Dog/dingo_ws/install/dingo_msgs/share/dingo_msgs/local_setup.sh
-- Symlinking: /home/vtcro/Desktop/Dog/dingo_ws/install/dingo_msgs/share/dingo_msgs/local_setup.zsh
-- Symlinking: /home/vtcro/Desktop/Dog/dingo_ws/install/dingo_msgs/share/dingo_msgs/local_setup.dsv
-- Symlinking: /home/vtcro/Desktop/Dog/dingo_ws/install/dingo_msgs/share/dingo_msgs/package.dsv
-- Symlinking: /home/vtcro/Desktop/Dog/dingo_ws/install/dingo_msgs/share/ament_index/resource_index/packages/dingo_msgs
-- Symlinking: /home/vtcro/Desktop/Dog/dingo_ws/install/dingo_msgs/share/dingo_msgs/cmake/rosidl_cmake-extras.cmake
-- Symlinking: /home/vtcro/Desktop/Dog/dingo_ws/install/dingo_msgs/share/dingo_msgs/cmake/ament_cmake_export_dependencies-extras.cmake
-- Symlinking: /home/vtcro/Desktop/Dog/dingo_ws/install/dingo_msgs/share/dingo_msgs/cmake/ament_cmake_export_include_directories-extras.cmake
-- Symlinking: /home/vtcro/Desktop/Dog/dingo_ws/install/dingo_msgs/share/dingo_msgs/cmake/ament_cmake_export_libraries-extras.cmake
-- Symlinking: /home/vtcro/Desktop/Dog/dingo_ws/install/dingo_msgs/share/dingo_msgs/cmake/ament_cmake_export_targets-extras.cmake
-- Symlinking: /home/vtcro/Desktop/Dog/dingo_ws/install/dingo_msgs/share/dingo_msgs/cmake/rosidl_cmake_export_typesupport_targets-extras.cmake
-- Symlinking: /home/vtcro/Desktop/Dog/dingo_ws/install/dingo_msgs/share/dingo_msgs/cmake/rosidl_cmake_export_typesupport_libraries-extras.cmake
-- Symlinking: /home/vtcro/Desktop/Dog/dingo_ws/install/dingo_msgs/share/dingo_msgs/cmake/dingo_msgsConfig.cmake
-- Symlinking: /home/vtcro/Desktop/Dog/dingo_ws/install/dingo_msgs/share/dingo_msgs/cmake/dingo_msgsConfig-version.cmake
-- Symlinking: /home/vtcro/Desktop/Dog/dingo_ws/install/dingo_msgs/share/dingo_msgs/package.xml
-- Installing: /home/vtcro/Desktop/Dog/dingo_ws/install/dingo_msgs/lib/libdingo_msgs__rosidl_generator_c.so
-- Set non-toolchain portion of runtime path of "/home/vtcro/Desktop/Dog/dingo_ws/install/dingo_msgs/lib/libdingo_msgs__rosidl_generator_c.so" to ""
-- Installing: /home/vtcro/Desktop/Dog/dingo_ws/install/dingo_msgs/lib/libdingo_msgs__rosidl_typesupport_fastrtps_c.so
-- Set non-toolchain portion of runtime path of "/home/vtcro/Desktop/Dog/dingo_ws/install/dingo_msgs/lib/libdingo_msgs__rosidl_typesupport_fastrtps_c.so" to ""
-- Installing: /home/vtcro/Desktop/Dog/dingo_ws/install/dingo_msgs/lib/libdingo_msgs__rosidl_typesupport_introspection_c.so
-- Set non-toolchain portion of runtime path of "/home/vtcro/Desktop/Dog/dingo_ws/install/dingo_msgs/lib/libdingo_msgs__rosidl_typesupport_introspection_c.so" to ""
-- Installing: /home/vtcro/Desktop/Dog/dingo_ws/install/dingo_msgs/lib/libdingo_msgs__rosidl_typesupport_c.so
-- Set non-toolchain portion of runtime path of "/home/vtcro/Desktop/Dog/dingo_ws/install/dingo_msgs/lib/libdingo_msgs__rosidl_typesupport_c.so" to ""
-- Installing: /home/vtcro/Desktop/Dog/dingo_ws/install/dingo_msgs/lib/libdingo_msgs__rosidl_typesupport_fastrtps_cpp.so
-- Set non-toolchain portion of runtime path of "/home/vtcro/Desktop/Dog/dingo_ws/install/dingo_msgs/lib/libdingo_msgs__rosidl_typesupport_fastrtps_cpp.so" to ""
-- Installing: /home/vtcro/Desktop/Dog/dingo_ws/install/dingo_msgs/lib/libdingo_msgs__rosidl_typesupport_introspection_cpp.so
-- Set non-toolchain portion of runtime path of "/home/vtcro/Desktop/Dog/dingo_ws/install/dingo_msgs/lib/libdingo_msgs__rosidl_typesupport_introspection_cpp.so" to ""
-- Installing: /home/vtcro/Desktop/Dog/dingo_ws/install/dingo_msgs/lib/libdingo_msgs__rosidl_typesupport_cpp.so
-- Set non-toolchain portion of runtime path of "/home/vtcro/Desktop/Dog/dingo_ws/install/dingo_msgs/lib/libdingo_msgs__rosidl_typesupport_cpp.so" to ""
Listing '/home/vtcro/Desktop/Dog/dingo_ws/install/dingo_msgs/lib/python3.12/site-packages/dingo_msgs'...
Compiling '/home/vtcro/Desktop/Dog/dingo_ws/install/dingo_msgs/lib/python3.12/site-packages/dingo_msgs/__init__.py'...
Listing '/home/vtcro/Desktop/Dog/dingo_ws/install/dingo_msgs/lib/python3.12/site-packages/dingo_msgs/msg'...
Compiling '/home/vtcro/Desktop/Dog/dingo_ws/install/dingo_msgs/lib/python3.12/site-packages/dingo_msgs/msg/__init__.py'...
Compiling '/home/vtcro/Desktop/Dog/dingo_ws/install/dingo_msgs/lib/python3.12/site-packages/dingo_msgs/msg/_angle.py'...
Compiling '/home/vtcro/Desktop/Dog/dingo_ws/install/dingo_msgs/lib/python3.12/site-packages/dingo_msgs/msg/_electrical_measurements.py'...
Compiling '/home/vtcro/Desktop/Dog/dingo_ws/install/dingo_msgs/lib/python3.12/site-packages/dingo_msgs/msg/_joint_space.py'...
Compiling '/home/vtcro/Desktop/Dog/dingo_ws/install/dingo_msgs/lib/python3.12/site-packages/dingo_msgs/msg/_task_space.py'...
-- Installing: /home/vtcro/Desktop/Dog/dingo_ws/install/dingo_msgs/lib/libdingo_msgs__rosidl_generator_py.so
-- Set non-toolchain portion of runtime path of "/home/vtcro/Desktop/Dog/dingo_ws/install/dingo_msgs/lib/libdingo_msgs__rosidl_generator_py.so" to ""
-- Installing: /home/vtcro/Desktop/Dog/dingo_ws/install/dingo_msgs/share/dingo_msgs/cmake/export_dingo_msgs__rosidl_generator_cExport.cmake
-- Installing: /home/vtcro/Desktop/Dog/dingo_ws/install/dingo_msgs/share/dingo_msgs/cmake/export_dingo_msgs__rosidl_generator_cExport-noconfig.cmake
-- Installing: /home/vtcro/Desktop/Dog/dingo_ws/install/dingo_msgs/share/dingo_msgs/cmake/export_dingo_msgs__rosidl_typesupport_fastrtps_cExport.cmake
-- Installing: /home/vtcro/Desktop/Dog/dingo_ws/install/dingo_msgs/share/dingo_msgs/cmake/export_dingo_msgs__rosidl_typesupport_fastrtps_cExport-noconfig.cmake
-- Installing: /home/vtcro/Desktop/Dog/dingo_ws/install/dingo_msgs/share/dingo_msgs/cmake/dingo_msgs__rosidl_typesupport_introspection_cExport.cmake
-- Installing: /home/vtcro/Desktop/Dog/dingo_ws/install/dingo_msgs/share/dingo_msgs/cmake/dingo_msgs__rosidl_typesupport_introspection_cExport-noconfig.cmake
-- Installing: /home/vtcro/Desktop/Dog/dingo_ws/install/dingo_msgs/share/dingo_msgs/cmake/dingo_msgs__rosidl_typesupport_cExport.cmake
-- Installing: /home/vtcro/Desktop/Dog/dingo_ws/install/dingo_msgs/share/dingo_msgs/cmake/dingo_msgs__rosidl_typesupport_cExport-noconfig.cmake
-- Installing: /home/vtcro/Desktop/Dog/dingo_ws/install/dingo_msgs/share/dingo_msgs/cmake/export_dingo_msgs__rosidl_generator_cppExport.cmake
-- Installing: /home/vtcro/Desktop/Dog/dingo_ws/install/dingo_msgs/share/dingo_msgs/cmake/export_dingo_msgs__rosidl_typesupport_fastrtps_cppExport.cmake
-- Installing: /home/vtcro/Desktop/Dog/dingo_ws/install/dingo_msgs/share/dingo_msgs/cmake/export_dingo_msgs__rosidl_typesupport_fastrtps_cppExport-noconfig.cmake
-- Installing: /home/vtcro/Desktop/Dog/dingo_ws/install/dingo_msgs/share/dingo_msgs/cmake/dingo_msgs__rosidl_typesupport_introspection_cppExport.cmake
-- Installing: /home/vtcro/Desktop/Dog/dingo_ws/install/dingo_msgs/share/dingo_msgs/cmake/dingo_msgs__rosidl_typesupport_introspection_cppExport-noconfig.cmake
-- Installing: /home/vtcro/Desktop/Dog/dingo_ws/install/dingo_msgs/share/dingo_msgs/cmake/dingo_msgs__rosidl_typesupport_cppExport.cmake
-- Installing: /home/vtcro/Desktop/Dog/dingo_ws/install/dingo_msgs/share/dingo_msgs/cmake/dingo_msgs__rosidl_typesupport_cppExport-noconfig.cmake
-- Installing: /home/vtcro/Desktop/Dog/dingo_ws/install/dingo_msgs/share/dingo_msgs/cmake/export_dingo_msgs__rosidl_generator_pyExport.cmake
-- Installing: /home/vtcro/Desktop/Dog/dingo_ws/install/dingo_msgs/share/dingo_msgs/cmake/export_dingo_msgs__rosidl_generator_pyExport-noconfig.cmake
