[5.484s] Invoking command in '/home/robogames/Desktop/Dog/dingo_ws/src/dingo_peripheral_interfacing': DEBUGINFOD_URLS=https://debuginfod.ubuntu.com PS1=(ros2_python_venv) \[\e]0;\u@\h: \w\a\]${debian_chroot:+($debian_chroot)}\[\033[01;32m\]\u@\h\[\033[00m\]:\[\033[01;34m\]\w\[\033[00m\]\$ PYTHONPATH=/home/robogames/Desktop/Dog/dingo_ws/build/dingo_peripheral_interfacing/prefix_override:/usr/lib/python3/dist-packages/colcon_core/task/python/colcon_distutils_commands:/home/robogames/Desktop/Dog/dingo_ws/install/dingo_peripheral_interfacing/lib/python3.12/site-packages:${PYTHONPATH} VIRTUAL_ENV_PROMPT=(ros2_python_venv) /usr/bin/python3 -W ignore:setup.py install is deprecated -W ignore:easy_install command is deprecated setup.py egg_info --egg-base ../../build/dingo_peripheral_interfacing build --build-base /home/robogames/Desktop/Dog/dingo_ws/build/dingo_peripheral_interfacing/build install --record /home/robogames/Desktop/Dog/dingo_ws/build/dingo_peripheral_interfacing/install.log --single-version-externally-managed install_data
[6.942s] running egg_info
[7.114s] writing ../../build/dingo_peripheral_interfacing/dingo_peripheral_interfacing.egg-info/PKG-INFO
[7.117s] writing dependency_links to ../../build/dingo_peripheral_interfacing/dingo_peripheral_interfacing.egg-info/dependency_links.txt
[7.118s] writing entry points to ../../build/dingo_peripheral_interfacing/dingo_peripheral_interfacing.egg-info/entry_points.txt
[7.118s] writing requirements to ../../build/dingo_peripheral_interfacing/dingo_peripheral_interfacing.egg-info/requires.txt
[7.119s] writing top-level names to ../../build/dingo_peripheral_interfacing/dingo_peripheral_interfacing.egg-info/top_level.txt
[7.364s] reading manifest file '../../build/dingo_peripheral_interfacing/dingo_peripheral_interfacing.egg-info/SOURCES.txt'
[7.397s] writing manifest file '../../build/dingo_peripheral_interfacing/dingo_peripheral_interfacing.egg-info/SOURCES.txt'
[7.400s] running build
[7.400s] running build_py
[7.400s] running install
[7.436s] running install_lib
[7.554s] running install_data
[7.554s] running install_egg_info
[7.680s] removing '/home/robogames/Desktop/Dog/dingo_ws/install/dingo_peripheral_interfacing/lib/python3.12/site-packages/dingo_peripheral_interfacing-0.0.0-py3.12.egg-info' (and everything under it)
[7.680s] Copying ../../build/dingo_peripheral_interfacing/dingo_peripheral_interfacing.egg-info to /home/robogames/Desktop/Dog/dingo_ws/install/dingo_peripheral_interfacing/lib/python3.12/site-packages/dingo_peripheral_interfacing-0.0.0-py3.12.egg-info
[7.683s] running install_scripts
[8.707s] Installing dingo_lcd_interfacing script to /home/robogames/Desktop/Dog/dingo_ws/install/dingo_peripheral_interfacing/lib/dingo_peripheral_interfacing
[8.713s] writing list of installed files to '/home/robogames/Desktop/Dog/dingo_ws/build/dingo_peripheral_interfacing/install.log'
[9.015s] Invoked command in '/home/robogames/Desktop/Dog/dingo_ws/src/dingo_peripheral_interfacing' returned '0': DEBUGINFOD_URLS=https://debuginfod.ubuntu.com PS1=(ros2_python_venv) \[\e]0;\u@\h: \w\a\]${debian_chroot:+($debian_chroot)}\[\033[01;32m\]\u@\h\[\033[00m\]:\[\033[01;34m\]\w\[\033[00m\]\$ PYTHONPATH=/home/robogames/Desktop/Dog/dingo_ws/build/dingo_peripheral_interfacing/prefix_override:/usr/lib/python3/dist-packages/colcon_core/task/python/colcon_distutils_commands:/home/robogames/Desktop/Dog/dingo_ws/install/dingo_peripheral_interfacing/lib/python3.12/site-packages:${PYTHONPATH} VIRTUAL_ENV_PROMPT=(ros2_python_venv) /usr/bin/python3 -W ignore:setup.py install is deprecated -W ignore:easy_install command is deprecated setup.py egg_info --egg-base ../../build/dingo_peripheral_interfacing build --build-base /home/robogames/Desktop/Dog/dingo_ws/build/dingo_peripheral_interfacing/build install --record /home/robogames/Desktop/Dog/dingo_ws/build/dingo_peripheral_interfacing/install.log --single-version-externally-managed install_data
