[3.415s] Invoking command in '/home/robogames/Desktop/Dog/dingo_ws/src/dingo': DEBUGINFOD_URLS=https://debuginfod.ubuntu.com PS1=(ros2_python_venv) \[\e]0;\u@\h: \w\a\]${debian_chroot:+($debian_chroot)}\[\033[01;32m\]\u@\h\[\033[00m\]:\[\033[01;34m\]\w\[\033[00m\]\$ PYTHONPATH=/home/robogames/Desktop/Dog/dingo_ws/build/dingo/prefix_override:/usr/lib/python3/dist-packages/colcon_core/task/python/colcon_distutils_commands:/home/robogames/Desktop/Dog/dingo_ws/install/dingo/lib/python3.12/site-packages:${PYTHONPATH} VIRTUAL_ENV_PROMPT=(ros2_python_venv) /usr/bin/python3 -W ignore:setup.py install is deprecated -W ignore:easy_install command is deprecated setup.py egg_info --egg-base ../../build/dingo build --build-base /home/robogames/Desktop/Dog/dingo_ws/build/dingo/build install --record /home/robogames/Desktop/Dog/dingo_ws/build/dingo/install.log --single-version-externally-managed install_data
[3.972s] running egg_info
[4.017s] writing ../../build/dingo/dingo.egg-info/PKG-INFO
[4.019s] writing dependency_links to ../../build/dingo/dingo.egg-info/dependency_links.txt
[4.020s] writing entry points to ../../build/dingo/dingo.egg-info/entry_points.txt
[4.021s] writing requirements to ../../build/dingo/dingo.egg-info/requires.txt
[4.022s] writing top-level names to ../../build/dingo/dingo.egg-info/top_level.txt
[4.109s] reading manifest file '../../build/dingo/dingo.egg-info/SOURCES.txt'
[4.111s] writing manifest file '../../build/dingo/dingo.egg-info/SOURCES.txt'
[4.112s] running build
[4.113s] running build_py
[4.116s] copying src/dingo/dingo_driver.py -> /home/robogames/Desktop/Dog/dingo_ws/build/dingo/build/lib/dingo
[4.116s] running install
[4.127s] running install_lib
[4.172s] copying /home/robogames/Desktop/Dog/dingo_ws/build/dingo/build/lib/dingo/dingo_driver.py -> /home/robogames/Desktop/Dog/dingo_ws/install/dingo/lib/python3.12/site-packages/dingo
[4.173s] byte-compiling /home/robogames/Desktop/Dog/dingo_ws/install/dingo/lib/python3.12/site-packages/dingo/dingo_driver.py to dingo_driver.cpython-312.pyc
[4.177s] running install_data
[4.178s] copying launch/dingo.launch.py -> /home/robogames/Desktop/Dog/dingo_ws/install/dingo/share/dingo/launch
[4.180s] running install_egg_info
[4.225s] removing '/home/robogames/Desktop/Dog/dingo_ws/install/dingo/lib/python3.12/site-packages/dingo-0.0.0-py3.12.egg-info' (and everything under it)
[4.226s] Copying ../../build/dingo/dingo.egg-info to /home/robogames/Desktop/Dog/dingo_ws/install/dingo/lib/python3.12/site-packages/dingo-0.0.0-py3.12.egg-info
[4.230s] running install_scripts
[4.563s] Installing dingo_driver script to /home/robogames/Desktop/Dog/dingo_ws/install/dingo/lib/dingo
[4.565s] writing list of installed files to '/home/robogames/Desktop/Dog/dingo_ws/build/dingo/install.log'
[4.743s] Invoked command in '/home/robogames/Desktop/Dog/dingo_ws/src/dingo' returned '0': DEBUGINFOD_URLS=https://debuginfod.ubuntu.com PS1=(ros2_python_venv) \[\e]0;\u@\h: \w\a\]${debian_chroot:+($debian_chroot)}\[\033[01;32m\]\u@\h\[\033[00m\]:\[\033[01;34m\]\w\[\033[00m\]\$ PYTHONPATH=/home/robogames/Desktop/Dog/dingo_ws/build/dingo/prefix_override:/usr/lib/python3/dist-packages/colcon_core/task/python/colcon_distutils_commands:/home/robogames/Desktop/Dog/dingo_ws/install/dingo/lib/python3.12/site-packages:${PYTHONPATH} VIRTUAL_ENV_PROMPT=(ros2_python_venv) /usr/bin/python3 -W ignore:setup.py install is deprecated -W ignore:easy_install command is deprecated setup.py egg_info --egg-base ../../build/dingo build --build-base /home/robogames/Desktop/Dog/dingo_ws/build/dingo/build install --record /home/robogames/Desktop/Dog/dingo_ws/build/dingo/install.log --single-version-externally-managed install_data
