[3.729s] Invoking command in '/home/robogames/Desktop/Dog/dingo_ws/src/dingo_servo_interfacing': DEBUGINFOD_URLS=https://debuginfod.ubuntu.com PS1=(ros2_python_venv) \[\e]0;\u@\h: \w\a\]${debian_chroot:+($debian_chroot)}\[\033[01;32m\]\u@\h\[\033[00m\]:\[\033[01;34m\]\w\[\033[00m\]\$ PYTHONPATH=/home/robogames/Desktop/Dog/dingo_ws/build/dingo_servo_interfacing/prefix_override:/usr/lib/python3/dist-packages/colcon_core/task/python/colcon_distutils_commands:/home/robogames/Desktop/Dog/dingo_ws/install/dingo_servo_interfacing/lib/python3.12/site-packages:${PYTHONPATH} VIRTUAL_ENV_PROMPT=(ros2_python_venv) /usr/bin/python3 -W ignore:setup.py install is deprecated -W ignore:easy_install command is deprecated setup.py egg_info --egg-base ../../build/dingo_servo_interfacing build --build-base /home/robogames/Desktop/Dog/dingo_ws/build/dingo_servo_interfacing/build install --record /home/robogames/Desktop/Dog/dingo_ws/build/dingo_servo_interfacing/install.log --single-version-externally-managed
[4.516s] running egg_info
[4.581s] writing ../../build/dingo_servo_interfacing/dingo_servo_interfacing.egg-info/PKG-INFO
[4.583s] writing dependency_links to ../../build/dingo_servo_interfacing/dingo_servo_interfacing.egg-info/dependency_links.txt
[4.583s] writing requirements to ../../build/dingo_servo_interfacing/dingo_servo_interfacing.egg-info/requires.txt
[4.583s] writing top-level names to ../../build/dingo_servo_interfacing/dingo_servo_interfacing.egg-info/top_level.txt
[4.761s] reading manifest file '../../build/dingo_servo_interfacing/dingo_servo_interfacing.egg-info/SOURCES.txt'
[4.782s] writing manifest file '../../build/dingo_servo_interfacing/dingo_servo_interfacing.egg-info/SOURCES.txt'
[4.783s] running build
[4.783s] running build_py
[4.784s] copying src/dingo_servo_interfacing/HardwareInterfaceArduino.py -> /home/robogames/Desktop/Dog/dingo_ws/build/dingo_servo_interfacing/build/lib/dingo_servo_interfacing
[4.784s] running install
[4.798s] running install_lib
[4.856s] copying /home/robogames/Desktop/Dog/dingo_ws/build/dingo_servo_interfacing/build/lib/dingo_servo_interfacing/HardwareInterfaceArduino.py -> /home/robogames/Desktop/Dog/dingo_ws/install/dingo_servo_interfacing/lib/python3.12/site-packages/dingo_servo_interfacing
[4.861s] byte-compiling /home/robogames/Desktop/Dog/dingo_ws/install/dingo_servo_interfacing/lib/python3.12/site-packages/dingo_servo_interfacing/HardwareInterfaceArduino.py to HardwareInterfaceArduino.cpython-312.pyc
[4.863s] running install_egg_info
[4.915s] removing '/home/robogames/Desktop/Dog/dingo_ws/install/dingo_servo_interfacing/lib/python3.12/site-packages/dingo_servo_interfacing-0.0.0-py3.12.egg-info' (and everything under it)
[4.917s] Copying ../../build/dingo_servo_interfacing/dingo_servo_interfacing.egg-info to /home/robogames/Desktop/Dog/dingo_ws/install/dingo_servo_interfacing/lib/python3.12/site-packages/dingo_servo_interfacing-0.0.0-py3.12.egg-info
[4.948s] running install_scripts
[5.286s] writing list of installed files to '/home/robogames/Desktop/Dog/dingo_ws/build/dingo_servo_interfacing/install.log'
[5.413s] Invoked command in '/home/robogames/Desktop/Dog/dingo_ws/src/dingo_servo_interfacing' returned '0': DEBUGINFOD_URLS=https://debuginfod.ubuntu.com PS1=(ros2_python_venv) \[\e]0;\u@\h: \w\a\]${debian_chroot:+($debian_chroot)}\[\033[01;32m\]\u@\h\[\033[00m\]:\[\033[01;34m\]\w\[\033[00m\]\$ PYTHONPATH=/home/robogames/Desktop/Dog/dingo_ws/build/dingo_servo_interfacing/prefix_override:/usr/lib/python3/dist-packages/colcon_core/task/python/colcon_distutils_commands:/home/robogames/Desktop/Dog/dingo_ws/install/dingo_servo_interfacing/lib/python3.12/site-packages:${PYTHONPATH} VIRTUAL_ENV_PROMPT=(ros2_python_venv) /usr/bin/python3 -W ignore:setup.py install is deprecated -W ignore:easy_install command is deprecated setup.py egg_info --egg-base ../../build/dingo_servo_interfacing build --build-base /home/robogames/Desktop/Dog/dingo_ws/build/dingo_servo_interfacing/build install --record /home/robogames/Desktop/Dog/dingo_ws/build/dingo_servo_interfacing/install.log --single-version-externally-managed
