[2.412s] Invoking command in '/home/vtcro/Desktop/Dog/dingo_ws/build/dingo_description': DEBUGINFOD_URLS=https://debuginfod.ubuntu.com PS1=(ros2-venv) \[\e]0;\u@\h: \w\a\]${debian_chroot:+($debian_chroot)}\[\033[01;32m\]\u@\h\[\033[00m\]:\[\033[01;34m\]\w\[\033[00m\]\$ PYTHONPATH=/home/vtcro/Desktop/Dog/dingo_ws/build/dingo_description/prefix_override:/usr/lib/python3/dist-packages/colcon_core/task/python/colcon_distutils_commands:/home/vtcro/Desktop/Dog/dingo_ws/install/dingo_description/lib/python3.12/site-packages:${PYTHONPATH} VIRTUAL_ENV_PROMPT=(ros2-venv) /usr/bin/python3 -W ignore:setup.py install is deprecated -W ignore:easy_install command is deprecated setup.py develop --editable --build-directory /home/vtcro/Desktop/Dog/dingo_ws/build/dingo_description/build --no-deps symlink_data
[2.890s] running develop
[3.147s] running egg_info
[3.147s] creating dingo_description.egg-info
[3.167s] writing dingo_description.egg-info/PKG-INFO
[3.167s] writing dependency_links to dingo_description.egg-info/dependency_links.txt
[3.167s] writing requirements to dingo_description.egg-info/requires.txt
[3.168s] writing top-level names to dingo_description.egg-info/top_level.txt
[3.168s] writing manifest file 'dingo_description.egg-info/SOURCES.txt'
[3.211s] reading manifest file 'dingo_description.egg-info/SOURCES.txt'
[3.212s] writing manifest file 'dingo_description.egg-info/SOURCES.txt'
[3.233s] running build_ext
[3.233s] Creating /home/vtcro/Desktop/Dog/dingo_ws/install/dingo_description/lib/python3.12/site-packages/dingo-description.egg-link (link to .)
[3.233s] 
[3.233s] Installed /home/vtcro/Desktop/Dog/dingo_ws/build/dingo_description
[3.234s] running symlink_data
[3.234s] creating /home/vtcro/Desktop/Dog/dingo_ws/install/dingo_description/share/ament_index
[3.234s] creating /home/vtcro/Desktop/Dog/dingo_ws/install/dingo_description/share/ament_index/resource_index
[3.234s] creating /home/vtcro/Desktop/Dog/dingo_ws/install/dingo_description/share/ament_index/resource_index/packages
[3.234s] symbolically linking /home/vtcro/Desktop/Dog/dingo_ws/build/dingo_description/resource/dingo_description -> /home/vtcro/Desktop/Dog/dingo_ws/install/dingo_description/share/ament_index/resource_index/packages
[3.234s] symbolically linking /home/vtcro/Desktop/Dog/dingo_ws/build/dingo_description/package.xml -> /home/vtcro/Desktop/Dog/dingo_ws/install/dingo_description/share/dingo_description
[3.234s] creating /home/vtcro/Desktop/Dog/dingo_ws/install/dingo_description/share/dingo_description/launch
[3.234s] symbolically linking /home/vtcro/Desktop/Dog/dingo_ws/build/dingo_description/launch/gazebo.launch.py -> /home/vtcro/Desktop/Dog/dingo_ws/install/dingo_description/share/dingo_description/launch
[3.234s] symbolically linking /home/vtcro/Desktop/Dog/dingo_ws/build/dingo_description/launch/display.launch.py -> /home/vtcro/Desktop/Dog/dingo_ws/install/dingo_description/share/dingo_description/launch
[3.234s] creating /home/vtcro/Desktop/Dog/dingo_ws/install/dingo_description/share/dingo_description/urdf
[3.234s] symbolically linking /home/vtcro/Desktop/Dog/dingo_ws/build/dingo_description/urdf/front_left_fl_leg.xacro -> /home/vtcro/Desktop/Dog/dingo_ws/install/dingo_description/share/dingo_description/urdf
[3.234s] symbolically linking /home/vtcro/Desktop/Dog/dingo_ws/build/dingo_description/urdf/leg1.trans -> /home/vtcro/Desktop/Dog/dingo_ws/install/dingo_description/share/dingo_description/urdf
[3.235s] symbolically linking /home/vtcro/Desktop/Dog/dingo_ws/build/dingo_description/urdf/gazebo_control.xacro -> /home/vtcro/Desktop/Dog/dingo_ws/install/dingo_description/share/dingo_description/urdf
[3.235s] symbolically linking /home/vtcro/Desktop/Dog/dingo_ws/build/dingo_description/urdf/dingo.core.xacro -> /home/vtcro/Desktop/Dog/dingo_ws/install/dingo_description/share/dingo_description/urdf
[3.235s] symbolically linking /home/vtcro/Desktop/Dog/dingo_ws/build/dingo_description/urdf/dingo.urdf.xacro -> /home/vtcro/Desktop/Dog/dingo_ws/install/dingo_description/share/dingo_description/urdf
[3.235s] symbolically linking /home/vtcro/Desktop/Dog/dingo_ws/build/dingo_description/urdf/front_right_fr_leg.xacro -> /home/vtcro/Desktop/Dog/dingo_ws/install/dingo_description/share/dingo_description/urdf
[3.235s] symbolically linking /home/vtcro/Desktop/Dog/dingo_ws/build/dingo_description/urdf/leg1.gazebo -> /home/vtcro/Desktop/Dog/dingo_ws/install/dingo_description/share/dingo_description/urdf
[3.235s] symbolically linking /home/vtcro/Desktop/Dog/dingo_ws/build/dingo_description/urdf/tmp_dingo.core.xacro -> /home/vtcro/Desktop/Dog/dingo_ws/install/dingo_description/share/dingo_description/urdf
[3.235s] symbolically linking /home/vtcro/Desktop/Dog/dingo_ws/build/dingo_description/urdf/imu.xacro -> /home/vtcro/Desktop/Dog/dingo_ws/install/dingo_description/share/dingo_description/urdf
[3.235s] symbolically linking /home/vtcro/Desktop/Dog/dingo_ws/build/dingo_description/urdf/inertial_macros.xacro -> /home/vtcro/Desktop/Dog/dingo_ws/install/dingo_description/share/dingo_description/urdf
[3.235s] symbolically linking /home/vtcro/Desktop/Dog/dingo_ws/build/dingo_description/urdf/rear_right_rr_leg.xacro -> /home/vtcro/Desktop/Dog/dingo_ws/install/dingo_description/share/dingo_description/urdf
[3.235s] symbolically linking /home/vtcro/Desktop/Dog/dingo_ws/build/dingo_description/urdf/materials.xacro -> /home/vtcro/Desktop/Dog/dingo_ws/install/dingo_description/share/dingo_description/urdf
[3.235s] symbolically linking /home/vtcro/Desktop/Dog/dingo_ws/build/dingo_description/urdf/ros2_control.xacro -> /home/vtcro/Desktop/Dog/dingo_ws/install/dingo_description/share/dingo_description/urdf
[3.235s] symbolically linking /home/vtcro/Desktop/Dog/dingo_ws/build/dingo_description/urdf/rear_left_rl_leg.xacro -> /home/vtcro/Desktop/Dog/dingo_ws/install/dingo_description/share/dingo_description/urdf
[3.236s] creating /home/vtcro/Desktop/Dog/dingo_ws/install/dingo_description/share/dingo_description/meshes
[3.236s] symbolically linking /home/vtcro/Desktop/Dog/dingo_ws/build/dingo_description/meshes/FL1_obj.mtl -> /home/vtcro/Desktop/Dog/dingo_ws/install/dingo_description/share/dingo_description/meshes
[3.236s] symbolically linking /home/vtcro/Desktop/Dog/dingo_ws/build/dingo_description/meshes/link4.dae -> /home/vtcro/Desktop/Dog/dingo_ws/install/dingo_description/share/dingo_description/meshes
[3.236s] symbolically linking /home/vtcro/Desktop/Dog/dingo_ws/build/dingo_description/meshes/L2_obj.obj -> /home/vtcro/Desktop/Dog/dingo_ws/install/dingo_description/share/dingo_description/meshes
[3.236s] symbolically linking /home/vtcro/Desktop/Dog/dingo_ws/build/dingo_description/meshes/R2_obj.obj -> /home/vtcro/Desktop/Dog/dingo_ws/install/dingo_description/share/dingo_description/meshes
[3.236s] symbolically linking /home/vtcro/Desktop/Dog/dingo_ws/build/dingo_description/meshes/RL_link4.STL -> /home/vtcro/Desktop/Dog/dingo_ws/install/dingo_description/share/dingo_description/meshes
[3.236s] symbolically linking /home/vtcro/Desktop/Dog/dingo_ws/build/dingo_description/meshes/RR_link1.STL -> /home/vtcro/Desktop/Dog/dingo_ws/install/dingo_description/share/dingo_description/meshes
[3.236s] symbolically linking /home/vtcro/Desktop/Dog/dingo_ws/build/dingo_description/meshes/L_link2_collision.STL -> /home/vtcro/Desktop/Dog/dingo_ws/install/dingo_description/share/dingo_description/meshes
[3.236s] symbolically linking /home/vtcro/Desktop/Dog/dingo_ws/build/dingo_description/meshes/RL_link1.STL -> /home/vtcro/Desktop/Dog/dingo_ws/install/dingo_description/share/dingo_description/meshes
[3.236s] symbolically linking /home/vtcro/Desktop/Dog/dingo_ws/build/dingo_description/meshes/RR1_obj.mtl -> /home/vtcro/Desktop/Dog/dingo_ws/install/dingo_description/share/dingo_description/meshes
[3.236s] symbolically linking /home/vtcro/Desktop/Dog/dingo_ws/build/dingo_description/meshes/R_link3.dae -> /home/vtcro/Desktop/Dog/dingo_ws/install/dingo_description/share/dingo_description/meshes
[3.236s] symbolically linking /home/vtcro/Desktop/Dog/dingo_ws/build/dingo_description/meshes/FL_link1.STL -> /home/vtcro/Desktop/Dog/dingo_ws/install/dingo_description/share/dingo_description/meshes
[3.236s] symbolically linking /home/vtcro/Desktop/Dog/dingo_ws/build/dingo_description/meshes/FL_link2.STL -> /home/vtcro/Desktop/Dog/dingo_ws/install/dingo_description/share/dingo_description/meshes
[3.237s] symbolically linking /home/vtcro/Desktop/Dog/dingo_ws/build/dingo_description/meshes/FR1_obj.mtl -> /home/vtcro/Desktop/Dog/dingo_ws/install/dingo_description/share/dingo_description/meshes
[3.237s] symbolically linking /home/vtcro/Desktop/Dog/dingo_ws/build/dingo_description/meshes/R_link3_collision.STL -> /home/vtcro/Desktop/Dog/dingo_ws/install/dingo_description/share/dingo_description/meshes
[3.237s] symbolically linking /home/vtcro/Desktop/Dog/dingo_ws/build/dingo_description/meshes/R3_obj.obj -> /home/vtcro/Desktop/Dog/dingo_ws/install/dingo_description/share/dingo_description/meshes
[3.237s] symbolically linking /home/vtcro/Desktop/Dog/dingo_ws/build/dingo_description/meshes/R2_obj.mtl -> /home/vtcro/Desktop/Dog/dingo_ws/install/dingo_description/share/dingo_description/meshes
[3.237s] symbolically linking /home/vtcro/Desktop/Dog/dingo_ws/build/dingo_description/meshes/RL1_obj.mtl -> /home/vtcro/Desktop/Dog/dingo_ws/install/dingo_description/share/dingo_description/meshes
[3.237s] symbolically linking /home/vtcro/Desktop/Dog/dingo_ws/build/dingo_description/meshes/RR1_obj.obj -> /home/vtcro/Desktop/Dog/dingo_ws/install/dingo_description/share/dingo_description/meshes
[3.237s] symbolically linking /home/vtcro/Desktop/Dog/dingo_ws/build/dingo_description/meshes/RR_link2.STL -> /home/vtcro/Desktop/Dog/dingo_ws/install/dingo_description/share/dingo_description/meshes
[3.237s] symbolically linking /home/vtcro/Desktop/Dog/dingo_ws/build/dingo_description/meshes/FR_link1.dae -> /home/vtcro/Desktop/Dog/dingo_ws/install/dingo_description/share/dingo_description/meshes
[3.237s] symbolically linking /home/vtcro/Desktop/Dog/dingo_ws/build/dingo_description/meshes/RR_link1.dae -> /home/vtcro/Desktop/Dog/dingo_ws/install/dingo_description/share/dingo_description/meshes
[3.237s] symbolically linking /home/vtcro/Desktop/Dog/dingo_ws/build/dingo_description/meshes/R_link2.dae -> /home/vtcro/Desktop/Dog/dingo_ws/install/dingo_description/share/dingo_description/meshes
[3.237s] symbolically linking /home/vtcro/Desktop/Dog/dingo_ws/build/dingo_description/meshes/body_obj.obj -> /home/vtcro/Desktop/Dog/dingo_ws/install/dingo_description/share/dingo_description/meshes
[3.238s] symbolically linking /home/vtcro/Desktop/Dog/dingo_ws/build/dingo_description/meshes/RL1_obj.obj -> /home/vtcro/Desktop/Dog/dingo_ws/install/dingo_description/share/dingo_description/meshes
[3.238s] symbolically linking /home/vtcro/Desktop/Dog/dingo_ws/build/dingo_description/meshes/FR_link1.STL -> /home/vtcro/Desktop/Dog/dingo_ws/install/dingo_description/share/dingo_description/meshes
[3.238s] symbolically linking /home/vtcro/Desktop/Dog/dingo_ws/build/dingo_description/meshes/L3_obj.obj -> /home/vtcro/Desktop/Dog/dingo_ws/install/dingo_description/share/dingo_description/meshes
[3.238s] symbolically linking /home/vtcro/Desktop/Dog/dingo_ws/build/dingo_description/meshes/FR_link4.STL -> /home/vtcro/Desktop/Dog/dingo_ws/install/dingo_description/share/dingo_description/meshes
[3.238s] symbolically linking /home/vtcro/Desktop/Dog/dingo_ws/build/dingo_description/meshes/link4_collision.STL -> /home/vtcro/Desktop/Dog/dingo_ws/install/dingo_description/share/dingo_description/meshes
[3.238s] symbolically linking /home/vtcro/Desktop/Dog/dingo_ws/build/dingo_description/meshes/L3_obj.mtl -> /home/vtcro/Desktop/Dog/dingo_ws/install/dingo_description/share/dingo_description/meshes
[3.238s] symbolically linking /home/vtcro/Desktop/Dog/dingo_ws/build/dingo_description/meshes/FR_link2.STL -> /home/vtcro/Desktop/Dog/dingo_ws/install/dingo_description/share/dingo_description/meshes
[3.238s] symbolically linking /home/vtcro/Desktop/Dog/dingo_ws/build/dingo_description/meshes/base_link.STL -> /home/vtcro/Desktop/Dog/dingo_ws/install/dingo_description/share/dingo_description/meshes
[3.238s] symbolically linking /home/vtcro/Desktop/Dog/dingo_ws/build/dingo_description/meshes/FL_link3.STL -> /home/vtcro/Desktop/Dog/dingo_ws/install/dingo_description/share/dingo_description/meshes
[3.238s] symbolically linking /home/vtcro/Desktop/Dog/dingo_ws/build/dingo_description/meshes/base_collision.STL -> /home/vtcro/Desktop/Dog/dingo_ws/install/dingo_description/share/dingo_description/meshes
[3.238s] symbolically linking /home/vtcro/Desktop/Dog/dingo_ws/build/dingo_description/meshes/R_link2_collision.STL -> /home/vtcro/Desktop/Dog/dingo_ws/install/dingo_description/share/dingo_description/meshes
[3.239s] symbolically linking /home/vtcro/Desktop/Dog/dingo_ws/build/dingo_description/meshes/FR_link3.STL -> /home/vtcro/Desktop/Dog/dingo_ws/install/dingo_description/share/dingo_description/meshes
[3.239s] symbolically linking /home/vtcro/Desktop/Dog/dingo_ws/build/dingo_description/meshes/FL1_obj.obj -> /home/vtcro/Desktop/Dog/dingo_ws/install/dingo_description/share/dingo_description/meshes
[3.239s] symbolically linking /home/vtcro/Desktop/Dog/dingo_ws/build/dingo_description/meshes/L_link1_collision.STL -> /home/vtcro/Desktop/Dog/dingo_ws/install/dingo_description/share/dingo_description/meshes
[3.239s] symbolically linking /home/vtcro/Desktop/Dog/dingo_ws/build/dingo_description/meshes/body_obj.mtl -> /home/vtcro/Desktop/Dog/dingo_ws/install/dingo_description/share/dingo_description/meshes
[3.239s] symbolically linking /home/vtcro/Desktop/Dog/dingo_ws/build/dingo_description/meshes/L_link2.dae -> /home/vtcro/Desktop/Dog/dingo_ws/install/dingo_description/share/dingo_description/meshes
[3.239s] symbolically linking /home/vtcro/Desktop/Dog/dingo_ws/build/dingo_description/meshes/base_link.dae -> /home/vtcro/Desktop/Dog/dingo_ws/install/dingo_description/share/dingo_description/meshes
[3.239s] symbolically linking /home/vtcro/Desktop/Dog/dingo_ws/build/dingo_description/meshes/RL_link1.dae -> /home/vtcro/Desktop/Dog/dingo_ws/install/dingo_description/share/dingo_description/meshes
[3.239s] symbolically linking /home/vtcro/Desktop/Dog/dingo_ws/build/dingo_description/meshes/R_link1_collision.STL -> /home/vtcro/Desktop/Dog/dingo_ws/install/dingo_description/share/dingo_description/meshes
[3.239s] symbolically linking /home/vtcro/Desktop/Dog/dingo_ws/build/dingo_description/meshes/RR_link3.STL -> /home/vtcro/Desktop/Dog/dingo_ws/install/dingo_description/share/dingo_description/meshes
[3.239s] symbolically linking /home/vtcro/Desktop/Dog/dingo_ws/build/dingo_description/meshes/RL_link3.STL -> /home/vtcro/Desktop/Dog/dingo_ws/install/dingo_description/share/dingo_description/meshes
[3.239s] symbolically linking /home/vtcro/Desktop/Dog/dingo_ws/build/dingo_description/meshes/main.py -> /home/vtcro/Desktop/Dog/dingo_ws/install/dingo_description/share/dingo_description/meshes
[3.239s] symbolically linking /home/vtcro/Desktop/Dog/dingo_ws/build/dingo_description/meshes/FR1_obj.obj -> /home/vtcro/Desktop/Dog/dingo_ws/install/dingo_description/share/dingo_description/meshes
[3.239s] symbolically linking /home/vtcro/Desktop/Dog/dingo_ws/build/dingo_description/meshes/thread.jpg -> /home/vtcro/Desktop/Dog/dingo_ws/install/dingo_description/share/dingo_description/meshes
[3.239s] symbolically linking /home/vtcro/Desktop/Dog/dingo_ws/build/dingo_description/meshes/L2_obj.mtl -> /home/vtcro/Desktop/Dog/dingo_ws/install/dingo_description/share/dingo_description/meshes
[3.240s] symbolically linking /home/vtcro/Desktop/Dog/dingo_ws/build/dingo_description/meshes/FL_link4.STL -> /home/vtcro/Desktop/Dog/dingo_ws/install/dingo_description/share/dingo_description/meshes
[3.240s] symbolically linking /home/vtcro/Desktop/Dog/dingo_ws/build/dingo_description/meshes/L_link3_collision.STL -> /home/vtcro/Desktop/Dog/dingo_ws/install/dingo_description/share/dingo_description/meshes
[3.240s] symbolically linking /home/vtcro/Desktop/Dog/dingo_ws/build/dingo_description/meshes/FL_link1.dae -> /home/vtcro/Desktop/Dog/dingo_ws/install/dingo_description/share/dingo_description/meshes
[3.240s] symbolically linking /home/vtcro/Desktop/Dog/dingo_ws/build/dingo_description/meshes/RL_link2.STL -> /home/vtcro/Desktop/Dog/dingo_ws/install/dingo_description/share/dingo_description/meshes
[3.240s] symbolically linking /home/vtcro/Desktop/Dog/dingo_ws/build/dingo_description/meshes/R3_obj.mtl -> /home/vtcro/Desktop/Dog/dingo_ws/install/dingo_description/share/dingo_description/meshes
[3.240s] symbolically linking /home/vtcro/Desktop/Dog/dingo_ws/build/dingo_description/meshes/L_link3.dae -> /home/vtcro/Desktop/Dog/dingo_ws/install/dingo_description/share/dingo_description/meshes
[3.240s] symbolically linking /home/vtcro/Desktop/Dog/dingo_ws/build/dingo_description/meshes/RR_link4.STL -> /home/vtcro/Desktop/Dog/dingo_ws/install/dingo_description/share/dingo_description/meshes
[3.240s] creating /home/vtcro/Desktop/Dog/dingo_ws/install/dingo_description/share/dingo_description/config
[3.240s] symbolically linking /home/vtcro/Desktop/Dog/dingo_ws/build/dingo_description/config/display.rviz -> /home/vtcro/Desktop/Dog/dingo_ws/install/dingo_description/share/dingo_description/config
[3.240s] symbolically linking /home/vtcro/Desktop/Dog/dingo_ws/build/dingo_description/config/initial_positions.yaml -> /home/vtcro/Desktop/Dog/dingo_ws/install/dingo_description/share/dingo_description/config
[3.266s] Invoked command in '/home/vtcro/Desktop/Dog/dingo_ws/build/dingo_description' returned '0': DEBUGINFOD_URLS=https://debuginfod.ubuntu.com PS1=(ros2-venv) \[\e]0;\u@\h: \w\a\]${debian_chroot:+($debian_chroot)}\[\033[01;32m\]\u@\h\[\033[00m\]:\[\033[01;34m\]\w\[\033[00m\]\$ PYTHONPATH=/home/vtcro/Desktop/Dog/dingo_ws/build/dingo_description/prefix_override:/usr/lib/python3/dist-packages/colcon_core/task/python/colcon_distutils_commands:/home/vtcro/Desktop/Dog/dingo_ws/install/dingo_description/lib/python3.12/site-packages:${PYTHONPATH} VIRTUAL_ENV_PROMPT=(ros2-venv) /usr/bin/python3 -W ignore:setup.py install is deprecated -W ignore:easy_install command is deprecated setup.py develop --editable --build-directory /home/vtcro/Desktop/Dog/dingo_ws/build/dingo_description/build --no-deps symlink_data
