[4.839s] Invoking command in '/home/robogames/Desktop/Dog/dingo_ws/src/dingo': DEBUGINFOD_URLS=https://debuginfod.ubuntu.com PS1=(ros2_python_venv) \[\e]0;\u@\h: \w\a\]${debian_chroot:+($debian_chroot)}\[\033[01;32m\]\u@\h\[\033[00m\]:\[\033[01;34m\]\w\[\033[00m\]\$ PYTHONPATH=/home/robogames/Desktop/Dog/dingo_ws/build/dingo/prefix_override:/usr/lib/python3/dist-packages/colcon_core/task/python/colcon_distutils_commands:/home/robogames/Desktop/Dog/dingo_ws/install/dingo/lib/python3.12/site-packages:${PYTHONPATH} VIRTUAL_ENV_PROMPT=(ros2_python_venv) /usr/bin/python3 -W ignore:setup.py install is deprecated -W ignore:easy_install command is deprecated setup.py egg_info --egg-base ../../build/dingo build --build-base /home/robogames/Desktop/Dog/dingo_ws/build/dingo/build install --record /home/robogames/Desktop/Dog/dingo_ws/build/dingo/install.log --single-version-externally-managed install_data
[6.180s] running egg_info
[6.342s] writing ../../build/dingo/dingo.egg-info/PKG-INFO
[6.344s] writing dependency_links to ../../build/dingo/dingo.egg-info/dependency_links.txt
[6.346s] writing entry points to ../../build/dingo/dingo.egg-info/entry_points.txt
[6.348s] writing requirements to ../../build/dingo/dingo.egg-info/requires.txt
[6.349s] writing top-level names to ../../build/dingo/dingo.egg-info/top_level.txt
[6.519s] reading manifest file '../../build/dingo/dingo.egg-info/SOURCES.txt'
[6.520s] writing manifest file '../../build/dingo/dingo.egg-info/SOURCES.txt'
[6.522s] running build
[6.523s] running build_py
[6.527s] running install
[6.540s] running install_lib
[6.600s] running install_data
[6.600s] running install_egg_info
[6.709s] removing '/home/robogames/Desktop/Dog/dingo_ws/install/dingo/lib/python3.12/site-packages/dingo-0.0.0-py3.12.egg-info' (and everything under it)
[6.709s] Copying ../../build/dingo/dingo.egg-info to /home/robogames/Desktop/Dog/dingo_ws/install/dingo/lib/python3.12/site-packages/dingo-0.0.0-py3.12.egg-info
[6.720s] running install_scripts
[7.335s] Installing dingo_driver script to /home/robogames/Desktop/Dog/dingo_ws/install/dingo/lib/dingo
[7.339s] writing list of installed files to '/home/robogames/Desktop/Dog/dingo_ws/build/dingo/install.log'
[7.569s] Invoked command in '/home/robogames/Desktop/Dog/dingo_ws/src/dingo' returned '0': DEBUGINFOD_URLS=https://debuginfod.ubuntu.com PS1=(ros2_python_venv) \[\e]0;\u@\h: \w\a\]${debian_chroot:+($debian_chroot)}\[\033[01;32m\]\u@\h\[\033[00m\]:\[\033[01;34m\]\w\[\033[00m\]\$ PYTHONPATH=/home/robogames/Desktop/Dog/dingo_ws/build/dingo/prefix_override:/usr/lib/python3/dist-packages/colcon_core/task/python/colcon_distutils_commands:/home/robogames/Desktop/Dog/dingo_ws/install/dingo/lib/python3.12/site-packages:${PYTHONPATH} VIRTUAL_ENV_PROMPT=(ros2_python_venv) /usr/bin/python3 -W ignore:setup.py install is deprecated -W ignore:easy_install command is deprecated setup.py egg_info --egg-base ../../build/dingo build --build-base /home/robogames/Desktop/Dog/dingo_ws/build/dingo/build install --record /home/robogames/Desktop/Dog/dingo_ws/build/dingo/install.log --single-version-externally-managed install_data
