/home/robogames/Desktop/Dog/dingo_ws/install/dingo_control/lib/python3.12/site-packages/dingo_control/Kinematics.py
/home/robogames/Desktop/Dog/dingo_ws/install/dingo_control/lib/python3.12/site-packages/dingo_control/__init__.py
/home/robogames/Desktop/Dog/dingo_ws/install/dingo_control/lib/python3.12/site-packages/dingo_control/util.py
/home/robogames/Desktop/Dog/dingo_ws/install/dingo_control/lib/python3.12/site-packages/dingo_control/Config.py
/home/robogames/Desktop/Dog/dingo_ws/install/dingo_control/lib/python3.12/site-packages/dingo_control/SwingLegController.py
/home/robogames/Desktop/Dog/dingo_ws/install/dingo_control/lib/python3.12/site-packages/dingo_control/Controller.py
/home/robogames/Desktop/Dog/dingo_ws/install/dingo_control/lib/python3.12/site-packages/dingo_control/Gaits.py
/home/robogames/Desktop/Dog/dingo_ws/install/dingo_control/lib/python3.12/site-packages/dingo_control/StanceController.py
/home/robogames/Desktop/Dog/dingo_ws/install/dingo_control/lib/python3.12/site-packages/dingo_control/State.py
/home/robogames/Desktop/Dog/dingo_ws/install/dingo_control/lib/python3.12/site-packages/dingo_control/Command.py
/home/robogames/Desktop/Dog/dingo_ws/install/dingo_control/lib/python3.12/site-packages/dingo_control/__pycache__/Kinematics.cpython-312.pyc
/home/robogames/Desktop/Dog/dingo_ws/install/dingo_control/lib/python3.12/site-packages/dingo_control/__pycache__/__init__.cpython-312.pyc
/home/robogames/Desktop/Dog/dingo_ws/install/dingo_control/lib/python3.12/site-packages/dingo_control/__pycache__/util.cpython-312.pyc
/home/robogames/Desktop/Dog/dingo_ws/install/dingo_control/lib/python3.12/site-packages/dingo_control/__pycache__/Config.cpython-312.pyc
/home/robogames/Desktop/Dog/dingo_ws/install/dingo_control/lib/python3.12/site-packages/dingo_control/__pycache__/SwingLegController.cpython-312.pyc
/home/robogames/Desktop/Dog/dingo_ws/install/dingo_control/lib/python3.12/site-packages/dingo_control/__pycache__/Controller.cpython-312.pyc
/home/robogames/Desktop/Dog/dingo_ws/install/dingo_control/lib/python3.12/site-packages/dingo_control/__pycache__/Gaits.cpython-312.pyc
/home/robogames/Desktop/Dog/dingo_ws/install/dingo_control/lib/python3.12/site-packages/dingo_control/__pycache__/StanceController.cpython-312.pyc
/home/robogames/Desktop/Dog/dingo_ws/install/dingo_control/lib/python3.12/site-packages/dingo_control/__pycache__/State.cpython-312.pyc
/home/robogames/Desktop/Dog/dingo_ws/install/dingo_control/lib/python3.12/site-packages/dingo_control/__pycache__/Command.cpython-312.pyc
/home/robogames/Desktop/Dog/dingo_ws/install/dingo_control/share/dingo_control/package.xml
/home/robogames/Desktop/Dog/dingo_ws/install/dingo_control/share/dingo_control/launch
/home/robogames/Desktop/Dog/dingo_ws/install/dingo_control/share/ament_index/resource_index/packages/dingo_control
/home/robogames/Desktop/Dog/dingo_ws/install/dingo_control/lib/python3.12/site-packages/dingo_control-0.0.0-py3.12.egg-info/SOURCES.txt
/home/robogames/Desktop/Dog/dingo_ws/install/dingo_control/lib/python3.12/site-packages/dingo_control-0.0.0-py3.12.egg-info/top_level.txt
/home/robogames/Desktop/Dog/dingo_ws/install/dingo_control/lib/python3.12/site-packages/dingo_control-0.0.0-py3.12.egg-info/PKG-INFO
/home/robogames/Desktop/Dog/dingo_ws/install/dingo_control/lib/python3.12/site-packages/dingo_control-0.0.0-py3.12.egg-info/zip-safe
/home/robogames/Desktop/Dog/dingo_ws/install/dingo_control/lib/python3.12/site-packages/dingo_control-0.0.0-py3.12.egg-info/requires.txt
/home/robogames/Desktop/Dog/dingo_ws/install/dingo_control/lib/python3.12/site-packages/dingo_control-0.0.0-py3.12.egg-info/dependency_links.txt
