[5.115s] Invoking command in '/home/robogames/Desktop/Dog/dingo_ws/src/dingo_servo_interfacing': DEBUGINFOD_URLS=https://debuginfod.ubuntu.com PS1=(ros2_python_venv) \[\e]0;\u@\h: \w\a\]${debian_chroot:+($debian_chroot)}\[\033[01;32m\]\u@\h\[\033[00m\]:\[\033[01;34m\]\w\[\033[00m\]\$ PYTHONPATH=/home/robogames/Desktop/Dog/dingo_ws/build/dingo_servo_interfacing/prefix_override:/usr/lib/python3/dist-packages/colcon_core/task/python/colcon_distutils_commands:/home/robogames/Desktop/Dog/dingo_ws/install/dingo_servo_interfacing/lib/python3.12/site-packages:${PYTHONPATH} VIRTUAL_ENV_PROMPT=(ros2_python_venv) /usr/bin/python3 -W ignore:setup.py install is deprecated -W ignore:easy_install command is deprecated setup.py egg_info --egg-base ../../build/dingo_servo_interfacing build --build-base /home/robogames/Desktop/Dog/dingo_ws/build/dingo_servo_interfacing/build install --record /home/robogames/Desktop/Dog/dingo_ws/build/dingo_servo_interfacing/install.log --single-version-externally-managed
[6.069s] running egg_info
[6.156s] writing ../../build/dingo_servo_interfacing/dingo_servo_interfacing.egg-info/PKG-INFO
[6.161s] writing dependency_links to ../../build/dingo_servo_interfacing/dingo_servo_interfacing.egg-info/dependency_links.txt
[6.166s] writing requirements to ../../build/dingo_servo_interfacing/dingo_servo_interfacing.egg-info/requires.txt
[6.166s] writing top-level names to ../../build/dingo_servo_interfacing/dingo_servo_interfacing.egg-info/top_level.txt
[6.395s] reading manifest file '../../build/dingo_servo_interfacing/dingo_servo_interfacing.egg-info/SOURCES.txt'
[6.430s] writing manifest file '../../build/dingo_servo_interfacing/dingo_servo_interfacing.egg-info/SOURCES.txt'
[6.437s] running build
[6.437s] running build_py
[6.438s] copying src/dingo_servo_interfacing/HardwareInterfaceArduino.py -> /home/robogames/Desktop/Dog/dingo_ws/build/dingo_servo_interfacing/build/lib/dingo_servo_interfacing
[6.443s] running install
[6.494s] running install_lib
[6.612s] copying /home/robogames/Desktop/Dog/dingo_ws/build/dingo_servo_interfacing/build/lib/dingo_servo_interfacing/HardwareInterfaceArduino.py -> /home/robogames/Desktop/Dog/dingo_ws/install/dingo_servo_interfacing/lib/python3.12/site-packages/dingo_servo_interfacing
[6.619s] byte-compiling /home/robogames/Desktop/Dog/dingo_ws/install/dingo_servo_interfacing/lib/python3.12/site-packages/dingo_servo_interfacing/HardwareInterfaceArduino.py to HardwareInterfaceArduino.cpython-312.pyc
[6.628s] running install_egg_info
[6.727s] removing '/home/robogames/Desktop/Dog/dingo_ws/install/dingo_servo_interfacing/lib/python3.12/site-packages/dingo_servo_interfacing-0.0.0-py3.12.egg-info' (and everything under it)
[6.728s] Copying ../../build/dingo_servo_interfacing/dingo_servo_interfacing.egg-info to /home/robogames/Desktop/Dog/dingo_ws/install/dingo_servo_interfacing/lib/python3.12/site-packages/dingo_servo_interfacing-0.0.0-py3.12.egg-info
[6.741s] running install_scripts
[7.368s] writing list of installed files to '/home/robogames/Desktop/Dog/dingo_ws/build/dingo_servo_interfacing/install.log'
[7.576s] Invoked command in '/home/robogames/Desktop/Dog/dingo_ws/src/dingo_servo_interfacing' returned '0': DEBUGINFOD_URLS=https://debuginfod.ubuntu.com PS1=(ros2_python_venv) \[\e]0;\u@\h: \w\a\]${debian_chroot:+($debian_chroot)}\[\033[01;32m\]\u@\h\[\033[00m\]:\[\033[01;34m\]\w\[\033[00m\]\$ PYTHONPATH=/home/robogames/Desktop/Dog/dingo_ws/build/dingo_servo_interfacing/prefix_override:/usr/lib/python3/dist-packages/colcon_core/task/python/colcon_distutils_commands:/home/robogames/Desktop/Dog/dingo_ws/install/dingo_servo_interfacing/lib/python3.12/site-packages:${PYTHONPATH} VIRTUAL_ENV_PROMPT=(ros2_python_venv) /usr/bin/python3 -W ignore:setup.py install is deprecated -W ignore:easy_install command is deprecated setup.py egg_info --egg-base ../../build/dingo_servo_interfacing build --build-base /home/robogames/Desktop/Dog/dingo_ws/build/dingo_servo_interfacing/build install --record /home/robogames/Desktop/Dog/dingo_ws/build/dingo_servo_interfacing/install.log --single-version-externally-managed
