[4.827s] Invoking command in '/home/robogames/Desktop/Dog/dingo_ws/src/dingo_input_interfacing': DEBUGINFOD_URLS=https://debuginfod.ubuntu.com PS1=(ros2_python_venv) \[\e]0;\u@\h: \w\a\]${debian_chroot:+($debian_chroot)}\[\033[01;32m\]\u@\h\[\033[00m\]:\[\033[01;34m\]\w\[\033[00m\]\$ PYTHONPATH=/home/robogames/Desktop/Dog/dingo_ws/build/dingo_input_interfacing/prefix_override:/usr/lib/python3/dist-packages/colcon_core/task/python/colcon_distutils_commands:/home/robogames/Desktop/Dog/dingo_ws/install/dingo_input_interfacing/lib/python3.12/site-packages:${PYTHONPATH} VIRTUAL_ENV_PROMPT=(ros2_python_venv) /usr/bin/python3 -W ignore:setup.py install is deprecated -W ignore:easy_install command is deprecated setup.py egg_info --egg-base ../../build/dingo_input_interfacing build --build-base /home/robogames/Desktop/Dog/dingo_ws/build/dingo_input_interfacing/build install --record /home/robogames/Desktop/Dog/dingo_ws/build/dingo_input_interfacing/install.log --single-version-externally-managed
[6.370s] running egg_info
[6.475s] writing ../../build/dingo_input_interfacing/dingo_input_interfacing.egg-info/PKG-INFO
[6.476s] writing dependency_links to ../../build/dingo_input_interfacing/dingo_input_interfacing.egg-info/dependency_links.txt
[6.487s] writing requirements to ../../build/dingo_input_interfacing/dingo_input_interfacing.egg-info/requires.txt
[6.488s] writing top-level names to ../../build/dingo_input_interfacing/dingo_input_interfacing.egg-info/top_level.txt
[6.696s] reading manifest file '../../build/dingo_input_interfacing/dingo_input_interfacing.egg-info/SOURCES.txt'
[6.795s] writing manifest file '../../build/dingo_input_interfacing/dingo_input_interfacing.egg-info/SOURCES.txt'
[6.919s] running build
[6.919s] running build_py
[6.919s] copying src/dingo_input_interfacing/InputInterface.py -> /home/robogames/Desktop/Dog/dingo_ws/build/dingo_input_interfacing/build/lib/dingo_input_interfacing
[6.920s] running install
[6.939s] running install_lib
[7.009s] copying /home/robogames/Desktop/Dog/dingo_ws/build/dingo_input_interfacing/build/lib/dingo_input_interfacing/InputInterface.py -> /home/robogames/Desktop/Dog/dingo_ws/install/dingo_input_interfacing/lib/python3.12/site-packages/dingo_input_interfacing
[7.011s] byte-compiling /home/robogames/Desktop/Dog/dingo_ws/install/dingo_input_interfacing/lib/python3.12/site-packages/dingo_input_interfacing/InputInterface.py to InputInterface.cpython-312.pyc
[7.028s] running install_egg_info
[7.123s] removing '/home/robogames/Desktop/Dog/dingo_ws/install/dingo_input_interfacing/lib/python3.12/site-packages/dingo_input_interfacing-0.0.0-py3.12.egg-info' (and everything under it)
[7.123s] Copying ../../build/dingo_input_interfacing/dingo_input_interfacing.egg-info to /home/robogames/Desktop/Dog/dingo_ws/install/dingo_input_interfacing/lib/python3.12/site-packages/dingo_input_interfacing-0.0.0-py3.12.egg-info
[7.189s] running install_scripts
[7.868s] writing list of installed files to '/home/robogames/Desktop/Dog/dingo_ws/build/dingo_input_interfacing/install.log'
[8.104s] Invoked command in '/home/robogames/Desktop/Dog/dingo_ws/src/dingo_input_interfacing' returned '0': DEBUGINFOD_URLS=https://debuginfod.ubuntu.com PS1=(ros2_python_venv) \[\e]0;\u@\h: \w\a\]${debian_chroot:+($debian_chroot)}\[\033[01;32m\]\u@\h\[\033[00m\]:\[\033[01;34m\]\w\[\033[00m\]\$ PYTHONPATH=/home/robogames/Desktop/Dog/dingo_ws/build/dingo_input_interfacing/prefix_override:/usr/lib/python3/dist-packages/colcon_core/task/python/colcon_distutils_commands:/home/robogames/Desktop/Dog/dingo_ws/install/dingo_input_interfacing/lib/python3.12/site-packages:${PYTHONPATH} VIRTUAL_ENV_PROMPT=(ros2_python_venv) /usr/bin/python3 -W ignore:setup.py install is deprecated -W ignore:easy_install command is deprecated setup.py egg_info --egg-base ../../build/dingo_input_interfacing build --build-base /home/robogames/Desktop/Dog/dingo_ws/build/dingo_input_interfacing/build install --record /home/robogames/Desktop/Dog/dingo_ws/build/dingo_input_interfacing/install.log --single-version-externally-managed
