[1.029s] Invoking command in '/home/robogames/Desktop/Dog/dingo_ws/build/dingo_msgs': CMAKE_PREFIX_PATH=/home/robogames/Desktop/Dog/dingo_ws/install/dingo_msgs:/home/robogames/Dog/dingo_ws/install/dingo_msgs:/home/robogames/vt-cro/robogames_pi/car_robot_ws/install/yolov8_msgs:/home/robogames/vt-cro/robogames_pi/car_robot_ws/install/yolobot_recognition:/home/robogames/Desktop/Dog/dingo_ws/install/dingo_utilities:/home/robogames/Desktop/Dog/dingo_ws/install/dingo_servo_interfacing:/home/robogames/Desktop/Dog/dingo_ws/install/dingo_peripheral_interfacing:/home/robogames/Desktop/Dog/dingo_ws/install/dingo_input_interfacing:/home/robogames/Desktop/Dog/dingo_ws/install/dingo_gazebo:/home/robogames/Desktop/Dog/dingo_ws/install/dingo_description:/home/robogames/Desktop/Dog/dingo_ws/install/dingo_control:/home/robogames/Desktop/Dog/dingo_ws/install/dingo:/home/robogames/Dog/dingo_ws/install/dingo_utilities:/home/robogames/Dog/dingo_ws/install/dingo_servo_interfacing:/home/robogames/Dog/dingo_ws/install/dingo_peripheral_interfacing:/home/robogames/Dog/dingo_ws/install/dingo_input_interfacing:/home/robogames/Dog/dingo_ws/install/dingo_gazebo:/home/robogames/Dog/dingo_ws/install/dingo_description:/home/robogames/Dog/dingo_ws/install/dingo_control:/home/robogames/Dog/dingo_ws/install/dingo:/opt/ros/jazzy:/home/robogames/vt-cro/robogames_pi/car_robot_ws/install/serial:/home/robogames/vt-cro/robogames_pi/car_robot_ws/install/diffdrive_arduino:/home/robogames/vt-cro/robogames_pi/car_robot_ws/install/articubot_one:/opt/ros/jazzy/opt/gz_sim_vendor:/opt/ros/jazzy/opt/gz_sensors_vendor:/opt/ros/jazzy/opt/gz_physics_vendor:/opt/ros/jazzy/opt/sdformat_vendor:/opt/ros/jazzy/opt/gz_gui_vendor:/opt/ros/jazzy/opt/gz_transport_vendor:/opt/ros/jazzy/opt/gz_rendering_vendor:/opt/ros/jazzy/opt/gz_plugin_vendor:/opt/ros/jazzy/opt/gz_fuel_tools_vendor:/opt/ros/jazzy/opt/gz_msgs_vendor:/opt/ros/jazzy/opt/gz_common_vendor:/opt/ros/jazzy/opt/gz_math_vendor:/opt/ros/jazzy/opt/gz_utils_vendor:/opt/ros/jazzy/opt/gz_tools_vendor:/opt/ros/jazzy/opt/gz_ogre_next_vendor:/opt/ros/jazzy/opt/gz_dartsim_vendor:/opt/ros/jazzy/opt/gz_cmake_vendor DEBUGINFOD_URLS=https://debuginfod.ubuntu.com PS1=(ros2_python_venv) \[\e]0;\u@\h: \w\a\]${debian_chroot:+($debian_chroot)}\[\033[01;32m\]\u@\h\[\033[00m\]:\[\033[01;34m\]\w\[\033[00m\]\$ VIRTUAL_ENV_PROMPT=(ros2_python_venv) /usr/bin/cmake --build /home/robogames/Desktop/Dog/dingo_ws/build/dingo_msgs -- -j4 -l4
[1.350s] [  1%] Built target dingo_msgs__rosidl_generator_type_description
[1.405s] [  1%] Built target ament_cmake_python_copy_dingo_msgs
[1.551s] [ 20%] Built target dingo_msgs__cpp
[1.552s] [ 25%] Built target dingo_msgs__rosidl_generator_c
[1.728s] [ 34%] Built target dingo_msgs__rosidl_typesupport_introspection_c
[1.761s] [ 43%] Built target dingo_msgs__rosidl_typesupport_fastrtps_c
[1.812s] [ 53%] Built target dingo_msgs__rosidl_typesupport_c
[1.945s] [ 62%] Built target dingo_msgs__rosidl_typesupport_introspection_cpp
[2.006s] [ 71%] Built target dingo_msgs__rosidl_typesupport_fastrtps_cpp
[2.080s] [ 81%] Built target dingo_msgs__rosidl_typesupport_cpp
[2.242s] [ 81%] Built target dingo_msgs
[2.347s] [ 82%] Built target dingo_msgs__py
[2.440s] [ 90%] Built target dingo_msgs__rosidl_generator_py
[2.549s] [ 93%] Built target dingo_msgs_s__rosidl_typesupport_fastrtps_c
[2.617s] [ 96%] Built target dingo_msgs_s__rosidl_typesupport_c
[2.640s] [100%] Built target dingo_msgs_s__rosidl_typesupport_introspection_c
[2.824s] running egg_info
[2.967s] writing dingo_msgs.egg-info/PKG-INFO
[2.968s] writing dependency_links to dingo_msgs.egg-info/dependency_links.txt
[2.977s] writing top-level names to dingo_msgs.egg-info/top_level.txt
[3.333s] reading manifest file 'dingo_msgs.egg-info/SOURCES.txt'
[3.333s] writing manifest file 'dingo_msgs.egg-info/SOURCES.txt'
[3.742s] [100%] Built target ament_cmake_python_build_dingo_msgs_egg
[4.446s] Invoked command in '/home/robogames/Desktop/Dog/dingo_ws/build/dingo_msgs' returned '0': CMAKE_PREFIX_PATH=/home/robogames/Desktop/Dog/dingo_ws/install/dingo_msgs:/home/robogames/Dog/dingo_ws/install/dingo_msgs:/home/robogames/vt-cro/robogames_pi/car_robot_ws/install/yolov8_msgs:/home/robogames/vt-cro/robogames_pi/car_robot_ws/install/yolobot_recognition:/home/robogames/Desktop/Dog/dingo_ws/install/dingo_utilities:/home/robogames/Desktop/Dog/dingo_ws/install/dingo_servo_interfacing:/home/robogames/Desktop/Dog/dingo_ws/install/dingo_peripheral_interfacing:/home/robogames/Desktop/Dog/dingo_ws/install/dingo_input_interfacing:/home/robogames/Desktop/Dog/dingo_ws/install/dingo_gazebo:/home/robogames/Desktop/Dog/dingo_ws/install/dingo_description:/home/robogames/Desktop/Dog/dingo_ws/install/dingo_control:/home/robogames/Desktop/Dog/dingo_ws/install/dingo:/home/robogames/Dog/dingo_ws/install/dingo_utilities:/home/robogames/Dog/dingo_ws/install/dingo_servo_interfacing:/home/robogames/Dog/dingo_ws/install/dingo_peripheral_interfacing:/home/robogames/Dog/dingo_ws/install/dingo_input_interfacing:/home/robogames/Dog/dingo_ws/install/dingo_gazebo:/home/robogames/Dog/dingo_ws/install/dingo_description:/home/robogames/Dog/dingo_ws/install/dingo_control:/home/robogames/Dog/dingo_ws/install/dingo:/opt/ros/jazzy:/home/robogames/vt-cro/robogames_pi/car_robot_ws/install/serial:/home/robogames/vt-cro/robogames_pi/car_robot_ws/install/diffdrive_arduino:/home/robogames/vt-cro/robogames_pi/car_robot_ws/install/articubot_one:/opt/ros/jazzy/opt/gz_sim_vendor:/opt/ros/jazzy/opt/gz_sensors_vendor:/opt/ros/jazzy/opt/gz_physics_vendor:/opt/ros/jazzy/opt/sdformat_vendor:/opt/ros/jazzy/opt/gz_gui_vendor:/opt/ros/jazzy/opt/gz_transport_vendor:/opt/ros/jazzy/opt/gz_rendering_vendor:/opt/ros/jazzy/opt/gz_plugin_vendor:/opt/ros/jazzy/opt/gz_fuel_tools_vendor:/opt/ros/jazzy/opt/gz_msgs_vendor:/opt/ros/jazzy/opt/gz_common_vendor:/opt/ros/jazzy/opt/gz_math_vendor:/opt/ros/jazzy/opt/gz_utils_vendor:/opt/ros/jazzy/opt/gz_tools_vendor:/opt/ros/jazzy/opt/gz_ogre_next_vendor:/opt/ros/jazzy/opt/gz_dartsim_vendor:/opt/ros/jazzy/opt/gz_cmake_vendor DEBUGINFOD_URLS=https://debuginfod.ubuntu.com PS1=(ros2_python_venv) \[\e]0;\u@\h: \w\a\]${debian_chroot:+($debian_chroot)}\[\033[01;32m\]\u@\h\[\033[00m\]:\[\033[01;34m\]\w\[\033[00m\]\$ VIRTUAL_ENV_PROMPT=(ros2_python_venv) /usr/bin/cmake --build /home/robogames/Desktop/Dog/dingo_ws/build/dingo_msgs -- -j4 -l4
[4.586s] Invoking command in '/home/robogames/Desktop/Dog/dingo_ws/build/dingo_msgs': CMAKE_PREFIX_PATH=/home/robogames/Desktop/Dog/dingo_ws/install/dingo_msgs:/home/robogames/Dog/dingo_ws/install/dingo_msgs:/home/robogames/vt-cro/robogames_pi/car_robot_ws/install/yolov8_msgs:/home/robogames/vt-cro/robogames_pi/car_robot_ws/install/yolobot_recognition:/home/robogames/Desktop/Dog/dingo_ws/install/dingo_utilities:/home/robogames/Desktop/Dog/dingo_ws/install/dingo_servo_interfacing:/home/robogames/Desktop/Dog/dingo_ws/install/dingo_peripheral_interfacing:/home/robogames/Desktop/Dog/dingo_ws/install/dingo_input_interfacing:/home/robogames/Desktop/Dog/dingo_ws/install/dingo_gazebo:/home/robogames/Desktop/Dog/dingo_ws/install/dingo_description:/home/robogames/Desktop/Dog/dingo_ws/install/dingo_control:/home/robogames/Desktop/Dog/dingo_ws/install/dingo:/home/robogames/Dog/dingo_ws/install/dingo_utilities:/home/robogames/Dog/dingo_ws/install/dingo_servo_interfacing:/home/robogames/Dog/dingo_ws/install/dingo_peripheral_interfacing:/home/robogames/Dog/dingo_ws/install/dingo_input_interfacing:/home/robogames/Dog/dingo_ws/install/dingo_gazebo:/home/robogames/Dog/dingo_ws/install/dingo_description:/home/robogames/Dog/dingo_ws/install/dingo_control:/home/robogames/Dog/dingo_ws/install/dingo:/opt/ros/jazzy:/home/robogames/vt-cro/robogames_pi/car_robot_ws/install/serial:/home/robogames/vt-cro/robogames_pi/car_robot_ws/install/diffdrive_arduino:/home/robogames/vt-cro/robogames_pi/car_robot_ws/install/articubot_one:/opt/ros/jazzy/opt/gz_sim_vendor:/opt/ros/jazzy/opt/gz_sensors_vendor:/opt/ros/jazzy/opt/gz_physics_vendor:/opt/ros/jazzy/opt/sdformat_vendor:/opt/ros/jazzy/opt/gz_gui_vendor:/opt/ros/jazzy/opt/gz_transport_vendor:/opt/ros/jazzy/opt/gz_rendering_vendor:/opt/ros/jazzy/opt/gz_plugin_vendor:/opt/ros/jazzy/opt/gz_fuel_tools_vendor:/opt/ros/jazzy/opt/gz_msgs_vendor:/opt/ros/jazzy/opt/gz_common_vendor:/opt/ros/jazzy/opt/gz_math_vendor:/opt/ros/jazzy/opt/gz_utils_vendor:/opt/ros/jazzy/opt/gz_tools_vendor:/opt/ros/jazzy/opt/gz_ogre_next_vendor:/opt/ros/jazzy/opt/gz_dartsim_vendor:/opt/ros/jazzy/opt/gz_cmake_vendor DEBUGINFOD_URLS=https://debuginfod.ubuntu.com PS1=(ros2_python_venv) \[\e]0;\u@\h: \w\a\]${debian_chroot:+($debian_chroot)}\[\033[01;32m\]\u@\h\[\033[00m\]:\[\033[01;34m\]\w\[\033[00m\]\$ VIRTUAL_ENV_PROMPT=(ros2_python_venv) /usr/bin/cmake --install /home/robogames/Desktop/Dog/dingo_ws/build/dingo_msgs
[4.715s] -- Install configuration: ""
[4.715s] -- Up-to-date: /home/robogames/Desktop/Dog/dingo_ws/install/dingo_msgs/share/ament_index/resource_index/rosidl_interfaces/dingo_msgs
[4.730s] -- Up-to-date: /home/robogames/Desktop/Dog/dingo_ws/install/dingo_msgs/share/dingo_msgs/msg/ElectricalMeasurements.json
[4.734s] -- Up-to-date: /home/robogames/Desktop/Dog/dingo_ws/install/dingo_msgs/share/dingo_msgs/msg/Angle.json
[4.734s] -- Up-to-date: /home/robogames/Desktop/Dog/dingo_ws/install/dingo_msgs/share/dingo_msgs/msg/JointSpace.json
[4.734s] -- Up-to-date: /home/robogames/Desktop/Dog/dingo_ws/install/dingo_msgs/share/dingo_msgs/msg/TaskSpace.json
[4.734s] -- Up-to-date: /home/robogames/Desktop/Dog/dingo_ws/install/dingo_msgs/include/dingo_msgs/dingo_msgs
[4.734s] -- Up-to-date: /home/robogames/Desktop/Dog/dingo_ws/install/dingo_msgs/include/dingo_msgs/dingo_msgs/msg
[4.734s] -- Up-to-date: /home/robogames/Desktop/Dog/dingo_ws/install/dingo_msgs/include/dingo_msgs/dingo_msgs/msg/electrical_measurements.h
[4.735s] -- Up-to-date: /home/robogames/Desktop/Dog/dingo_ws/install/dingo_msgs/include/dingo_msgs/dingo_msgs/msg/joint_space.h
[4.735s] -- Up-to-date: /home/robogames/Desktop/Dog/dingo_ws/install/dingo_msgs/include/dingo_msgs/dingo_msgs/msg/angle.h
[4.735s] -- Up-to-date: /home/robogames/Desktop/Dog/dingo_ws/install/dingo_msgs/include/dingo_msgs/dingo_msgs/msg/detail
[4.735s] -- Up-to-date: /home/robogames/Desktop/Dog/dingo_ws/install/dingo_msgs/include/dingo_msgs/dingo_msgs/msg/detail/joint_space__struct.h
[4.735s] -- Up-to-date: /home/robogames/Desktop/Dog/dingo_ws/install/dingo_msgs/include/dingo_msgs/dingo_msgs/msg/detail/task_space__type_support.h
[4.735s] -- Up-to-date: /home/robogames/Desktop/Dog/dingo_ws/install/dingo_msgs/include/dingo_msgs/dingo_msgs/msg/detail/electrical_measurements__type_support.h
[4.747s] -- Up-to-date: /home/robogames/Desktop/Dog/dingo_ws/install/dingo_msgs/include/dingo_msgs/dingo_msgs/msg/detail/electrical_measurements__functions.c
[4.748s] -- Installing: /home/robogames/Desktop/Dog/dingo_ws/install/dingo_msgs/include/dingo_msgs/dingo_msgs/msg/detail/joint_space__type_support.c
[4.748s] -- Up-to-date: /home/robogames/Desktop/Dog/dingo_ws/install/dingo_msgs/include/dingo_msgs/dingo_msgs/msg/detail/angle__functions.h
[4.748s] -- Installing: /home/robogames/Desktop/Dog/dingo_ws/install/dingo_msgs/include/dingo_msgs/dingo_msgs/msg/detail/angle__type_support.c
[4.748s] -- Up-to-date: /home/robogames/Desktop/Dog/dingo_ws/install/dingo_msgs/include/dingo_msgs/dingo_msgs/msg/detail/angle__functions.c
[4.750s] -- Up-to-date: /home/robogames/Desktop/Dog/dingo_ws/install/dingo_msgs/include/dingo_msgs/dingo_msgs/msg/detail/angle__struct.h
[4.750s] -- Up-to-date: /home/robogames/Desktop/Dog/dingo_ws/install/dingo_msgs/include/dingo_msgs/dingo_msgs/msg/detail/angle__description.c
[4.750s] -- Installing: /home/robogames/Desktop/Dog/dingo_ws/install/dingo_msgs/include/dingo_msgs/dingo_msgs/msg/detail/task_space__type_support.c
[4.751s] -- Up-to-date: /home/robogames/Desktop/Dog/dingo_ws/install/dingo_msgs/include/dingo_msgs/dingo_msgs/msg/detail/task_space__description.c
[4.751s] -- Up-to-date: /home/robogames/Desktop/Dog/dingo_ws/install/dingo_msgs/include/dingo_msgs/dingo_msgs/msg/detail/electrical_measurements__functions.h
[4.768s] -- Up-to-date: /home/robogames/Desktop/Dog/dingo_ws/install/dingo_msgs/include/dingo_msgs/dingo_msgs/msg/detail/task_space__functions.h
[4.769s] -- Up-to-date: /home/robogames/Desktop/Dog/dingo_ws/install/dingo_msgs/include/dingo_msgs/dingo_msgs/msg/detail/joint_space__description.c
[4.769s] -- Up-to-date: /home/robogames/Desktop/Dog/dingo_ws/install/dingo_msgs/include/dingo_msgs/dingo_msgs/msg/detail/joint_space__type_support.h
[4.769s] -- Up-to-date: /home/robogames/Desktop/Dog/dingo_ws/install/dingo_msgs/include/dingo_msgs/dingo_msgs/msg/detail/task_space__functions.c
[4.769s] -- Installing: /home/robogames/Desktop/Dog/dingo_ws/install/dingo_msgs/include/dingo_msgs/dingo_msgs/msg/detail/electrical_measurements__type_support.c
[4.769s] -- Up-to-date: /home/robogames/Desktop/Dog/dingo_ws/install/dingo_msgs/include/dingo_msgs/dingo_msgs/msg/detail/joint_space__functions.c
[4.770s] -- Up-to-date: /home/robogames/Desktop/Dog/dingo_ws/install/dingo_msgs/include/dingo_msgs/dingo_msgs/msg/detail/electrical_measurements__description.c
[4.770s] -- Up-to-date: /home/robogames/Desktop/Dog/dingo_ws/install/dingo_msgs/include/dingo_msgs/dingo_msgs/msg/detail/angle__type_support.h
[4.771s] -- Up-to-date: /home/robogames/Desktop/Dog/dingo_ws/install/dingo_msgs/include/dingo_msgs/dingo_msgs/msg/detail/task_space__struct.h
[4.771s] -- Up-to-date: /home/robogames/Desktop/Dog/dingo_ws/install/dingo_msgs/include/dingo_msgs/dingo_msgs/msg/detail/electrical_measurements__struct.h
[4.771s] -- Up-to-date: /home/robogames/Desktop/Dog/dingo_ws/install/dingo_msgs/include/dingo_msgs/dingo_msgs/msg/detail/joint_space__functions.h
[4.771s] -- Up-to-date: /home/robogames/Desktop/Dog/dingo_ws/install/dingo_msgs/include/dingo_msgs/dingo_msgs/msg/rosidl_generator_c__visibility_control.h
[4.771s] -- Up-to-date: /home/robogames/Desktop/Dog/dingo_ws/install/dingo_msgs/include/dingo_msgs/dingo_msgs/msg/task_space.h
[4.782s] -- Up-to-date: /home/robogames/Desktop/Dog/dingo_ws/install/dingo_msgs/share/dingo_msgs/environment/library_path.sh
[4.783s] -- Up-to-date: /home/robogames/Desktop/Dog/dingo_ws/install/dingo_msgs/share/dingo_msgs/environment/library_path.dsv
[4.788s] -- Up-to-date: /home/robogames/Desktop/Dog/dingo_ws/install/dingo_msgs/lib/libdingo_msgs__rosidl_generator_c.so
[4.788s] -- Up-to-date: /home/robogames/Desktop/Dog/dingo_ws/install/dingo_msgs/include/dingo_msgs/dingo_msgs
[4.788s] -- Up-to-date: /home/robogames/Desktop/Dog/dingo_ws/install/dingo_msgs/include/dingo_msgs/dingo_msgs/msg
[4.798s] -- Up-to-date: /home/robogames/Desktop/Dog/dingo_ws/install/dingo_msgs/include/dingo_msgs/dingo_msgs/msg/rosidl_typesupport_fastrtps_c__visibility_control.h
[4.798s] -- Up-to-date: /home/robogames/Desktop/Dog/dingo_ws/install/dingo_msgs/include/dingo_msgs/dingo_msgs/msg/detail
[4.798s] -- Up-to-date: /home/robogames/Desktop/Dog/dingo_ws/install/dingo_msgs/include/dingo_msgs/dingo_msgs/msg/detail/task_space__rosidl_typesupport_fastrtps_c.h
[4.798s] -- Up-to-date: /home/robogames/Desktop/Dog/dingo_ws/install/dingo_msgs/include/dingo_msgs/dingo_msgs/msg/detail/joint_space__rosidl_typesupport_fastrtps_c.h
[4.798s] -- Up-to-date: /home/robogames/Desktop/Dog/dingo_ws/install/dingo_msgs/include/dingo_msgs/dingo_msgs/msg/detail/angle__rosidl_typesupport_fastrtps_c.h
[4.799s] -- Up-to-date: /home/robogames/Desktop/Dog/dingo_ws/install/dingo_msgs/include/dingo_msgs/dingo_msgs/msg/detail/electrical_measurements__rosidl_typesupport_fastrtps_c.h
[4.799s] -- Up-to-date: /home/robogames/Desktop/Dog/dingo_ws/install/dingo_msgs/lib/libdingo_msgs__rosidl_typesupport_fastrtps_c.so
[4.799s] -- Up-to-date: /home/robogames/Desktop/Dog/dingo_ws/install/dingo_msgs/include/dingo_msgs/dingo_msgs
[4.799s] -- Up-to-date: /home/robogames/Desktop/Dog/dingo_ws/install/dingo_msgs/include/dingo_msgs/dingo_msgs/msg
[4.799s] -- Up-to-date: /home/robogames/Desktop/Dog/dingo_ws/install/dingo_msgs/include/dingo_msgs/dingo_msgs/msg/rosidl_typesupport_introspection_c__visibility_control.h
[4.799s] -- Up-to-date: /home/robogames/Desktop/Dog/dingo_ws/install/dingo_msgs/include/dingo_msgs/dingo_msgs/msg/detail
[4.799s] -- Installing: /home/robogames/Desktop/Dog/dingo_ws/install/dingo_msgs/include/dingo_msgs/dingo_msgs/msg/detail/joint_space__type_support.c
[4.799s] -- Installing: /home/robogames/Desktop/Dog/dingo_ws/install/dingo_msgs/include/dingo_msgs/dingo_msgs/msg/detail/angle__type_support.c
[4.800s] -- Up-to-date: /home/robogames/Desktop/Dog/dingo_ws/install/dingo_msgs/include/dingo_msgs/dingo_msgs/msg/detail/electrical_measurements__rosidl_typesupport_introspection_c.h
[4.800s] -- Installing: /home/robogames/Desktop/Dog/dingo_ws/install/dingo_msgs/include/dingo_msgs/dingo_msgs/msg/detail/task_space__type_support.c
[4.808s] -- Up-to-date: /home/robogames/Desktop/Dog/dingo_ws/install/dingo_msgs/include/dingo_msgs/dingo_msgs/msg/detail/joint_space__rosidl_typesupport_introspection_c.h
[4.808s] -- Up-to-date: /home/robogames/Desktop/Dog/dingo_ws/install/dingo_msgs/include/dingo_msgs/dingo_msgs/msg/detail/angle__rosidl_typesupport_introspection_c.h
[4.820s] -- Installing: /home/robogames/Desktop/Dog/dingo_ws/install/dingo_msgs/include/dingo_msgs/dingo_msgs/msg/detail/electrical_measurements__type_support.c
[4.820s] -- Up-to-date: /home/robogames/Desktop/Dog/dingo_ws/install/dingo_msgs/include/dingo_msgs/dingo_msgs/msg/detail/task_space__rosidl_typesupport_introspection_c.h
[4.820s] -- Up-to-date: /home/robogames/Desktop/Dog/dingo_ws/install/dingo_msgs/lib/libdingo_msgs__rosidl_typesupport_introspection_c.so
[4.820s] -- Up-to-date: /home/robogames/Desktop/Dog/dingo_ws/install/dingo_msgs/lib/libdingo_msgs__rosidl_typesupport_c.so
[4.821s] -- Up-to-date: /home/robogames/Desktop/Dog/dingo_ws/install/dingo_msgs/include/dingo_msgs/dingo_msgs
[4.821s] -- Up-to-date: /home/robogames/Desktop/Dog/dingo_ws/install/dingo_msgs/include/dingo_msgs/dingo_msgs/msg
[4.821s] -- Up-to-date: /home/robogames/Desktop/Dog/dingo_ws/install/dingo_msgs/include/dingo_msgs/dingo_msgs/msg/task_space.hpp
[4.838s] -- Up-to-date: /home/robogames/Desktop/Dog/dingo_ws/install/dingo_msgs/include/dingo_msgs/dingo_msgs/msg/rosidl_generator_cpp__visibility_control.hpp
[4.838s] -- Up-to-date: /home/robogames/Desktop/Dog/dingo_ws/install/dingo_msgs/include/dingo_msgs/dingo_msgs/msg/detail
[4.838s] -- Up-to-date: /home/robogames/Desktop/Dog/dingo_ws/install/dingo_msgs/include/dingo_msgs/dingo_msgs/msg/detail/electrical_measurements__builder.hpp
[4.838s] -- Up-to-date: /home/robogames/Desktop/Dog/dingo_ws/install/dingo_msgs/include/dingo_msgs/dingo_msgs/msg/detail/task_space__traits.hpp
[4.839s] -- Up-to-date: /home/robogames/Desktop/Dog/dingo_ws/install/dingo_msgs/include/dingo_msgs/dingo_msgs/msg/detail/electrical_measurements__struct.hpp
[4.839s] -- Up-to-date: /home/robogames/Desktop/Dog/dingo_ws/install/dingo_msgs/include/dingo_msgs/dingo_msgs/msg/detail/task_space__builder.hpp
[4.839s] -- Up-to-date: /home/robogames/Desktop/Dog/dingo_ws/install/dingo_msgs/include/dingo_msgs/dingo_msgs/msg/detail/angle__traits.hpp
[4.839s] -- Up-to-date: /home/robogames/Desktop/Dog/dingo_ws/install/dingo_msgs/include/dingo_msgs/dingo_msgs/msg/detail/angle__struct.hpp
[4.839s] -- Up-to-date: /home/robogames/Desktop/Dog/dingo_ws/install/dingo_msgs/include/dingo_msgs/dingo_msgs/msg/detail/electrical_measurements__traits.hpp
[4.839s] -- Up-to-date: /home/robogames/Desktop/Dog/dingo_ws/install/dingo_msgs/include/dingo_msgs/dingo_msgs/msg/detail/task_space__type_support.hpp
[4.840s] -- Up-to-date: /home/robogames/Desktop/Dog/dingo_ws/install/dingo_msgs/include/dingo_msgs/dingo_msgs/msg/detail/joint_space__struct.hpp
[4.840s] -- Up-to-date: /home/robogames/Desktop/Dog/dingo_ws/install/dingo_msgs/include/dingo_msgs/dingo_msgs/msg/detail/angle__builder.hpp
[4.840s] -- Up-to-date: /home/robogames/Desktop/Dog/dingo_ws/install/dingo_msgs/include/dingo_msgs/dingo_msgs/msg/detail/angle__type_support.hpp
[4.840s] -- Up-to-date: /home/robogames/Desktop/Dog/dingo_ws/install/dingo_msgs/include/dingo_msgs/dingo_msgs/msg/detail/joint_space__builder.hpp
[4.860s] -- Up-to-date: /home/robogames/Desktop/Dog/dingo_ws/install/dingo_msgs/include/dingo_msgs/dingo_msgs/msg/detail/task_space__struct.hpp
[4.867s] -- Up-to-date: /home/robogames/Desktop/Dog/dingo_ws/install/dingo_msgs/include/dingo_msgs/dingo_msgs/msg/detail/electrical_measurements__type_support.hpp
[4.868s] -- Up-to-date: /home/robogames/Desktop/Dog/dingo_ws/install/dingo_msgs/include/dingo_msgs/dingo_msgs/msg/detail/joint_space__type_support.hpp
[4.874s] -- Up-to-date: /home/robogames/Desktop/Dog/dingo_ws/install/dingo_msgs/include/dingo_msgs/dingo_msgs/msg/detail/joint_space__traits.hpp
[4.874s] -- Up-to-date: /home/robogames/Desktop/Dog/dingo_ws/install/dingo_msgs/include/dingo_msgs/dingo_msgs/msg/angle.hpp
[4.874s] -- Up-to-date: /home/robogames/Desktop/Dog/dingo_ws/install/dingo_msgs/include/dingo_msgs/dingo_msgs/msg/joint_space.hpp
[4.874s] -- Up-to-date: /home/robogames/Desktop/Dog/dingo_ws/install/dingo_msgs/include/dingo_msgs/dingo_msgs/msg/electrical_measurements.hpp
[4.874s] -- Up-to-date: /home/robogames/Desktop/Dog/dingo_ws/install/dingo_msgs/include/dingo_msgs/dingo_msgs
[4.874s] -- Up-to-date: /home/robogames/Desktop/Dog/dingo_ws/install/dingo_msgs/include/dingo_msgs/dingo_msgs/msg
[4.875s] -- Up-to-date: /home/robogames/Desktop/Dog/dingo_ws/install/dingo_msgs/include/dingo_msgs/dingo_msgs/msg/rosidl_typesupport_fastrtps_cpp__visibility_control.h
[4.875s] -- Up-to-date: /home/robogames/Desktop/Dog/dingo_ws/install/dingo_msgs/include/dingo_msgs/dingo_msgs/msg/detail
[4.875s] -- Up-to-date: /home/robogames/Desktop/Dog/dingo_ws/install/dingo_msgs/include/dingo_msgs/dingo_msgs/msg/detail/task_space__rosidl_typesupport_fastrtps_cpp.hpp
[4.875s] -- Up-to-date: /home/robogames/Desktop/Dog/dingo_ws/install/dingo_msgs/include/dingo_msgs/dingo_msgs/msg/detail/angle__rosidl_typesupport_fastrtps_cpp.hpp
[4.883s] -- Up-to-date: /home/robogames/Desktop/Dog/dingo_ws/install/dingo_msgs/include/dingo_msgs/dingo_msgs/msg/detail/dds_fastrtps
[4.884s] -- Up-to-date: /home/robogames/Desktop/Dog/dingo_ws/install/dingo_msgs/include/dingo_msgs/dingo_msgs/msg/detail/electrical_measurements__rosidl_typesupport_fastrtps_cpp.hpp
[4.884s] -- Up-to-date: /home/robogames/Desktop/Dog/dingo_ws/install/dingo_msgs/include/dingo_msgs/dingo_msgs/msg/detail/joint_space__rosidl_typesupport_fastrtps_cpp.hpp
[4.884s] -- Up-to-date: /home/robogames/Desktop/Dog/dingo_ws/install/dingo_msgs/lib/libdingo_msgs__rosidl_typesupport_fastrtps_cpp.so
[4.885s] -- Up-to-date: /home/robogames/Desktop/Dog/dingo_ws/install/dingo_msgs/include/dingo_msgs/dingo_msgs
[4.885s] -- Up-to-date: /home/robogames/Desktop/Dog/dingo_ws/install/dingo_msgs/include/dingo_msgs/dingo_msgs/msg
[4.885s] -- Up-to-date: /home/robogames/Desktop/Dog/dingo_ws/install/dingo_msgs/include/dingo_msgs/dingo_msgs/msg/detail
[4.885s] -- Up-to-date: /home/robogames/Desktop/Dog/dingo_ws/install/dingo_msgs/include/dingo_msgs/dingo_msgs/msg/detail/task_space__rosidl_typesupport_introspection_cpp.hpp
[4.885s] -- Up-to-date: /home/robogames/Desktop/Dog/dingo_ws/install/dingo_msgs/include/dingo_msgs/dingo_msgs/msg/detail/joint_space__rosidl_typesupport_introspection_cpp.hpp
[4.885s] -- Up-to-date: /home/robogames/Desktop/Dog/dingo_ws/install/dingo_msgs/include/dingo_msgs/dingo_msgs/msg/detail/task_space__type_support.cpp
[4.886s] -- Up-to-date: /home/robogames/Desktop/Dog/dingo_ws/install/dingo_msgs/include/dingo_msgs/dingo_msgs/msg/detail/angle__rosidl_typesupport_introspection_cpp.hpp
[4.886s] -- Up-to-date: /home/robogames/Desktop/Dog/dingo_ws/install/dingo_msgs/include/dingo_msgs/dingo_msgs/msg/detail/angle__type_support.cpp
[4.893s] -- Up-to-date: /home/robogames/Desktop/Dog/dingo_ws/install/dingo_msgs/include/dingo_msgs/dingo_msgs/msg/detail/joint_space__type_support.cpp
[4.893s] -- Up-to-date: /home/robogames/Desktop/Dog/dingo_ws/install/dingo_msgs/include/dingo_msgs/dingo_msgs/msg/detail/electrical_measurements__rosidl_typesupport_introspection_cpp.hpp
[4.894s] -- Up-to-date: /home/robogames/Desktop/Dog/dingo_ws/install/dingo_msgs/include/dingo_msgs/dingo_msgs/msg/detail/electrical_measurements__type_support.cpp
[4.894s] -- Up-to-date: /home/robogames/Desktop/Dog/dingo_ws/install/dingo_msgs/lib/libdingo_msgs__rosidl_typesupport_introspection_cpp.so
[4.894s] -- Up-to-date: /home/robogames/Desktop/Dog/dingo_ws/install/dingo_msgs/lib/libdingo_msgs__rosidl_typesupport_cpp.so
[4.894s] -- Up-to-date: /home/robogames/Desktop/Dog/dingo_ws/install/dingo_msgs/share/dingo_msgs/environment/pythonpath.sh
[4.894s] -- Up-to-date: /home/robogames/Desktop/Dog/dingo_ws/install/dingo_msgs/share/dingo_msgs/environment/pythonpath.dsv
[4.894s] -- Up-to-date: /home/robogames/Desktop/Dog/dingo_ws/install/dingo_msgs/lib/python3.12/site-packages/dingo_msgs-0.0.0-py3.12.egg-info
[4.895s] -- Installing: /home/robogames/Desktop/Dog/dingo_ws/install/dingo_msgs/lib/python3.12/site-packages/dingo_msgs-0.0.0-py3.12.egg-info/SOURCES.txt
[4.900s] -- Installing: /home/robogames/Desktop/Dog/dingo_ws/install/dingo_msgs/lib/python3.12/site-packages/dingo_msgs-0.0.0-py3.12.egg-info/top_level.txt
[4.901s] -- Installing: /home/robogames/Desktop/Dog/dingo_ws/install/dingo_msgs/lib/python3.12/site-packages/dingo_msgs-0.0.0-py3.12.egg-info/PKG-INFO
[4.901s] -- Installing: /home/robogames/Desktop/Dog/dingo_ws/install/dingo_msgs/lib/python3.12/site-packages/dingo_msgs-0.0.0-py3.12.egg-info/dependency_links.txt
[4.901s] -- Up-to-date: /home/robogames/Desktop/Dog/dingo_ws/install/dingo_msgs/lib/python3.12/site-packages/dingo_msgs
[4.901s] -- Up-to-date: /home/robogames/Desktop/Dog/dingo_ws/install/dingo_msgs/lib/python3.12/site-packages/dingo_msgs/__init__.py
[4.902s] -- Up-to-date: /home/robogames/Desktop/Dog/dingo_ws/install/dingo_msgs/lib/python3.12/site-packages/dingo_msgs/msg
[4.902s] -- Up-to-date: /home/robogames/Desktop/Dog/dingo_ws/install/dingo_msgs/lib/python3.12/site-packages/dingo_msgs/msg/__init__.py
[4.902s] -- Up-to-date: /home/robogames/Desktop/Dog/dingo_ws/install/dingo_msgs/lib/python3.12/site-packages/dingo_msgs/msg/_angle_s.c
[4.902s] -- Up-to-date: /home/robogames/Desktop/Dog/dingo_ws/install/dingo_msgs/lib/python3.12/site-packages/dingo_msgs/msg/_electrical_measurements_s.c
[4.902s] -- Up-to-date: /home/robogames/Desktop/Dog/dingo_ws/install/dingo_msgs/lib/python3.12/site-packages/dingo_msgs/msg/_task_space_s.c
[4.903s] -- Up-to-date: /home/robogames/Desktop/Dog/dingo_ws/install/dingo_msgs/lib/python3.12/site-packages/dingo_msgs/msg/_joint_space_s.c
[4.903s] -- Up-to-date: /home/robogames/Desktop/Dog/dingo_ws/install/dingo_msgs/lib/python3.12/site-packages/dingo_msgs/msg/_electrical_measurements.py
[4.908s] -- Up-to-date: /home/robogames/Desktop/Dog/dingo_ws/install/dingo_msgs/lib/python3.12/site-packages/dingo_msgs/msg/_angle.py
[4.909s] -- Up-to-date: /home/robogames/Desktop/Dog/dingo_ws/install/dingo_msgs/lib/python3.12/site-packages/dingo_msgs/msg/_task_space.py
[4.909s] -- Up-to-date: /home/robogames/Desktop/Dog/dingo_ws/install/dingo_msgs/lib/python3.12/site-packages/dingo_msgs/msg/_joint_space.py
[4.909s] -- Up-to-date: /home/robogames/Desktop/Dog/dingo_ws/install/dingo_msgs/lib/python3.12/site-packages/dingo_msgs/_dingo_msgs_s.ep.rosidl_typesupport_introspection_c.c
[4.910s] -- Up-to-date: /home/robogames/Desktop/Dog/dingo_ws/install/dingo_msgs/lib/python3.12/site-packages/dingo_msgs/_dingo_msgs_s.ep.rosidl_typesupport_fastrtps_c.c
[4.910s] -- Up-to-date: /home/robogames/Desktop/Dog/dingo_ws/install/dingo_msgs/lib/python3.12/site-packages/dingo_msgs/dingo_msgs_s__rosidl_typesupport_introspection_c.so
[4.910s] -- Up-to-date: /home/robogames/Desktop/Dog/dingo_ws/install/dingo_msgs/lib/python3.12/site-packages/dingo_msgs/_dingo_msgs_s.ep.rosidl_typesupport_c.c
[4.910s] -- Up-to-date: /home/robogames/Desktop/Dog/dingo_ws/install/dingo_msgs/lib/python3.12/site-packages/dingo_msgs/dingo_msgs_s__rosidl_typesupport_c.so
[4.910s] -- Up-to-date: /home/robogames/Desktop/Dog/dingo_ws/install/dingo_msgs/lib/python3.12/site-packages/dingo_msgs/dingo_msgs_s__rosidl_typesupport_fastrtps_c.so
[5.018s] Listing '/home/robogames/Desktop/Dog/dingo_ws/install/dingo_msgs/lib/python3.12/site-packages/dingo_msgs'...
[5.019s] Listing '/home/robogames/Desktop/Dog/dingo_ws/install/dingo_msgs/lib/python3.12/site-packages/dingo_msgs/msg'...
[5.050s] -- Up-to-date: /home/robogames/Desktop/Dog/dingo_ws/install/dingo_msgs/lib/python3.12/site-packages/dingo_msgs/dingo_msgs_s__rosidl_typesupport_fastrtps_c.so
[5.050s] -- Up-to-date: /home/robogames/Desktop/Dog/dingo_ws/install/dingo_msgs/lib/python3.12/site-packages/dingo_msgs/dingo_msgs_s__rosidl_typesupport_introspection_c.so
[5.051s] -- Up-to-date: /home/robogames/Desktop/Dog/dingo_ws/install/dingo_msgs/lib/python3.12/site-packages/dingo_msgs/dingo_msgs_s__rosidl_typesupport_c.so
[5.053s] -- Up-to-date: /home/robogames/Desktop/Dog/dingo_ws/install/dingo_msgs/lib/libdingo_msgs__rosidl_generator_py.so
[5.055s] -- Up-to-date: /home/robogames/Desktop/Dog/dingo_ws/install/dingo_msgs/share/dingo_msgs/msg/ElectricalMeasurements.idl
[5.056s] -- Up-to-date: /home/robogames/Desktop/Dog/dingo_ws/install/dingo_msgs/share/dingo_msgs/msg/Angle.idl
[5.059s] -- Up-to-date: /home/robogames/Desktop/Dog/dingo_ws/install/dingo_msgs/share/dingo_msgs/msg/JointSpace.idl
[5.059s] -- Up-to-date: /home/robogames/Desktop/Dog/dingo_ws/install/dingo_msgs/share/dingo_msgs/msg/TaskSpace.idl
[5.062s] -- Up-to-date: /home/robogames/Desktop/Dog/dingo_ws/install/dingo_msgs/share/dingo_msgs/msg/ElectricalMeasurements.msg
[5.062s] -- Up-to-date: /home/robogames/Desktop/Dog/dingo_ws/install/dingo_msgs/share/dingo_msgs/msg/Angle.msg
[5.063s] -- Up-to-date: /home/robogames/Desktop/Dog/dingo_ws/install/dingo_msgs/share/dingo_msgs/msg/JointSpace.msg
[5.063s] -- Up-to-date: /home/robogames/Desktop/Dog/dingo_ws/install/dingo_msgs/share/dingo_msgs/msg/TaskSpace.msg
[5.063s] -- Up-to-date: /home/robogames/Desktop/Dog/dingo_ws/install/dingo_msgs/share/ament_index/resource_index/package_run_dependencies/dingo_msgs
[5.063s] -- Up-to-date: /home/robogames/Desktop/Dog/dingo_ws/install/dingo_msgs/share/ament_index/resource_index/parent_prefix_path/dingo_msgs
[5.066s] -- Up-to-date: /home/robogames/Desktop/Dog/dingo_ws/install/dingo_msgs/share/dingo_msgs/environment/ament_prefix_path.sh
[5.067s] -- Up-to-date: /home/robogames/Desktop/Dog/dingo_ws/install/dingo_msgs/share/dingo_msgs/environment/ament_prefix_path.dsv
[5.067s] -- Up-to-date: /home/robogames/Desktop/Dog/dingo_ws/install/dingo_msgs/share/dingo_msgs/environment/path.sh
[5.068s] -- Up-to-date: /home/robogames/Desktop/Dog/dingo_ws/install/dingo_msgs/share/dingo_msgs/environment/path.dsv
[5.068s] -- Up-to-date: /home/robogames/Desktop/Dog/dingo_ws/install/dingo_msgs/share/dingo_msgs/local_setup.bash
[5.068s] -- Up-to-date: /home/robogames/Desktop/Dog/dingo_ws/install/dingo_msgs/share/dingo_msgs/local_setup.sh
[5.068s] -- Up-to-date: /home/robogames/Desktop/Dog/dingo_ws/install/dingo_msgs/share/dingo_msgs/local_setup.zsh
[5.068s] -- Up-to-date: /home/robogames/Desktop/Dog/dingo_ws/install/dingo_msgs/share/dingo_msgs/local_setup.dsv
[5.072s] -- Installing: /home/robogames/Desktop/Dog/dingo_ws/install/dingo_msgs/share/dingo_msgs/package.dsv
[5.091s] -- Up-to-date: /home/robogames/Desktop/Dog/dingo_ws/install/dingo_msgs/share/ament_index/resource_index/packages/dingo_msgs
[5.091s] -- Up-to-date: /home/robogames/Desktop/Dog/dingo_ws/install/dingo_msgs/share/dingo_msgs/cmake/export_dingo_msgs__rosidl_generator_cExport.cmake
[5.091s] -- Up-to-date: /home/robogames/Desktop/Dog/dingo_ws/install/dingo_msgs/share/dingo_msgs/cmake/export_dingo_msgs__rosidl_generator_cExport-noconfig.cmake
[5.107s] -- Up-to-date: /home/robogames/Desktop/Dog/dingo_ws/install/dingo_msgs/share/dingo_msgs/cmake/export_dingo_msgs__rosidl_typesupport_fastrtps_cExport.cmake
[5.107s] -- Up-to-date: /home/robogames/Desktop/Dog/dingo_ws/install/dingo_msgs/share/dingo_msgs/cmake/export_dingo_msgs__rosidl_typesupport_fastrtps_cExport-noconfig.cmake
[5.108s] -- Up-to-date: /home/robogames/Desktop/Dog/dingo_ws/install/dingo_msgs/share/dingo_msgs/cmake/dingo_msgs__rosidl_typesupport_introspection_cExport.cmake
[5.108s] -- Up-to-date: /home/robogames/Desktop/Dog/dingo_ws/install/dingo_msgs/share/dingo_msgs/cmake/dingo_msgs__rosidl_typesupport_introspection_cExport-noconfig.cmake
[5.108s] -- Up-to-date: /home/robogames/Desktop/Dog/dingo_ws/install/dingo_msgs/share/dingo_msgs/cmake/dingo_msgs__rosidl_typesupport_cExport.cmake
[5.108s] -- Up-to-date: /home/robogames/Desktop/Dog/dingo_ws/install/dingo_msgs/share/dingo_msgs/cmake/dingo_msgs__rosidl_typesupport_cExport-noconfig.cmake
[5.108s] -- Up-to-date: /home/robogames/Desktop/Dog/dingo_ws/install/dingo_msgs/share/dingo_msgs/cmake/export_dingo_msgs__rosidl_generator_cppExport.cmake
[5.109s] -- Up-to-date: /home/robogames/Desktop/Dog/dingo_ws/install/dingo_msgs/share/dingo_msgs/cmake/export_dingo_msgs__rosidl_typesupport_fastrtps_cppExport.cmake
[5.109s] -- Up-to-date: /home/robogames/Desktop/Dog/dingo_ws/install/dingo_msgs/share/dingo_msgs/cmake/export_dingo_msgs__rosidl_typesupport_fastrtps_cppExport-noconfig.cmake
[5.109s] -- Up-to-date: /home/robogames/Desktop/Dog/dingo_ws/install/dingo_msgs/share/dingo_msgs/cmake/dingo_msgs__rosidl_typesupport_introspection_cppExport.cmake
[5.109s] -- Up-to-date: /home/robogames/Desktop/Dog/dingo_ws/install/dingo_msgs/share/dingo_msgs/cmake/dingo_msgs__rosidl_typesupport_introspection_cppExport-noconfig.cmake
[5.109s] -- Up-to-date: /home/robogames/Desktop/Dog/dingo_ws/install/dingo_msgs/share/dingo_msgs/cmake/dingo_msgs__rosidl_typesupport_cppExport.cmake
[5.109s] -- Up-to-date: /home/robogames/Desktop/Dog/dingo_ws/install/dingo_msgs/share/dingo_msgs/cmake/dingo_msgs__rosidl_typesupport_cppExport-noconfig.cmake
[5.117s] -- Up-to-date: /home/robogames/Desktop/Dog/dingo_ws/install/dingo_msgs/share/dingo_msgs/cmake/export_dingo_msgs__rosidl_generator_pyExport.cmake
[5.119s] -- Up-to-date: /home/robogames/Desktop/Dog/dingo_ws/install/dingo_msgs/share/dingo_msgs/cmake/export_dingo_msgs__rosidl_generator_pyExport-noconfig.cmake
[5.123s] -- Up-to-date: /home/robogames/Desktop/Dog/dingo_ws/install/dingo_msgs/share/dingo_msgs/cmake/rosidl_cmake-extras.cmake
[5.123s] -- Up-to-date: /home/robogames/Desktop/Dog/dingo_ws/install/dingo_msgs/share/dingo_msgs/cmake/ament_cmake_export_dependencies-extras.cmake
[5.123s] -- Up-to-date: /home/robogames/Desktop/Dog/dingo_ws/install/dingo_msgs/share/dingo_msgs/cmake/ament_cmake_export_include_directories-extras.cmake
[5.123s] -- Up-to-date: /home/robogames/Desktop/Dog/dingo_ws/install/dingo_msgs/share/dingo_msgs/cmake/ament_cmake_export_libraries-extras.cmake
[5.123s] -- Up-to-date: /home/robogames/Desktop/Dog/dingo_ws/install/dingo_msgs/share/dingo_msgs/cmake/ament_cmake_export_targets-extras.cmake
[5.138s] -- Up-to-date: /home/robogames/Desktop/Dog/dingo_ws/install/dingo_msgs/share/dingo_msgs/cmake/rosidl_cmake_export_typesupport_targets-extras.cmake
[5.140s] -- Up-to-date: /home/robogames/Desktop/Dog/dingo_ws/install/dingo_msgs/share/dingo_msgs/cmake/rosidl_cmake_export_typesupport_libraries-extras.cmake
[5.142s] -- Up-to-date: /home/robogames/Desktop/Dog/dingo_ws/install/dingo_msgs/share/dingo_msgs/cmake/dingo_msgsConfig.cmake
[5.142s] -- Up-to-date: /home/robogames/Desktop/Dog/dingo_ws/install/dingo_msgs/share/dingo_msgs/cmake/dingo_msgsConfig-version.cmake
[5.142s] -- Up-to-date: /home/robogames/Desktop/Dog/dingo_ws/install/dingo_msgs/share/dingo_msgs/package.xml
[5.143s] Invoked command in '/home/robogames/Desktop/Dog/dingo_ws/build/dingo_msgs' returned '0': CMAKE_PREFIX_PATH=/home/robogames/Desktop/Dog/dingo_ws/install/dingo_msgs:/home/robogames/Dog/dingo_ws/install/dingo_msgs:/home/robogames/vt-cro/robogames_pi/car_robot_ws/install/yolov8_msgs:/home/robogames/vt-cro/robogames_pi/car_robot_ws/install/yolobot_recognition:/home/robogames/Desktop/Dog/dingo_ws/install/dingo_utilities:/home/robogames/Desktop/Dog/dingo_ws/install/dingo_servo_interfacing:/home/robogames/Desktop/Dog/dingo_ws/install/dingo_peripheral_interfacing:/home/robogames/Desktop/Dog/dingo_ws/install/dingo_input_interfacing:/home/robogames/Desktop/Dog/dingo_ws/install/dingo_gazebo:/home/robogames/Desktop/Dog/dingo_ws/install/dingo_description:/home/robogames/Desktop/Dog/dingo_ws/install/dingo_control:/home/robogames/Desktop/Dog/dingo_ws/install/dingo:/home/robogames/Dog/dingo_ws/install/dingo_utilities:/home/robogames/Dog/dingo_ws/install/dingo_servo_interfacing:/home/robogames/Dog/dingo_ws/install/dingo_peripheral_interfacing:/home/robogames/Dog/dingo_ws/install/dingo_input_interfacing:/home/robogames/Dog/dingo_ws/install/dingo_gazebo:/home/robogames/Dog/dingo_ws/install/dingo_description:/home/robogames/Dog/dingo_ws/install/dingo_control:/home/robogames/Dog/dingo_ws/install/dingo:/opt/ros/jazzy:/home/robogames/vt-cro/robogames_pi/car_robot_ws/install/serial:/home/robogames/vt-cro/robogames_pi/car_robot_ws/install/diffdrive_arduino:/home/robogames/vt-cro/robogames_pi/car_robot_ws/install/articubot_one:/opt/ros/jazzy/opt/gz_sim_vendor:/opt/ros/jazzy/opt/gz_sensors_vendor:/opt/ros/jazzy/opt/gz_physics_vendor:/opt/ros/jazzy/opt/sdformat_vendor:/opt/ros/jazzy/opt/gz_gui_vendor:/opt/ros/jazzy/opt/gz_transport_vendor:/opt/ros/jazzy/opt/gz_rendering_vendor:/opt/ros/jazzy/opt/gz_plugin_vendor:/opt/ros/jazzy/opt/gz_fuel_tools_vendor:/opt/ros/jazzy/opt/gz_msgs_vendor:/opt/ros/jazzy/opt/gz_common_vendor:/opt/ros/jazzy/opt/gz_math_vendor:/opt/ros/jazzy/opt/gz_utils_vendor:/opt/ros/jazzy/opt/gz_tools_vendor:/opt/ros/jazzy/opt/gz_ogre_next_vendor:/opt/ros/jazzy/opt/gz_dartsim_vendor:/opt/ros/jazzy/opt/gz_cmake_vendor DEBUGINFOD_URLS=https://debuginfod.ubuntu.com PS1=(ros2_python_venv) \[\e]0;\u@\h: \w\a\]${debian_chroot:+($debian_chroot)}\[\033[01;32m\]\u@\h\[\033[00m\]:\[\033[01;34m\]\w\[\033[00m\]\$ VIRTUAL_ENV_PROMPT=(ros2_python_venv) /usr/bin/cmake --install /home/robogames/Desktop/Dog/dingo_ws/build/dingo_msgs
